Archive member included to satisfy reference by file (symbol)

C:/Users/david/scoop/apps/gcc-arm-none-eabi/15.2.rel1/bin/../lib/gcc/arm-none-eabi/15.2.1/thumb/v6-m/nofp\libgcc.a(_dvmd_tls.o)
                              CMakeFiles/pico_oscilloscope.dir/C_/pico/pico-sdk/src/rp2_common/pico_divider/divider_hardware.S.obj (__aeabi_idiv0)
C:/Users/david/scoop/apps/gcc-arm-none-eabi/15.2.rel1/bin/../lib/gcc/arm-none-eabi/15.2.1/../../../../arm-none-eabi/lib/thumb/v6-m/nofp\libg.a(libc_a-atoi.o)
                              CMakeFiles/pico_oscilloscope.dir/C_/pico/pico-sdk/lib/lwip/src/core/netif.c.obj (atoi)
C:/Users/david/scoop/apps/gcc-arm-none-eabi/15.2.rel1/bin/../lib/gcc/arm-none-eabi/15.2.1/../../../../arm-none-eabi/lib/thumb/v6-m/nofp\libg.a(libc_a-calloc.o)
                              CMakeFiles/pico_oscilloscope.dir/C_/pico/pico-sdk/src/rp2_common/pico_malloc/malloc.c.obj (calloc)
C:/Users/david/scoop/apps/gcc-arm-none-eabi/15.2.rel1/bin/../lib/gcc/arm-none-eabi/15.2.1/../../../../arm-none-eabi/lib/thumb/v6-m/nofp\libg.a(libc_a-callocr.o)
                              C:/Users/david/scoop/apps/gcc-arm-none-eabi/15.2.rel1/bin/../lib/gcc/arm-none-eabi/15.2.1/../../../../arm-none-eabi/lib/thumb/v6-m/nofp\libg.a(libc_a-calloc.o) (_calloc_r)
C:/Users/david/scoop/apps/gcc-arm-none-eabi/15.2.rel1/bin/../lib/gcc/arm-none-eabi/15.2.1/../../../../arm-none-eabi/lib/thumb/v6-m/nofp\libg.a(libc_a-malloc.o)
                              CMakeFiles/pico_oscilloscope.dir/C_/pico/pico-sdk/src/rp2_common/pico_malloc/malloc.c.obj (malloc)
C:/Users/david/scoop/apps/gcc-arm-none-eabi/15.2.rel1/bin/../lib/gcc/arm-none-eabi/15.2.1/../../../../arm-none-eabi/lib/thumb/v6-m/nofp\libg.a(libc_a-mallocr.o)
                              C:/Users/david/scoop/apps/gcc-arm-none-eabi/15.2.rel1/bin/../lib/gcc/arm-none-eabi/15.2.1/../../../../arm-none-eabi/lib/thumb/v6-m/nofp\libg.a(libc_a-callocr.o) (_malloc_r)
C:/Users/david/scoop/apps/gcc-arm-none-eabi/15.2.rel1/bin/../lib/gcc/arm-none-eabi/15.2.1/../../../../arm-none-eabi/lib/thumb/v6-m/nofp\libg.a(libc_a-mlock.o)
                              C:/Users/david/scoop/apps/gcc-arm-none-eabi/15.2.rel1/bin/../lib/gcc/arm-none-eabi/15.2.1/../../../../arm-none-eabi/lib/thumb/v6-m/nofp\libg.a(libc_a-mallocr.o) (__malloc_lock)
C:/Users/david/scoop/apps/gcc-arm-none-eabi/15.2.rel1/bin/../lib/gcc/arm-none-eabi/15.2.1/../../../../arm-none-eabi/lib/thumb/v6-m/nofp\libg.a(libc_a-realloc.o)
                              CMakeFiles/pico_oscilloscope.dir/C_/pico/pico-sdk/src/rp2_common/pico_malloc/malloc.c.obj (realloc)
C:/Users/david/scoop/apps/gcc-arm-none-eabi/15.2.rel1/bin/../lib/gcc/arm-none-eabi/15.2.1/../../../../arm-none-eabi/lib/thumb/v6-m/nofp\libg.a(libc_a-reallocr.o)
                              C:/Users/david/scoop/apps/gcc-arm-none-eabi/15.2.rel1/bin/../lib/gcc/arm-none-eabi/15.2.1/../../../../arm-none-eabi/lib/thumb/v6-m/nofp\libg.a(libc_a-realloc.o) (_realloc_r)
C:/Users/david/scoop/apps/gcc-arm-none-eabi/15.2.rel1/bin/../lib/gcc/arm-none-eabi/15.2.1/../../../../arm-none-eabi/lib/thumb/v6-m/nofp\libg.a(libc_a-strtol.o)
                              C:/Users/david/scoop/apps/gcc-arm-none-eabi/15.2.rel1/bin/../lib/gcc/arm-none-eabi/15.2.1/../../../../arm-none-eabi/lib/thumb/v6-m/nofp\libg.a(libc_a-atoi.o) (_strtol_r)
C:/Users/david/scoop/apps/gcc-arm-none-eabi/15.2.rel1/bin/../lib/gcc/arm-none-eabi/15.2.1/../../../../arm-none-eabi/lib/thumb/v6-m/nofp\libg.a(libc_a-ctype_.o)
                              CMakeFiles/pico_oscilloscope.dir/C_/pico/pico-sdk/lib/lwip/src/core/dns.c.obj (_ctype_)
C:/Users/david/scoop/apps/gcc-arm-none-eabi/15.2.rel1/bin/../lib/gcc/arm-none-eabi/15.2.1/../../../../arm-none-eabi/lib/thumb/v6-m/nofp\libg.a(libc_a-memcmp.o)
                              CMakeFiles/pico_oscilloscope.dir/C_/pico/pico-sdk/src/rp2_common/pico_atomic/atomic.c.obj (memcmp)
C:/Users/david/scoop/apps/gcc-arm-none-eabi/15.2.rel1/bin/../lib/gcc/arm-none-eabi/15.2.1/../../../../arm-none-eabi/lib/thumb/v6-m/nofp\libg.a(libc_a-memmove.o)
                              CMakeFiles/pico_oscilloscope.dir/C_/pico/pico-sdk/lib/lwip/src/core/def.c.obj (memmove)
C:/Users/david/scoop/apps/gcc-arm-none-eabi/15.2.rel1/bin/../lib/gcc/arm-none-eabi/15.2.1/../../../../arm-none-eabi/lib/thumb/v6-m/nofp\libg.a(libc_a-strncmp.o)
                              CMakeFiles/pico_oscilloscope.dir/C_/pico/pico-sdk/lib/lwip/src/core/def.c.obj (strncmp)
C:/Users/david/scoop/apps/gcc-arm-none-eabi/15.2.rel1/bin/../lib/gcc/arm-none-eabi/15.2.1/../../../../arm-none-eabi/lib/thumb/v6-m/nofp\libg.a(libc_a-lcltime_r.o)
                              CMakeFiles/pico_oscilloscope.dir/C_/pico/pico-sdk/src/common/pico_util/datetime.c.obj (localtime_r)
C:/Users/david/scoop/apps/gcc-arm-none-eabi/15.2.rel1/bin/../lib/gcc/arm-none-eabi/15.2.1/../../../../arm-none-eabi/lib/thumb/v6-m/nofp\libg.a(libc_a-mktime.o)
[...]
Memory Configuration

Name             Origin             Length             Attributes
FLASH            0x10000000         0x00200000         xr
RAM              0x20000000         0x00040000         xrw
SCRATCH_X        0x20040000         0x00001000         xrw
SCRATCH_Y        0x20041000         0x00001000         xrw
*default*        0x00000000         0xffffffff

Linker script and memory map

LOAD C:/Users/david/scoop/apps/gcc-arm-none-eabi/15.2.rel1/bin/../lib/gcc/arm-none-eabi/15.2.1/thumb/v6-m/nofp/crti.o
LOAD C:/Users/david/scoop/apps/gcc-arm-none-eabi/15.2.rel1/bin/../lib/gcc/arm-none-eabi/15.2.1/thumb/v6-m/nofp/crtbegin.o
LOAD C:/Users/david/scoop/apps/gcc-arm-none-eabi/15.2.rel1/bin/../lib/gcc/arm-none-eabi/15.2.1/../../../../arm-none-eabi/lib/thumb/v6-m/nofp/crt0.o

.flash_begin    0x10000000        0x0
                0x10000000                        __flash_binary_start = .

.boot2          0x10000000      0x100
                0x10000000                        __boot2_start__ = .
 *(.boot2)
 .boot2         0x10000000      0x100 pico-sdk/src/rp2040/boot_stage2/CMakeFiles/bs2_default_library.dir/./bs2_default_padded_checksummed.S.obj
                0x10000100                        __boot2_end__ = .
                0x00000001                        ASSERT (((__boot2_end__ - __boot2_start__) == 0x100), ERROR: Pico second stage bootloader must be 256 bytes in size)

.text           0x10000100    0x1554c
                0x10000100                        __logical_binary_start = .
 *(.vectors)
 .vectors       0x10000100       0xd4 CMakeFiles/pico_oscilloscope.dir/C_/pico/pico-sdk/src/rp2_common/pico_crt0/crt0.S.obj
                0x10000100                __VECTOR_TABLE
                0x10000100                __vectors
                0x100001c0                isr_irq13
                0x100001c0                isr_irq27
                0x100001c0                isr_irq31
                0x100001c0                isr_irq12
                0x100001c0                isr_irq5
                0x100001c0                isr_irq11
                0x100001c0                isr_irq3
                0x100001c0                isr_irq23
                0x100001c0                __unhandled_user_irq
                0x100001c0                isr_irq26
                0x100001c0                isr_irq28
                0x100001c0                isr_irq19
                0x100001c0                isr_irq0
                0x100001c0                isr_irq6
                0x100001c0                isr_irq29
                0x100001c0                isr_irq16
                0x100001c0                isr_irq22
                0x100001c0                isr_irq18
                0x100001c0                isr_irq17
                0x100001c0                isr_irq14
                0x100001c0                __vectors_end
                0x100001c0                __default_isrs_start
                0x100001c0                isr_irq2
                0x100001c0                isr_irq10
                0x100001c0                isr_irq8
                0x100001c0                isr_irq24
                0x100001c0                isr_irq1
                0x100001c0                isr_irq7
                0x100001c0                isr_irq21
                0x100001c0                isr_irq20
                0x100001c0                isr_irq15
                0x100001c0                isr_irq25
                0x100001c0                isr_irq4
                0x100001c0                isr_irq30
                0x100001c0                isr_irq9
                0x100001c6                unhandled_user_irq_num_in_r0
                0x100001c8                isr_invalid
                0x100001ca                isr_nmi
                0x100001cc                isr_hardfault
                0x100001ce                isr_svcall
                0x100001d0                isr_pendsv
                0x100001d2                isr_systick
                0x100001d4                __default_isrs_end
 *(.binary_info_header)
 .binary_info_header
                0x100001d4       0x14 CMakeFiles/pico_oscilloscope.dir/C_/pico/pico-sdk/src/rp2_common/pico_crt0/crt0.S.obj
                0x100001e8                        __binary_info_header_end = .
 *(.embedded_block)
                0x100001e8                        __embedded_block_end = .
 *(.reset)
 .reset         0x100001e8       0x9c CMakeFiles/pico_oscilloscope.dir/C_/pico/pico-sdk/src/rp2_common/pico_crt0/crt0.S.obj
                0x100001e8                _entry_point
 *(.init)
 .init          0x10000284        0x4 C:/Users/david/scoop/apps/gcc-arm-none-eabi/15.2.rel1/bin/../lib/gcc/arm-none-eabi/15.2.1/thumb/v6-m/nofp/crti.o
                0x10000284                _init
 *(EXCLUDE_FILE(*libm.a: *libc.a:*lib_a-mem*.o *libgcc.a:) .text*)
 .text.register_tm_clones
                0x10000288       0x28 C:/Users/david/scoop/apps/gcc-arm-none-eabi/15.2.rel1/bin/../lib/gcc/arm-none-eabi/15.2.1/thumb/v6-m/nofp/crtbegin.o
 .text.frame_dummy
                0x100002b0       0x24 C:/Users/david/scoop/apps/gcc-arm-none-eabi/15.2.rel1/bin/../lib/gcc/arm-none-eabi/15.2.1/thumb/v6-m/nofp/crtbegin.o
 .text.startup.main
                0x100002d4       0x94 CMakeFiles/pico_oscilloscope.dir/main.cpp.obj
                0x100002d4                main
 .text.gpio_set_function
                0x10000368       0x30 CMakeFiles/pico_oscilloscope.dir/C_/pico/pico-sdk/src/rp2_common/hardware_gpio/gpio.c.obj
                0x10000368                gpio_set_function
 .text.gpio_set_pulls
                0x10000398       0x24 CMakeFiles/pico_oscilloscope.dir/C_/pico/pico-sdk/src/rp2_common/hardware_gpio/gpio.c.obj
                0x10000398                gpio_set_pulls
 .text.gpio_set_input_hysteresis_enabled
                0x100003bc       0x24 CMakeFiles/pico_oscilloscope.dir/C_/pico/pico-sdk/src/rp2_common/hardware_gpio/gpio.c.obj
                0x100003bc                gpio_set_input_hysteresis_enabled
 .text.gpio_set_irq_enabled
                0x100003e0       0x54 CMakeFiles/pico_oscilloscope.dir/C_/pico/pico-sdk/src/rp2_common/hardware_gpio/gpio.c.obj
                0x100003e0                gpio_set_irq_enabled
 .text.gpio_add_raw_irq_handler_with_order_priority_masked
                0x10000434       0x40 CMakeFiles/pico_oscilloscope.dir/C_/pico/pico-sdk/src/rp2_common/hardware_gpio/gpio.c.obj
                0x10000434                gpio_add_raw_irq_handler_with_order_priority_masked
 .text.gpio_remove_raw_irq_handler_masked
                0x10000474       0x20 CMakeFiles/pico_oscilloscope.dir/C_/pico/pico-sdk/src/rp2_common/hardware_gpio/gpio.c.obj
                0x10000474                gpio_remove_raw_irq_handler_masked
 .text.gpio_init
                0x10000494       0x3c CMakeFiles/pico_oscilloscope.dir/C_/pico/pico-sdk/src/rp2_common/hardware_gpio/gpio.c.obj
                0x10000494                gpio_init
 .text.rp2040_chip_version
                0x100004d0        0xc CMakeFiles/pico_oscilloscope.dir/C_/pico/pico-sdk/src/rp2040/pico_platform/platform.c.obj
                0x100004d0                rp2040_chip_version
 .text.panic    0x100004dc       0x30 CMakeFiles/pico_oscilloscope.dir/C_/pico/pico-sdk/src/rp2_common/pico_platform_panic/panic.c.obj
                0x100004dc                panic
 .text.hw_claim_lock
                0x1000050c       0x18 CMakeFiles/pico_oscilloscope.dir/C_/pico/pico-sdk/src/common/hardware_claim/claim.c.obj
                0x1000050c                hw_claim_lock
 .text.hw_claim_unlock
                0x10000524       0x14 CMakeFiles/pico_oscilloscope.dir/C_/pico/pico-sdk/src/common/hardware_claim/claim.c.obj
                0x10000524                hw_claim_unlock
 .text.hw_claim_or_assert
                0x10000538       0x50 CMakeFiles/pico_oscilloscope.dir/C_/pico/pico-sdk/src/common/hardware_claim/claim.c.obj
                0x10000538                hw_claim_or_assert
 .text.hw_claim_unused_from_range
                0x10000588       0x88 CMakeFiles/pico_oscilloscope.dir/C_/pico/pico-sdk/src/common/hardware_claim/claim.c.obj
                0x10000588                hw_claim_unused_from_range
 .text.hw_claim_clear
                0x10000610       0x40 CMakeFiles/pico_oscilloscope.dir/C_/pico/pico-sdk/src/common/hardware_claim/claim.c.obj
                0x10000610                hw_claim_clear
 .text.next_striped_spin_lock_num
                0x10000650       0x18 CMakeFiles/pico_oscilloscope.dir/C_/pico/pico-sdk/src/rp2_common/hardware_sync/sync.c.obj
                0x10000650                next_striped_spin_lock_num
 .text.spin_lock_claim_unused
                0x10000668       0x20 CMakeFiles/pico_oscilloscope.dir/C_/pico/pico-sdk/src/rp2_common/hardware_sync/sync.c.obj
                0x10000668                spin_lock_claim_unused
 .text.spin_locks_reset
                0x10000688       0x1c CMakeFiles/pico_oscilloscope.dir/C_/pico/pico-sdk/src/rp2_common/hardware_sync_spin_lock/sync_spin_lock.c.obj
                0x10000688                spin_locks_reset
 .text.runtime_init_per_core_irq_priorities
                0x100006a4       0x48 CMakeFiles/pico_oscilloscope.dir/C_/pico/pico-sdk/src/rp2_common/hardware_irq/irq.c.obj
                0x100006a4                runtime_init_per_core_irq_priorities
 .text.irq_set_enabled
                0x100006ec       0x24 CMakeFiles/pico_oscilloscope.dir/C_/pico/pico-sdk/src/rp2_common/hardware_irq/irq.c.obj
                0x100006ec                irq_set_enabled
 .text.irq_is_enabled
                0x10000710       0x18 CMakeFiles/pico_oscilloscope.dir/C_/pico/pico-sdk/src/rp2_common/hardware_irq/irq.c.obj
                0x10000710                irq_is_enabled
 .text.irq_set_pending
                0x10000728       0x10 CMakeFiles/pico_oscilloscope.dir/C_/pico/pico-sdk/src/rp2_common/hardware_irq/irq.c.obj
                0x10000728                irq_set_pending
 .text.irq_has_shared_handler
                0x10000738       0x20 CMakeFiles/pico_oscilloscope.dir/C_/pico/pico-sdk/src/rp2_common/hardware_irq/irq.c.obj
                0x10000738                irq_has_shared_handler
 .text.irq_set_exclusive_handler
                0x10000758       0x54 CMakeFiles/pico_oscilloscope.dir/C_/pico/pico-sdk/src/rp2_common/hardware_irq/irq.c.obj
                0x10000758                irq_set_exclusive_handler
 .text.irq_add_shared_handler
                0x100007ac      0x1cc CMakeFiles/pico_oscilloscope.dir/C_/pico/pico-sdk/src/rp2_common/hardware_irq/irq.c.obj
                0x100007ac                irq_add_shared_handler
 .text.irq_remove_handler
                0x10000978      0x1c8 CMakeFiles/pico_oscilloscope.dir/C_/pico/pico-sdk/src/rp2_common/hardware_irq/irq.c.obj
                0x10000978                irq_remove_handler
 .text.irq_add_tail_to_free_list
                0x10000b40       0xb4 CMakeFiles/pico_oscilloscope.dir/C_/pico/pico-sdk/src/rp2_common/hardware_irq/irq.c.obj
                0x10000b40                irq_add_tail_to_free_list
 .text.user_irq_claim_unused
                0x10000bf4       0x28 CMakeFiles/pico_oscilloscope.dir/C_/pico/pico-sdk/src/rp2_common/hardware_irq/irq.c.obj
                0x10000bf4                user_irq_claim_unused
 .text.sem_init
                0x10000c1c       0x20 CMakeFiles/pico_oscilloscope.dir/C_/pico/pico-sdk/src/common/pico_sync/sem.c.obj
                0x10000c1c                sem_init
 .text.lock_init
                0x10000c3c       0x10 CMakeFiles/pico_oscilloscope.dir/C_/pico/pico-sdk/src/common/pico_sync/lock_core.c.obj
                0x10000c3c                lock_init
 .text.runtime_init_mutex
                0x10000c4c       0x50 CMakeFiles/pico_oscilloscope.dir/C_/pico/pico-sdk/src/common/pico_sync/mutex.c.obj
                0x10000c4c                runtime_init_mutex
 .text.mutex_init
                0x10000c9c       0x1c CMakeFiles/pico_oscilloscope.dir/C_/pico/pico-sdk/src/common/pico_sync/mutex.c.obj
                0x10000c9c                mutex_init
 .text.critical_section_init
                0x10000cb8       0x1c CMakeFiles/pico_oscilloscope.dir/C_/pico/pico-sdk/src/common/pico_sync/critical_section.c.obj
                0x10000cb8                critical_section_init
 .text.critical_section_init_with_lock_num
                0x10000cd4       0x14 CMakeFiles/pico_oscilloscope.dir/C_/pico/pico-sdk/src/common/pico_sync/critical_section.c.obj
                0x10000cd4                critical_section_init_with_lock_num
 .text.sleep_until_callback
                0x10000ce8       0x30 CMakeFiles/pico_oscilloscope.dir/C_/pico/pico-sdk/src/common/pico_time/time.c.obj
 .text.alarm_pool_irq_handler
                0x10000d18      0x2f4 CMakeFiles/pico_oscilloscope.dir/C_/pico/pico-sdk/src/common/pico_time/time.c.obj
 .text.runtime_init_default_alarm_pool
                0x1000100c       0xd8 CMakeFiles/pico_oscilloscope.dir/C_/pico/pico-sdk/src/common/pico_time/time.c.obj
                0x1000100c                runtime_init_default_alarm_pool
 .text.alarm_pool_get_default
                0x100010e4        0x8 CMakeFiles/pico_oscilloscope.dir/C_/pico/pico-sdk/src/common/pico_time/time.c.obj
                0x100010e4                alarm_pool_get_default
 .text.alarm_pool_add_alarm_at
                0x100010ec       0xcc CMakeFiles/pico_oscilloscope.dir/C_/pico/pico-sdk/src/common/pico_time/time.c.obj
                0x100010ec                alarm_pool_add_alarm_at
 .text.alarm_pool_add_alarm_at_force_in_context
                0x100011b8       0xbc CMakeFiles/pico_oscilloscope.dir/C_/pico/pico-sdk/src/common/pico_time/time.c.obj
                0x100011b8                alarm_pool_add_alarm_at_force_in_context
 .text.alarm_pool_cancel_alarm
                0x10001274       0x74 CMakeFiles/pico_oscilloscope.dir/C_/pico/pico-sdk/src/common/pico_time/time.c.obj
                0x10001274                alarm_pool_cancel_alarm
 .text.alarm_pool_core_num
                0x100012e8        0x4 CMakeFiles/pico_oscilloscope.dir/C_/pico/pico-sdk/src/common/pico_time/time.c.obj
                0x100012e8                alarm_pool_core_num
 .text.sleep_until
                0x100012ec       0xc8 CMakeFiles/pico_oscilloscope.dir/C_/pico/pico-sdk/src/common/pico_time/time.c.obj
                0x100012ec                sleep_until
 .text.sleep_ms
                0x100013b4       0xfc CMakeFiles/pico_oscilloscope.dir/C_/pico/pico-sdk/src/common/pico_time/time.c.obj
                0x100013b4                sleep_ms
 .text.best_effort_wfe_or_timeout
                0x100014b0      0x100 CMakeFiles/pico_oscilloscope.dir/C_/pico/pico-sdk/src/common/pico_time/time.c.obj
                0x100014b0                best_effort_wfe_or_timeout
 .text.timer_hardware_alarm_claim
                0x100015b0       0x14 CMakeFiles/pico_oscilloscope.dir/C_/pico/pico-sdk/src/rp2_common/hardware_timer/timer.c.obj
                0x100015b0                timer_hardware_alarm_claim
 .text.timer_time_us_64
                0x100015c4       0x10 CMakeFiles/pico_oscilloscope.dir/C_/pico/pico-sdk/src/rp2_common/hardware_timer/timer.c.obj
                0x100015c4                timer_time_us_64
 .text.time_us_64
                0x100015d4       0x14 CMakeFiles/pico_oscilloscope.dir/C_/pico/pico-sdk/src/rp2_common/hardware_timer/timer.c.obj
                0x100015d4                time_us_64
 .text.busy_wait_until
                0x100015e8       0x20 CMakeFiles/pico_oscilloscope.dir/C_/pico/pico-sdk/src/rp2_common/hardware_timer/timer.c.obj
                0x100015e8                busy_wait_until
 .text.clock_configure_int_divider
                0x10001608       0xec CMakeFiles/pico_oscilloscope.dir/C_/pico/pico-sdk/src/rp2_common/hardware_clocks/clocks.c.obj
                0x10001608                clock_configure_int_divider
 .text.clock_configure_undivided
                0x100016f4       0xe0 CMakeFiles/pico_oscilloscope.dir/C_/pico/pico-sdk/src/rp2_common/hardware_clocks/clocks.c.obj
                0x100016f4                clock_configure_undivided
 .text.clock_get_hz
                0x100017d4        0xc CMakeFiles/pico_oscilloscope.dir/C_/pico/pico-sdk/src/rp2_common/hardware_clocks/clocks.c.obj
                0x100017d4                clock_get_hz
 .text.pll_init
                0x100017e0       0xb0 CMakeFiles/pico_oscilloscope.dir/C_/pico/pico-sdk/src/rp2_common/hardware_pll/pll.c.obj
                0x100017e0                pll_init
 .text.watchdog_reboot
                0x10001890       0x9c CMakeFiles/pico_oscilloscope.dir/C_/pico/pico-sdk/src/rp2_common/hardware_watchdog/watchdog.c.obj
                0x10001890                watchdog_reboot
 .text.tick_start
                0x1000192c       0x10 CMakeFiles/pico_oscilloscope.dir/C_/pico/pico-sdk/src/rp2_common/hardware_ticks/ticks.c.obj
                0x1000192c                tick_start
 .text.rom_func_lookup
                0x1000193c       0x10 CMakeFiles/pico_oscilloscope.dir/C_/pico/pico-sdk/src/rp2_common/pico_bootrom/bootrom.c.obj
                0x1000193c                rom_func_lookup
 .text.rom_data_lookup
                0x1000194c       0x10 CMakeFiles/pico_oscilloscope.dir/C_/pico/pico-sdk/src/rp2_common/pico_bootrom/bootrom.c.obj
                0x1000194c                rom_data_lookup
 .text.rom_funcs_lookup
                0x1000195c       0x44 CMakeFiles/pico_oscilloscope.dir/C_/pico/pico-sdk/src/rp2_common/pico_bootrom/bootrom.c.obj
                0x1000195c                rom_funcs_lookup
 .text.rom_reset_usb_boot_extra
                0x100019a0       0x24 CMakeFiles/pico_oscilloscope.dir/C_/pico/pico-sdk/src/rp2_common/pico_bootrom/bootrom.c.obj
                0x100019a0                rom_reset_usb_boot_extra
 .text.xosc_init
                0x100019c4       0x28 CMakeFiles/pico_oscilloscope.dir/C_/pico/pico-sdk/src/rp2_common/hardware_xosc/xosc.c.obj
                0x100019c4                xosc_init
 .text.first_per_core_initializer
                0x100019ec        0x4 CMakeFiles/pico_oscilloscope.dir/C_/pico/pico-sdk/src/rp2_common/pico_runtime/runtime.c.obj
 .text.hard_assertion_failure
                0x100019f0        0xc CMakeFiles/pico_oscilloscope.dir/C_/pico/pico-sdk/src/rp2_common/pico_runtime/runtime.c.obj
                0x100019f0                hard_assertion_failure
 .text.runtime_run_initializers
                0x100019fc       0x28 CMakeFiles/pico_oscilloscope.dir/C_/pico/pico-sdk/src/rp2_common/pico_runtime/runtime.c.obj
                0x100019fc                runtime_run_initializers
 .text.runtime_init_early_resets
                0x10001a24       0x2c CMakeFiles/pico_oscilloscope.dir/C_/pico/pico-sdk/src/rp2_common/pico_runtime_init/runtime_init.c.obj
                0x10001a24                runtime_init_early_resets
 .text.runtime_init_usb_power_down
                0x10001a50       0x1c CMakeFiles/pico_oscilloscope.dir/C_/pico/pico-sdk/src/rp2_common/pico_runtime_init/runtime_init.c.obj
                0x10001a50                runtime_init_usb_power_down
 .text.runtime_init_post_clock_resets
                0x10001a6c       0x20 CMakeFiles/pico_oscilloscope.dir/C_/pico/pico-sdk/src/rp2_common/pico_runtime_init/runtime_init.c.obj
                0x10001a6c                runtime_init_post_clock_resets
 .text.runtime_init_rp2040_gpio_ie_disable
                0x10001a8c       0x14 CMakeFiles/pico_oscilloscope.dir/C_/pico/pico-sdk/src/rp2_common/pico_runtime_init/runtime_init.c.obj
                0x10001a8c                runtime_init_rp2040_gpio_ie_disable
 .text.runtime_init_spin_locks_reset
                0x10001aa0        0x8 CMakeFiles/pico_oscilloscope.dir/C_/pico/pico-sdk/src/rp2_common/pico_runtime_init/runtime_init.c.obj
                0x10001aa0                runtime_init_spin_locks_reset
 .text.runtime_init_install_ram_vector_table
                0x10001aa8       0xb8 CMakeFiles/pico_oscilloscope.dir/C_/pico/pico-sdk/src/rp2_common/pico_runtime_init/runtime_init.c.obj
                0x10001aa8                runtime_init_install_ram_vector_table
 .text.runtime_init_clocks
                0x10001b60       0xd8 CMakeFiles/pico_oscilloscope.dir/C_/pico/pico-sdk/src/rp2_common/pico_runtime_init/runtime_init_clocks.c.obj
                0x10001b60                runtime_init_clocks
 .text          0x10001c38       0x10 CMakeFiles/pico_oscilloscope.dir/C_/pico/pico-sdk/src/rp2_common/pico_bit_ops/bit_ops_aeabi.S.obj
 .text.ctzsi    0x10001c48        0xc CMakeFiles/pico_oscilloscope.dir/C_/pico/pico-sdk/src/rp2_common/pico_bit_ops/bit_ops_aeabi.S.obj
                0x10001c48                __wrap___ctzsi2
 .text.__wrap___aeabi_idiv
                0x10001c54       0x50 CMakeFiles/pico_oscilloscope.dir/C_/pico/pico-sdk/src/rp2_common/pico_divider/divider_hardware.S.obj
                0x10001c54                __wrap___aeabi_idivmod
                0x10001c54                divmod_s32s32
                0x10001c54                div_s32s32
                0x10001c54                __wrap___aeabi_idiv
                0x10001c5c                divmod_s32s32_unsafe
                0x10001c88                divmod_s32s32_savestate
 .text.__wrap___aeabi_uidiv
                0x10001ca4       0x4c CMakeFiles/pico_oscilloscope.dir/C_/pico/pico-sdk/src/rp2_common/pico_divider/divider_hardware.S.obj
                0x10001ca4                __wrap___aeabi_uidiv
                0x10001ca4                __wrap___aeabi_uidivmod
                0x10001ca4                div_u32u32
                0x10001ca4                divmod_u32u32
                0x10001cac                divmod_u32u32_unsafe
                0x10001cd4                divmod_u32u32_savestate
 .text.__wrap___aeabi_ldiv
                0x10001cf0      0x424 CMakeFiles/pico_oscilloscope.dir/C_/pico/pico-sdk/src/rp2_common/pico_divider/divider_hardware.S.obj
                0x10001cf0                div_s64s64
                0x10001cf0                divmod_s64s64
                0x10001cf0                __wrap___aeabi_ldivmod
                0x10001d20                divmod_u64u64
                0x10001d20                div_u64u64
                0x10001d20                __wrap___aeabi_uldivmod
                0x10001d30                divmod_u64u64_savestate
                0x10001d50                divmod_s64s64_unsafe
                0x10001dd8                divmod_u64u64_unsafe
 .text.__wrap___aeabi_darithmetic
                0x10002114       0x60 CMakeFiles/pico_oscilloscope.dir/C_/pico/pico-sdk/src/rp2_common/pico_double/double_aeabi_rp2040.S.obj
                0x10002114                __wrap___aeabi_drsub
                0x1000211a                __wrap___aeabi_dsub
                0x10002124                __wrap___aeabi_dadd
                0x1000212e                __wrap___aeabi_ddiv
                0x10002162                __wrap___aeabi_dmul
 .text.__wrap___aeabi_cdcmple
                0x10002174       0x6c CMakeFiles/pico_oscilloscope.dir/C_/pico/pico-sdk/src/rp2_common/pico_double/double_aeabi_rp2040.S.obj
                0x10002174                __wrap___aeabi_cdrcmple
                0x10002184                __wrap___aeabi_cdcmpeq
                0x10002184                __wrap___aeabi_cdcmple
 .text.__wrap___aeabi_dcmplt
                0x100021e0        0xc CMakeFiles/pico_oscilloscope.dir/C_/pico/pico-sdk/src/rp2_common/pico_double/double_aeabi_rp2040.S.obj
                0x100021e0                __wrap___aeabi_dcmplt
 .text.__wrap___aeabi_dcmple
                0x100021ec       0x10 CMakeFiles/pico_oscilloscope.dir/C_/pico/pico-sdk/src/rp2_common/pico_double/double_aeabi_rp2040.S.obj
                0x100021ec                __wrap___aeabi_dcmple
 .text.__wrap___aeabi_dcmpge
                0x100021fc       0x10 CMakeFiles/pico_oscilloscope.dir/C_/pico/pico-sdk/src/rp2_common/pico_double/double_aeabi_rp2040.S.obj
                0x100021fc                __wrap___aeabi_dcmpge
 .text.__wrap___aeabi_dcmpgt
                0x1000220c        0xa CMakeFiles/pico_oscilloscope.dir/C_/pico/pico-sdk/src/rp2_common/pico_double/double_aeabi_rp2040.S.obj
                0x1000220c                __wrap___aeabi_dcmpgt
 .text.__wrap___aeabi_dcmpun
                0x10002216       0x18 CMakeFiles/pico_oscilloscope.dir/C_/pico/pico-sdk/src/rp2_common/pico_double/double_aeabi_rp2040.S.obj
                0x10002216                __wrap___aeabi_dcmpun
 *fill*         0x1000222e        0x2 
 .text.__wrap___aeabi_i2d
                0x10002230       0x38 CMakeFiles/pico_oscilloscope.dir/C_/pico/pico-sdk/src/rp2_common/pico_double/double_aeabi_rp2040.S.obj
                0x10002230                uint2double
                0x10002230                __wrap___aeabi_ui2d
                0x10002238                int2double
                0x10002238                __wrap___aeabi_i2d
 .text.__wrap___aeabi_d2iz
                0x10002268       0x48 CMakeFiles/pico_oscilloscope.dir/C_/pico/pico-sdk/src/rp2_common/pico_double/double_aeabi_rp2040.S.obj
                0x10002268                double2int_z
                0x10002268                __wrap___aeabi_d2iz
 .text.__wrap___aeabi_d2uiz
                0x100022b0       0x10 CMakeFiles/pico_oscilloscope.dir/C_/pico/pico-sdk/src/rp2_common/pico_double/double_aeabi_rp2040.S.obj
                0x100022b0                double2uint
                0x100022b0                __wrap___aeabi_d2uiz
                0x100022b0                double2uint_z
 .text.missing_double_func_shim
                0x100022c0        0xc CMakeFiles/pico_oscilloscope.dir/C_/pico/pico-sdk/src/rp2_common/pico_double/double_init_rom_rp2040.c.obj
 .text.__aeabi_double_init
                0x100022cc       0xa0 CMakeFiles/pico_oscilloscope.dir/C_/pico/pico-sdk/src/rp2_common/pico_double/double_init_rom_rp2040.c.obj
                0x100022cc                __aeabi_double_init
 .text.double_table_shim_on_use_helper
                0x1000236c       0x2c CMakeFiles/pico_oscilloscope.dir/C_/pico/pico-sdk/src/rp2_common/pico_double/double_v1_rom_shim_rp2040.S.obj
                0x1000236c                double_table_shim_on_use_helper
 .text.__aeabi_lmul
                0x10002398       0x32 CMakeFiles/pico_oscilloscope.dir/C_/pico/pico-sdk/src/rp2_common/pico_int64_ops/pico_int64_ops_aeabi.S.obj
                0x10002398                __wrap___aeabi_lmul
 *fill*         0x100023ca        0x2 
 .text.missing_float_func_shim
                0x100023cc        0xc CMakeFiles/pico_oscilloscope.dir/C_/pico/pico-sdk/src/rp2_common/pico_float/float_init_rom_rp2040.c.obj
 .text.__aeabi_float_init
                0x100023d8       0x60 CMakeFiles/pico_oscilloscope.dir/C_/pico/pico-sdk/src/rp2_common/pico_float/float_init_rom_rp2040.c.obj
                0x100023d8                __aeabi_float_init
 .text          0x10002438       0x10 CMakeFiles/pico_oscilloscope.dir/C_/pico/pico-sdk/src/rp2_common/pico_mem_ops/mem_ops_aeabi.S.obj
                0x10002438                __aeabi_mem_init
 .text.memset   0x10002448        0xc CMakeFiles/pico_oscilloscope.dir/C_/pico/pico-sdk/src/rp2_common/pico_mem_ops/mem_ops_aeabi.S.obj
                0x10002448                __wrap_memset
 .text.memcpy   0x10002454        0xc CMakeFiles/pico_oscilloscope.dir/C_/pico/pico-sdk/src/rp2_common/pico_mem_ops/mem_ops_aeabi.S.obj
                0x10002454                __wrap_memcpy
                0x10002454                __wrap___aeabi_memcpy
 .text._out_null
                0x10002460        0x4 CMakeFiles/pico_oscilloscope.dir/C_/pico/pico-sdk/src/rp2_common/pico_printf/printf.c.obj
 .text._out_rev
                0x10002464       0xa8 CMakeFiles/pico_oscilloscope.dir/C_/pico/pico-sdk/src/rp2_common/pico_printf/printf.c.obj
 .text._ntoa_format
                0x1000250c      0x1d8 CMakeFiles/pico_oscilloscope.dir/C_/pico/pico-sdk/src/rp2_common/pico_printf/printf.c.obj
 .text._out_char
                0x100026e4       0x10 CMakeFiles/pico_oscilloscope.dir/C_/pico/pico-sdk/src/rp2_common/pico_printf/printf.c.obj
 .text._out_fct
                0x100026f4       0x10 CMakeFiles/pico_oscilloscope.dir/C_/pico/pico-sdk/src/rp2_common/pico_printf/printf.c.obj
 .text._ftoa    0x10002704      0x474 CMakeFiles/pico_oscilloscope.dir/C_/pico/pico-sdk/src/rp2_common/pico_printf/printf.c.obj
 .text._etoa    0x10002b78      0x560 CMakeFiles/pico_oscilloscope.dir/C_/pico/pico-sdk/src/rp2_common/pico_printf/printf.c.obj
 .text._vsnprintf
                0x100030d8      0xab8 CMakeFiles/pico_oscilloscope.dir/C_/pico/pico-sdk/src/rp2_common/pico_printf/printf.c.obj
 .text.vfctprintf
                0x10003b90       0x20 CMakeFiles/pico_oscilloscope.dir/C_/pico/pico-sdk/src/rp2_common/pico_printf/printf.c.obj
                0x10003b90                vfctprintf
 .text.weak_raw_vprintf
                0x10003bb0       0x30 CMakeFiles/pico_oscilloscope.dir/C_/pico/pico-sdk/src/rp2_common/pico_printf/printf.c.obj
                0x10003bb0                weak_raw_vprintf
 .text._exit    0x10003be0        0x4 CMakeFiles/pico_oscilloscope.dir/C_/pico/pico-sdk/src/rp2_common/pico_clib_interface/newlib_interface.c.obj
                0x10003be0                _exit
 .text.exit     0x10003be4        0x8 CMakeFiles/pico_oscilloscope.dir/C_/pico/pico-sdk/src/rp2_common/pico_clib_interface/newlib_interface.c.obj
                0x10003be4                exit
 .text.runtime_init
                0x10003bec       0x2c CMakeFiles/pico_oscilloscope.dir/C_/pico/pico-sdk/src/rp2_common/pico_clib_interface/newlib_interface.c.obj
                0x10003bec                runtime_init
 .text.stdio_out_chars_no_crlf
                0x10003c18       0x10 CMakeFiles/pico_oscilloscope.dir/C_/pico/pico-sdk/src/rp2_common/pico_stdio/stdio.c.obj
 .text.stdio_out_chars_crlf
                0x10003c28       0x90 CMakeFiles/pico_oscilloscope.dir/C_/pico/pico-sdk/src/rp2_common/pico_stdio/stdio.c.obj
 .text.stdio_buffered_printer
                0x10003cb8       0x64 CMakeFiles/pico_oscilloscope.dir/C_/pico/pico-sdk/src/rp2_common/pico_stdio/stdio.c.obj
 .text.stdio_put_string
                0x10003d1c       0xf4 CMakeFiles/pico_oscilloscope.dir/C_/pico/pico-sdk/src/rp2_common/pico_stdio/stdio.c.obj
                0x10003d1c                stdio_put_string
 .text.stdio_set_driver_enabled
                0x10003e10       0x30 CMakeFiles/pico_oscilloscope.dir/C_/pico/pico-sdk/src/rp2_common/pico_stdio/stdio.c.obj
                0x10003e10                stdio_set_driver_enabled
 .text.stdio_init_all
                0x10003e40        0x8 CMakeFiles/pico_oscilloscope.dir/C_/pico/pico-sdk/src/rp2_common/pico_stdio/stdio.c.obj
                0x10003e40                stdio_init_all
 .text.__wrap_putchar
                0x10003e48       0x94 CMakeFiles/pico_oscilloscope.dir/C_/pico/pico-sdk/src/rp2_common/pico_stdio/stdio.c.obj
                0x10003e48                __wrap_putchar
                0x10003e48                stdio_putchar
 .text.__wrap_puts
                0x10003edc       0x3c CMakeFiles/pico_oscilloscope.dir/C_/pico/pico-sdk/src/rp2_common/pico_stdio/stdio.c.obj
                0x10003edc                stdio_puts
                0x10003edc                __wrap_puts
 .text.__wrap_vprintf
                0x10003f18       0xc8 CMakeFiles/pico_oscilloscope.dir/C_/pico/pico-sdk/src/rp2_common/pico_stdio/stdio.c.obj
                0x10003f18                stdio_vprintf
                0x10003f18                __wrap_vprintf
 .text.__wrap_printf
                0x10003fe0       0x18 CMakeFiles/pico_oscilloscope.dir/C_/pico/pico-sdk/src/rp2_common/pico_stdio/stdio.c.obj
                0x10003fe0                __wrap_printf
                0x10003fe0                stdio_printf
 .text.resetd_init
                0x10003ff8        0x4 CMakeFiles/pico_oscilloscope.dir/C_/pico/pico-sdk/src/rp2_common/pico_stdio_usb/reset_interface.c.obj
 .text.resetd_reset
                0x10003ffc        0xc CMakeFiles/pico_oscilloscope.dir/C_/pico/pico-sdk/src/rp2_common/pico_stdio_usb/reset_interface.c.obj
 .text.resetd_open
                0x10004008       0x28 CMakeFiles/pico_oscilloscope.dir/C_/pico/pico-sdk/src/rp2_common/pico_stdio_usb/reset_interface.c.obj
 .text.resetd_xfer_cb
                0x10004030        0x4 CMakeFiles/pico_oscilloscope.dir/C_/pico/pico-sdk/src/rp2_common/pico_stdio_usb/reset_interface.c.obj
 .text.resetd_control_xfer_cb
                0x10004034       0x54 CMakeFiles/pico_oscilloscope.dir/C_/pico/pico-sdk/src/rp2_common/pico_stdio_usb/reset_interface.c.obj
 .text.tud_descriptor_bos_cb
                0x10004088        0x8 CMakeFiles/pico_oscilloscope.dir/C_/pico/pico-sdk/src/rp2_common/pico_stdio_usb/reset_interface.c.obj
                0x10004088                tud_descriptor_bos_cb
 .text.tud_vendor_control_xfer_cb
                0x10004090       0x38 CMakeFiles/pico_oscilloscope.dir/C_/pico/pico-sdk/src/rp2_common/pico_stdio_usb/reset_interface.c.obj
                0x10004090                tud_vendor_control_xfer_cb
 .text.usbd_app_driver_get_cb
                0x100040c8        0xc CMakeFiles/pico_oscilloscope.dir/C_/pico/pico-sdk/src/rp2_common/pico_stdio_usb/reset_interface.c.obj
                0x100040c8                usbd_app_driver_get_cb
 .text.tud_cdc_line_coding_cb
                0x100040d4       0x2c CMakeFiles/pico_oscilloscope.dir/C_/pico/pico-sdk/src/rp2_common/pico_stdio_usb/reset_interface.c.obj
                0x100040d4                tud_cdc_line_coding_cb
 .text.stdio_usb_set_chars_available_callback
                0x10004100       0x14 CMakeFiles/pico_oscilloscope.dir/C_/pico/pico-sdk/src/rp2_common/pico_stdio_usb/stdio_usb.c.obj
                0x10004100                stdio_usb_set_chars_available_callback
 .text.usb_irq  0x10004114       0x10 CMakeFiles/pico_oscilloscope.dir/C_/pico/pico-sdk/src/rp2_common/pico_stdio_usb/stdio_usb.c.obj
 .text.timer_task
                0x10004124       0x64 CMakeFiles/pico_oscilloscope.dir/C_/pico/pico-sdk/src/rp2_common/pico_stdio_usb/stdio_usb.c.obj
 .text.stdio_usb_in_chars
                0x10004188       0x8c CMakeFiles/pico_oscilloscope.dir/C_/pico/pico-sdk/src/rp2_common/pico_stdio_usb/stdio_usb.c.obj
                0x10004188                stdio_usb_in_chars
 .text.stdio_usb_out_flush
                0x10004214       0x4c CMakeFiles/pico_oscilloscope.dir/C_/pico/pico-sdk/src/rp2_common/pico_stdio_usb/stdio_usb.c.obj
 .text.stdio_usb_out_chars
                0x10004260       0xf8 CMakeFiles/pico_oscilloscope.dir/C_/pico/pico-sdk/src/rp2_common/pico_stdio_usb/stdio_usb.c.obj
 .text.low_priority_worker_irq
                0x10004358       0xc4 CMakeFiles/pico_oscilloscope.dir/C_/pico/pico-sdk/src/rp2_common/pico_stdio_usb/stdio_usb.c.obj
 .text.stdio_usb_init
                0x1000441c       0xe4 CMakeFiles/pico_oscilloscope.dir/C_/pico/pico-sdk/src/rp2_common/pico_stdio_usb/stdio_usb.c.obj
                0x1000441c                stdio_usb_init
 .text.tud_descriptor_device_cb
                0x10004500        0x8 CMakeFiles/pico_oscilloscope.dir/C_/pico/pico-sdk/src/rp2_common/pico_stdio_usb/stdio_usb_descriptors.c.obj
                0x10004500                tud_descriptor_device_cb
 .text.tud_descriptor_configuration_cb
                0x10004508        0x8 CMakeFiles/pico_oscilloscope.dir/C_/pico/pico-sdk/src/rp2_common/pico_stdio_usb/stdio_usb_descriptors.c.obj
                0x10004508                tud_descriptor_configuration_cb
 .text.tud_descriptor_string_cb
                0x10004510       0x70 CMakeFiles/pico_oscilloscope.dir/C_/pico/pico-sdk/src/rp2_common/pico_stdio_usb/stdio_usb_descriptors.c.obj
                0x10004510                tud_descriptor_string_cb
 .text.startup._retrieve_unique_id_on_boot
                0x10004580       0x10 CMakeFiles/pico_oscilloscope.dir/C_/pico/pico-sdk/src/rp2_common/pico_unique_id/unique_id.c.obj
 .text.pico_get_unique_board_id
                0x10004590       0x10 CMakeFiles/pico_oscilloscope.dir/C_/pico/pico-sdk/src/rp2_common/pico_unique_id/unique_id.c.obj
                0x10004590                pico_get_unique_board_id
 .text.pico_get_unique_board_id_string
                0x100045a0      0x1e0 CMakeFiles/pico_oscilloscope.dir/C_/pico/pico-sdk/src/rp2_common/pico_unique_id/unique_id.c.obj
                0x100045a0                pico_get_unique_board_id_string
 .text.flash_get_unique_id
                0x10004780       0x3c CMakeFiles/pico_oscilloscope.dir/C_/pico/pico-sdk/src/rp2_common/hardware_flash/flash.c.obj
                0x10004780                flash_get_unique_id
 .text.dcd_init
                0x100047bc       0x90 CMakeFiles/pico_oscilloscope.dir/C_/pico/pico-sdk/lib/tinyusb/src/portable/raspberrypi/rp2040/dcd_rp2040.c.obj
                0x100047bc                dcd_init
 .text.dcd_int_enable
                0x1000484c        0xc CMakeFiles/pico_oscilloscope.dir/C_/pico/pico-sdk/lib/tinyusb/src/portable/raspberrypi/rp2040/dcd_rp2040.c.obj
                0x1000484c                dcd_int_enable
 .text.dcd_set_address
                0x10004858       0x14 CMakeFiles/pico_oscilloscope.dir/C_/pico/pico-sdk/lib/tinyusb/src/portable/raspberrypi/rp2040/dcd_rp2040.c.obj
                0x10004858                dcd_set_address
 .text.dcd_sof_enable
                0x1000486c       0x1c CMakeFiles/pico_oscilloscope.dir/C_/pico/pico-sdk/lib/tinyusb/src/portable/raspberrypi/rp2040/dcd_rp2040.c.obj
                0x1000486c                dcd_sof_enable
 .text.dcd_edpt0_status_complete
                0x10004888       0x1c CMakeFiles/pico_oscilloscope.dir/C_/pico/pico-sdk/lib/tinyusb/src/portable/raspberrypi/rp2040/dcd_rp2040.c.obj
                0x10004888                dcd_edpt0_status_complete
 .text.dcd_edpt_open
                0x100048a4      0x114 CMakeFiles/pico_oscilloscope.dir/C_/pico/pico-sdk/lib/tinyusb/src/portable/raspberrypi/rp2040/dcd_rp2040.c.obj
                0x100048a4                dcd_edpt_open
 .text.dcd_edpt_close_all
                0x100049b8        0x8 CMakeFiles/pico_oscilloscope.dir/C_/pico/pico-sdk/lib/tinyusb/src/portable/raspberrypi/rp2040/dcd_rp2040.c.obj
                0x100049b8                dcd_edpt_close_all
 .text.dcd_edpt_xfer
                0x100049c0       0x24 CMakeFiles/pico_oscilloscope.dir/C_/pico/pico-sdk/lib/tinyusb/src/portable/raspberrypi/rp2040/dcd_rp2040.c.obj
                0x100049c0                dcd_edpt_xfer
 .text.dcd_edpt_stall
                0x100049e4       0x3c CMakeFiles/pico_oscilloscope.dir/C_/pico/pico-sdk/lib/tinyusb/src/portable/raspberrypi/rp2040/dcd_rp2040.c.obj
                0x100049e4                dcd_edpt_stall
 .text.dcd_edpt_clear_stall
                0x10004a20       0x30 CMakeFiles/pico_oscilloscope.dir/C_/pico/pico-sdk/lib/tinyusb/src/portable/raspberrypi/rp2040/dcd_rp2040.c.obj
                0x10004a20                dcd_edpt_clear_stall
 .text.rp2040_usb_init
                0x10004a50       0x40 CMakeFiles/pico_oscilloscope.dir/C_/pico/pico-sdk/lib/tinyusb/src/portable/raspberrypi/rp2040/rp2040_usb.c.obj
                0x10004a50                rp2040_usb_init
 .text.hw_endpoint_xfer_start
                0x10004a90       0x40 CMakeFiles/pico_oscilloscope.dir/C_/pico/pico-sdk/lib/tinyusb/src/portable/raspberrypi/rp2040/rp2040_usb.c.obj
                0x10004a90                hw_endpoint_xfer_start
 .text.tud_event_hook_cb
                0x10004ad0        0x4 CMakeFiles/pico_oscilloscope.dir/C_/pico/pico-sdk/lib/tinyusb/src/device/usbd.c.obj
                0x10004ad0                tud_event_hook_cb
 .text.tud_sof_cb
                0x10004ad4        0x4 CMakeFiles/pico_oscilloscope.dir/C_/pico/pico-sdk/lib/tinyusb/src/device/usbd.c.obj
                0x10004ad4                tud_sof_cb
 .text.tud_descriptor_device_qualifier_cb
                0x10004ad8        0x4 CMakeFiles/pico_oscilloscope.dir/C_/pico/pico-sdk/lib/tinyusb/src/device/usbd.c.obj
                0x10004ad8                tud_descriptor_device_qualifier_cb
 .text.tud_descriptor_other_speed_configuration_cb
                0x10004adc        0x4 CMakeFiles/pico_oscilloscope.dir/C_/pico/pico-sdk/lib/tinyusb/src/device/usbd.c.obj
                0x10004adc                tud_descriptor_other_speed_configuration_cb
 .text.tud_mount_cb
                0x10004ae0        0x4 CMakeFiles/pico_oscilloscope.dir/C_/pico/pico-sdk/lib/tinyusb/src/device/usbd.c.obj
                0x10004ae0                tud_mount_cb
 .text.tud_umount_cb
                0x10004ae4        0x4 CMakeFiles/pico_oscilloscope.dir/C_/pico/pico-sdk/lib/tinyusb/src/device/usbd.c.obj
                0x10004ae4                tud_umount_cb
 .text.tud_suspend_cb
                0x10004ae8        0x4 CMakeFiles/pico_oscilloscope.dir/C_/pico/pico-sdk/lib/tinyusb/src/device/usbd.c.obj
                0x10004ae8                tud_suspend_cb
 .text.tud_resume_cb
                0x10004aec        0x4 CMakeFiles/pico_oscilloscope.dir/C_/pico/pico-sdk/lib/tinyusb/src/device/usbd.c.obj
                0x10004aec                tud_resume_cb
 .text.tud_mounted
                0x10004af0       0x10 CMakeFiles/pico_oscilloscope.dir/C_/pico/pico-sdk/lib/tinyusb/src/device/usbd.c.obj
                0x10004af0                tud_mounted
 .text.tud_suspended
                0x10004b00       0x10 CMakeFiles/pico_oscilloscope.dir/C_/pico/pico-sdk/lib/tinyusb/src/device/usbd.c.obj
                0x10004b00                tud_suspended
 .text.tud_rhport_init
                0x10004b10       0xf0 CMakeFiles/pico_oscilloscope.dir/C_/pico/pico-sdk/lib/tinyusb/src/device/usbd.c.obj
                0x10004b10                tud_rhport_init
 .text.tud_task_ext
                0x10004c00      0x7fc CMakeFiles/pico_oscilloscope.dir/C_/pico/pico-sdk/lib/tinyusb/src/device/usbd.c.obj
                0x10004c00                tud_task_ext
 .text.usbd_open_edpt_pair
                0x100053fc       0x98 CMakeFiles/pico_oscilloscope.dir/C_/pico/pico-sdk/lib/tinyusb/src/device/usbd.c.obj
                0x100053fc                usbd_open_edpt_pair
 .text.usbd_edpt_open
                0x10005494       0x34 CMakeFiles/pico_oscilloscope.dir/C_/pico/pico-sdk/lib/tinyusb/src/device/usbd.c.obj
                0x10005494                usbd_edpt_open
 .text.usbd_edpt_claim
                0x100054c8       0x28 CMakeFiles/pico_oscilloscope.dir/C_/pico/pico-sdk/lib/tinyusb/src/device/usbd.c.obj
                0x100054c8                usbd_edpt_claim
 .text.usbd_edpt_release
                0x100054f0       0x28 CMakeFiles/pico_oscilloscope.dir/C_/pico/pico-sdk/lib/tinyusb/src/device/usbd.c.obj
                0x100054f0                usbd_edpt_release
 .text.usbd_edpt_xfer
                0x10005518       0x50 CMakeFiles/pico_oscilloscope.dir/C_/pico/pico-sdk/lib/tinyusb/src/device/usbd.c.obj
                0x10005518                usbd_edpt_xfer
 .text.tud_control_status
                0x10005568       0x2c CMakeFiles/pico_oscilloscope.dir/C_/pico/pico-sdk/lib/tinyusb/src/device/usbd_control.c.obj
                0x10005568                tud_control_status
 .text.tud_control_xfer
                0x10005594       0xa0 CMakeFiles/pico_oscilloscope.dir/C_/pico/pico-sdk/lib/tinyusb/src/device/usbd_control.c.obj
                0x10005594                tud_control_xfer
 .text.usbd_control_reset
                0x10005634       0x14 CMakeFiles/pico_oscilloscope.dir/C_/pico/pico-sdk/lib/tinyusb/src/device/usbd_control.c.obj
                0x10005634                usbd_control_reset
 .text.usbd_control_set_complete_callback
                0x10005648        0xc CMakeFiles/pico_oscilloscope.dir/C_/pico/pico-sdk/lib/tinyusb/src/device/usbd_control.c.obj
                0x10005648                usbd_control_set_complete_callback
 .text.usbd_control_set_request
                0x10005654       0x1c CMakeFiles/pico_oscilloscope.dir/C_/pico/pico-sdk/lib/tinyusb/src/device/usbd_control.c.obj
                0x10005654                usbd_control_set_request
 .text.usbd_control_xfer_cb
                0x10005670       0xe8 CMakeFiles/pico_oscilloscope.dir/C_/pico/pico-sdk/lib/tinyusb/src/device/usbd_control.c.obj
                0x10005670                usbd_control_xfer_cb
 .text._prep_out_transaction.isra.0
                0x10005758       0x6c CMakeFiles/pico_oscilloscope.dir/C_/pico/pico-sdk/lib/tinyusb/src/class/cdc/cdc_device.c.obj
 .text.tud_cdc_n_connected
                0x100057c4       0x2c CMakeFiles/pico_oscilloscope.dir/C_/pico/pico-sdk/lib/tinyusb/src/class/cdc/cdc_device.c.obj
                0x100057c4                tud_cdc_n_connected
 .text.tud_cdc_n_available
                0x100057f0       0x14 CMakeFiles/pico_oscilloscope.dir/C_/pico/pico-sdk/lib/tinyusb/src/class/cdc/cdc_device.c.obj
                0x100057f0                tud_cdc_n_available
 .text.tud_cdc_n_read
                0x10005804       0x88 CMakeFiles/pico_oscilloscope.dir/C_/pico/pico-sdk/lib/tinyusb/src/class/cdc/cdc_device.c.obj
                0x10005804                tud_cdc_n_read
 .text.tud_cdc_n_write_flush
                0x1000588c       0x78 CMakeFiles/pico_oscilloscope.dir/C_/pico/pico-sdk/lib/tinyusb/src/class/cdc/cdc_device.c.obj
                0x1000588c                tud_cdc_n_write_flush
 .text.tud_cdc_n_write
                0x10005904       0x40 CMakeFiles/pico_oscilloscope.dir/C_/pico/pico-sdk/lib/tinyusb/src/class/cdc/cdc_device.c.obj
                0x10005904                tud_cdc_n_write
 .text.tud_cdc_n_write_available
                0x10005944       0x14 CMakeFiles/pico_oscilloscope.dir/C_/pico/pico-sdk/lib/tinyusb/src/class/cdc/cdc_device.c.obj
                0x10005944                tud_cdc_n_write_available
 .text.cdcd_init
                0x10005958       0x70 CMakeFiles/pico_oscilloscope.dir/C_/pico/pico-sdk/lib/tinyusb/src/class/cdc/cdc_device.c.obj
                0x10005958                cdcd_init
 .text.cdcd_deinit
                0x100059c8       0x30 CMakeFiles/pico_oscilloscope.dir/C_/pico/pico-sdk/lib/tinyusb/src/class/cdc/cdc_device.c.obj
                0x100059c8                cdcd_deinit
 .text.cdcd_reset
                0x100059f8       0x48 CMakeFiles/pico_oscilloscope.dir/C_/pico/pico-sdk/lib/tinyusb/src/class/cdc/cdc_device.c.obj
                0x100059f8                cdcd_reset
 .text.cdcd_open
                0x10005a40       0xa8 CMakeFiles/pico_oscilloscope.dir/C_/pico/pico-sdk/lib/tinyusb/src/class/cdc/cdc_device.c.obj
                0x10005a40                cdcd_open
 .text.cdcd_control_xfer_cb
                0x10005ae8       0xf0 CMakeFiles/pico_oscilloscope.dir/C_/pico/pico-sdk/lib/tinyusb/src/class/cdc/cdc_device.c.obj
                0x10005ae8                cdcd_control_xfer_cb
 .text.cdcd_xfer_cb
                0x10005bd8       0xf8 CMakeFiles/pico_oscilloscope.dir/C_/pico/pico-sdk/lib/tinyusb/src/class/cdc/cdc_device.c.obj
                0x10005bd8                cdcd_xfer_cb
 .text.vendord_init
                0x10005cd0       0x5c CMakeFiles/pico_oscilloscope.dir/C_/pico/pico-sdk/lib/tinyusb/src/class/vendor/vendor_device.c.obj
                0x10005cd0                vendord_init
 .text.vendord_deinit
                0x10005d2c       0x1c CMakeFiles/pico_oscilloscope.dir/C_/pico/pico-sdk/lib/tinyusb/src/class/vendor/vendor_device.c.obj
                0x10005d2c                vendord_deinit
 .text.vendord_reset
                0x10005d48       0x28 CMakeFiles/pico_oscilloscope.dir/C_/pico/pico-sdk/lib/tinyusb/src/class/vendor/vendor_device.c.obj
                0x10005d48                vendord_reset
 .text.vendord_open
                0x10005d70      0x104 CMakeFiles/pico_oscilloscope.dir/C_/pico/pico-sdk/lib/tinyusb/src/class/vendor/vendor_device.c.obj
                0x10005d70                vendord_open
 .text.vendord_xfer_cb
                0x10005e74       0xa0 CMakeFiles/pico_oscilloscope.dir/C_/pico/pico-sdk/lib/tinyusb/src/class/vendor/vendor_device.c.obj
                0x10005e74                vendord_xfer_cb
 .text.tusb_rhport_init
                0x10005f14       0x4c CMakeFiles/pico_oscilloscope.dir/C_/pico/pico-sdk/lib/tinyusb/src/tusb.c.obj
                0x10005f14                tusb_rhport_init
 .text.tu_edpt_claim
                0x10005f60       0x50 CMakeFiles/pico_oscilloscope.dir/C_/pico/pico-sdk/lib/tinyusb/src/tusb.c.obj
                0x10005f60                tu_edpt_claim
 .text.tu_edpt_release
                0x10005fb0       0x38 CMakeFiles/pico_oscilloscope.dir/C_/pico/pico-sdk/lib/tinyusb/src/tusb.c.obj
                0x10005fb0                tu_edpt_release
 .text.tu_edpt_validate
                0x10005fe8       0x74 CMakeFiles/pico_oscilloscope.dir/C_/pico/pico-sdk/lib/tinyusb/src/tusb.c.obj
                0x10005fe8                tu_edpt_validate
 .text.tu_edpt_bind_driver
                0x1000605c       0x34 CMakeFiles/pico_oscilloscope.dir/C_/pico/pico-sdk/lib/tinyusb/src/tusb.c.obj
                0x1000605c                tu_edpt_bind_driver
 .text.tu_edpt_stream_init
                0x10006090       0x68 CMakeFiles/pico_oscilloscope.dir/C_/pico/pico-sdk/lib/tinyusb/src/tusb.c.obj
                0x10006090                tu_edpt_stream_init
 .text.tu_edpt_stream_deinit
                0x100060f8        0x4 CMakeFiles/pico_oscilloscope.dir/C_/pico/pico-sdk/lib/tinyusb/src/tusb.c.obj
                0x100060f8                tu_edpt_stream_deinit
 .text.tu_edpt_stream_write_zlp_if_needed
                0x100060fc       0x64 CMakeFiles/pico_oscilloscope.dir/C_/pico/pico-sdk/lib/tinyusb/src/tusb.c.obj
                0x100060fc                tu_edpt_stream_write_zlp_if_needed
 .text.tu_edpt_stream_write_xfer
                0x10006160       0x6c CMakeFiles/pico_oscilloscope.dir/C_/pico/pico-sdk/lib/tinyusb/src/tusb.c.obj
                0x10006160                tu_edpt_stream_write_xfer
 .text.tu_edpt_stream_read_xfer
                0x100061cc       0xd8 CMakeFiles/pico_oscilloscope.dir/C_/pico/pico-sdk/lib/tinyusb/src/tusb.c.obj
                0x100061cc                tu_edpt_stream_read_xfer
 .text.tu_fifo_config
                0x100062a4       0x6c CMakeFiles/pico_oscilloscope.dir/C_/pico/pico-sdk/lib/tinyusb/src/common/tusb_fifo.c.obj
                0x100062a4                tu_fifo_config
 .text.tu_fifo_count
                0x10006310       0x2c CMakeFiles/pico_oscilloscope.dir/C_/pico/pico-sdk/lib/tinyusb/src/common/tusb_fifo.c.obj
                0x10006310                tu_fifo_count
 .text.tu_fifo_empty
                0x1000633c       0x10 CMakeFiles/pico_oscilloscope.dir/C_/pico/pico-sdk/lib/tinyusb/src/common/tusb_fifo.c.obj
                0x1000633c                tu_fifo_empty
 .text.tu_fifo_remaining
                0x1000634c       0x2c CMakeFiles/pico_oscilloscope.dir/C_/pico/pico-sdk/lib/tinyusb/src/common/tusb_fifo.c.obj
                0x1000634c                tu_fifo_remaining
 .text.tu_fifo_read
                0x10006378       0x9c CMakeFiles/pico_oscilloscope.dir/C_/pico/pico-sdk/lib/tinyusb/src/common/tusb_fifo.c.obj
                0x10006378                tu_fifo_read
 .text.tu_fifo_read_n
                0x10006414       0xec CMakeFiles/pico_oscilloscope.dir/C_/pico/pico-sdk/lib/tinyusb/src/common/tusb_fifo.c.obj
                0x10006414                tu_fifo_read_n
 .text.tu_fifo_write
                0x10006500       0xa4 CMakeFiles/pico_oscilloscope.dir/C_/pico/pico-sdk/lib/tinyusb/src/common/tusb_fifo.c.obj
                0x10006500                tu_fifo_write
 .text.tu_fifo_write_n
                0x100065a4      0x168 CMakeFiles/pico_oscilloscope.dir/C_/pico/pico-sdk/lib/tinyusb/src/common/tusb_fifo.c.obj
                0x100065a4                tu_fifo_write_n
 .text.tu_fifo_clear
                0x1000670c       0x40 CMakeFiles/pico_oscilloscope.dir/C_/pico/pico-sdk/lib/tinyusb/src/common/tusb_fifo.c.obj
                0x1000670c                tu_fifo_clear
 .text.tu_fifo_set_overwritable
                0x1000674c       0x48 CMakeFiles/pico_oscilloscope.dir/C_/pico/pico-sdk/lib/tinyusb/src/common/tusb_fifo.c.obj
                0x1000674c                tu_fifo_set_overwritable
 .text.dma_channel_unclaim
                0x10006794       0x10 CMakeFiles/pico_oscilloscope.dir/C_/pico/pico-sdk/src/rp2_common/hardware_dma/dma.c.obj
                0x10006794                dma_channel_unclaim
 .text.dma_claim_unused_channel
                0x100067a4       0x20 CMakeFiles/pico_oscilloscope.dir/C_/pico/pico-sdk/src/rp2_common/hardware_dma/dma.c.obj
                0x100067a4                dma_claim_unused_channel
 .text.dma_channel_cleanup
                0x100067c4       0x60 CMakeFiles/pico_oscilloscope.dir/C_/pico/pico-sdk/src/rp2_common/hardware_dma/dma.c.obj
                0x100067c4                dma_channel_cleanup
 .text.lwip_timeout_reached
                0x10006824        0x8 CMakeFiles/pico_oscilloscope.dir/C_/pico/pico-sdk/src/rp2_common/pico_lwip/lwip_nosys.c.obj
 .text.update_next_timeout
                0x1000682c       0x5c CMakeFiles/pico_oscilloscope.dir/C_/pico/pico-sdk/src/rp2_common/pico_lwip/lwip_nosys.c.obj
 .text.lwip_nosys_init
                0x10006888       0x30 CMakeFiles/pico_oscilloscope.dir/C_/pico/pico-sdk/src/rp2_common/pico_lwip/lwip_nosys.c.obj
                0x10006888                lwip_nosys_init
 .text.lwip_nosys_deinit
                0x100068b8       0x20 CMakeFiles/pico_oscilloscope.dir/C_/pico/pico-sdk/src/rp2_common/pico_lwip/lwip_nosys.c.obj
                0x100068b8                lwip_nosys_deinit
 .text.sys_arch_protect
                0x100068d8        0x4 CMakeFiles/pico_oscilloscope.dir/C_/pico/pico-sdk/src/rp2_common/pico_lwip/lwip_nosys.c.obj
                0x100068d8                sys_arch_protect
 .text.sys_arch_unprotect
                0x100068dc        0x4 CMakeFiles/pico_oscilloscope.dir/C_/pico/pico-sdk/src/rp2_common/pico_lwip/lwip_nosys.c.obj
                0x100068dc                sys_arch_unprotect
 .text.sys_now  0x100068e0       0x20 CMakeFiles/pico_oscilloscope.dir/C_/pico/pico-sdk/src/rp2_common/pico_lwip/lwip_nosys.c.obj
                0x100068e0                sys_now
 .text.async_context_base_add_at_time_worker
                0x10006900       0x28 CMakeFiles/pico_oscilloscope.dir/C_/pico/pico-sdk/src/rp2_common/pico_async_context/async_context_base.c.obj
                0x10006900                async_context_base_add_at_time_worker
 .text.async_context_base_remove_at_time_worker
                0x10006928       0x24 CMakeFiles/pico_oscilloscope.dir/C_/pico/pico-sdk/src/rp2_common/pico_async_context/async_context_base.c.obj
                0x10006928                async_context_base_remove_at_time_worker
 .text.async_context_base_add_when_pending_worker
                0x1000694c       0x24 CMakeFiles/pico_oscilloscope.dir/C_/pico/pico-sdk/src/rp2_common/pico_async_context/async_context_base.c.obj
                0x1000694c                async_context_base_add_when_pending_worker
 .text.async_context_base_remove_when_pending_worker
                0x10006970       0x24 CMakeFiles/pico_oscilloscope.dir/C_/pico/pico-sdk/src/rp2_common/pico_async_context/async_context_base.c.obj
                0x10006970                async_context_base_remove_when_pending_worker
 .text.async_context_base_execute_once
                0x10006994      0x10c CMakeFiles/pico_oscilloscope.dir/C_/pico/pico-sdk/src/rp2_common/pico_async_context/async_context_base.c.obj
                0x10006994                async_context_base_execute_once
 .text.splitmix64
                0x10006aa0       0x58 CMakeFiles/pico_oscilloscope.dir/C_/pico/pico-sdk/src/rp2_common/pico_rand/rand.c.obj
 .text.xoroshiro128ss
                0x10006af8       0x8c CMakeFiles/pico_oscilloscope.dir/C_/pico/pico-sdk/src/rp2_common/pico_rand/rand.c.obj
 .text.get_rand_64
                0x10006b84      0x490 CMakeFiles/pico_oscilloscope.dir/C_/pico/pico-sdk/src/rp2_common/pico_rand/rand.c.obj
                0x10006b84                get_rand_64
 .text.get_rand_32
                0x10007014        0x8 CMakeFiles/pico_oscilloscope.dir/C_/pico/pico-sdk/src/rp2_common/pico_rand/rand.c.obj
                0x10007014                get_rand_32
 .text.lwip_init
                0x1000701c       0x20 CMakeFiles/pico_oscilloscope.dir/C_/pico/pico-sdk/lib/lwip/src/core/init.c.obj
                0x1000701c                lwip_init
 .text.lwip_htons
                0x1000703c        0x8 CMakeFiles/pico_oscilloscope.dir/C_/pico/pico-sdk/lib/lwip/src/core/def.c.obj
                0x1000703c                lwip_htons
 .text.lwip_htonl
                0x10007044        0x4 CMakeFiles/pico_oscilloscope.dir/C_/pico/pico-sdk/lib/lwip/src/core/def.c.obj
                0x10007044                lwip_htonl
 .text.dns_call_found
                0x10007048      0x1bc CMakeFiles/pico_oscilloscope.dir/C_/pico/pico-sdk/lib/lwip/src/core/dns.c.obj
 .text.dns_send.isra.0
                0x10007204      0x164 CMakeFiles/pico_oscilloscope.dir/C_/pico/pico-sdk/lib/lwip/src/core/dns.c.obj
 .text.dns_init
                0x10007368        0x4 CMakeFiles/pico_oscilloscope.dir/C_/pico/pico-sdk/lib/lwip/src/core/dns.c.obj
                0x10007368                dns_init
 .text.dns_setserver
                0x1000736c       0x24 CMakeFiles/pico_oscilloscope.dir/C_/pico/pico-sdk/lib/lwip/src/core/dns.c.obj
                0x1000736c                dns_setserver
 .text.dns_tmr  0x10007390      0x118 CMakeFiles/pico_oscilloscope.dir/C_/pico/pico-sdk/lib/lwip/src/core/dns.c.obj
                0x10007390                dns_tmr
 .text.lwip_standard_chksum
                0x100074a8       0xe8 CMakeFiles/pico_oscilloscope.dir/C_/pico/pico-sdk/lib/lwip/src/core/inet_chksum.c.obj
                0x100074a8                lwip_standard_chksum
 .text.inet_chksum_pseudo
                0x10007590       0xb4 CMakeFiles/pico_oscilloscope.dir/C_/pico/pico-sdk/lib/lwip/src/core/inet_chksum.c.obj
                0x10007590                inet_chksum_pseudo
 .text.ip_chksum_pseudo
                0x10007644       0x10 CMakeFiles/pico_oscilloscope.dir/C_/pico/pico-sdk/lib/lwip/src/core/inet_chksum.c.obj
                0x10007644                ip_chksum_pseudo
 .text.inet_chksum
                0x10007654        0xc CMakeFiles/pico_oscilloscope.dir/C_/pico/pico-sdk/lib/lwip/src/core/inet_chksum.c.obj
                0x10007654                inet_chksum
 .text.inet_chksum_pbuf
                0x10007660       0x70 CMakeFiles/pico_oscilloscope.dir/C_/pico/pico-sdk/lib/lwip/src/core/inet_chksum.c.obj
                0x10007660                inet_chksum_pbuf
 .text.mem_init
                0x100076d0       0x3c CMakeFiles/pico_oscilloscope.dir/C_/pico/pico-sdk/lib/lwip/src/core/mem.c.obj
                0x100076d0                mem_init
 .text.mem_free
                0x1000770c      0x130 CMakeFiles/pico_oscilloscope.dir/C_/pico/pico-sdk/lib/lwip/src/core/mem.c.obj
                0x1000770c                mem_free
 .text.mem_trim
                0x1000783c      0x118 CMakeFiles/pico_oscilloscope.dir/C_/pico/pico-sdk/lib/lwip/src/core/mem.c.obj
                0x1000783c                mem_trim
 .text.mem_malloc
                0x10007954      0x124 CMakeFiles/pico_oscilloscope.dir/C_/pico/pico-sdk/lib/lwip/src/core/mem.c.obj
                0x10007954                mem_malloc
 .text.memp_init
                0x10007a78       0x68 CMakeFiles/pico_oscilloscope.dir/C_/pico/pico-sdk/lib/lwip/src/core/memp.c.obj
                0x10007a78                memp_init
 .text.memp_malloc
                0x10007ae0       0x40 CMakeFiles/pico_oscilloscope.dir/C_/pico/pico-sdk/lib/lwip/src/core/memp.c.obj
                0x10007ae0                memp_malloc
 .text.memp_free
                0x10007b20       0x38 CMakeFiles/pico_oscilloscope.dir/C_/pico/pico-sdk/lib/lwip/src/core/memp.c.obj
                0x10007b20                memp_free
 .text.netif_null_output_ip4
                0x10007b58        0x8 CMakeFiles/pico_oscilloscope.dir/C_/pico/pico-sdk/lib/lwip/src/core/netif.c.obj
 .text.netif_init
                0x10007b60        0x4 CMakeFiles/pico_oscilloscope.dir/C_/pico/pico-sdk/lib/lwip/src/core/netif.c.obj
                0x10007b60                netif_init
 .text.netif_add
                0x10007b64      0x1a0 CMakeFiles/pico_oscilloscope.dir/C_/pico/pico-sdk/lib/lwip/src/core/netif.c.obj
                0x10007b64                netif_add
 .text.netif_set_addr
                0x10007d04       0xd0 CMakeFiles/pico_oscilloscope.dir/C_/pico/pico-sdk/lib/lwip/src/core/netif.c.obj
                0x10007d04                netif_set_addr
 .text.netif_remove
                0x10007dd4       0x90 CMakeFiles/pico_oscilloscope.dir/C_/pico/pico-sdk/lib/lwip/src/core/netif.c.obj
                0x10007dd4                netif_remove
 .text.netif_set_default
                0x10007e64        0xc CMakeFiles/pico_oscilloscope.dir/C_/pico/pico-sdk/lib/lwip/src/core/netif.c.obj
                0x10007e64                netif_set_default
 .text.netif_set_up
                0x10007e70       0x20 CMakeFiles/pico_oscilloscope.dir/C_/pico/pico-sdk/lib/lwip/src/core/netif.c.obj
                0x10007e70                netif_set_up
 .text.netif_set_link_up
                0x10007e90       0x28 CMakeFiles/pico_oscilloscope.dir/C_/pico/pico-sdk/lib/lwip/src/core/netif.c.obj
                0x10007e90                netif_set_link_up
 .text.netif_set_link_down
                0x10007eb8       0x28 CMakeFiles/pico_oscilloscope.dir/C_/pico/pico-sdk/lib/lwip/src/core/netif.c.obj
                0x10007eb8                netif_set_link_down
 .text.netif_get_by_index
                0x10007ee0       0x2c CMakeFiles/pico_oscilloscope.dir/C_/pico/pico-sdk/lib/lwip/src/core/netif.c.obj
                0x10007ee0                netif_get_by_index
 .text.pbuf_free.part.0
                0x10007f0c       0xa4 CMakeFiles/pico_oscilloscope.dir/C_/pico/pico-sdk/lib/lwip/src/core/pbuf.c.obj
 .text.pbuf_free_ooseq
                0x10007fb0       0x34 CMakeFiles/pico_oscilloscope.dir/C_/pico/pico-sdk/lib/lwip/src/core/pbuf.c.obj
                0x10007fb0                pbuf_free_ooseq
 .text.pbuf_alloc
                0x10007fe4      0x120 CMakeFiles/pico_oscilloscope.dir/C_/pico/pico-sdk/lib/lwip/src/core/pbuf.c.obj
                0x10007fe4                pbuf_alloc
 .text.pbuf_alloced_custom
                0x10008104       0x3c CMakeFiles/pico_oscilloscope.dir/C_/pico/pico-sdk/lib/lwip/src/core/pbuf.c.obj
                0x10008104                pbuf_alloced_custom
 .text.pbuf_realloc
                0x10008140       0x8c CMakeFiles/pico_oscilloscope.dir/C_/pico/pico-sdk/lib/lwip/src/core/pbuf.c.obj
                0x10008140                pbuf_realloc
 .text.pbuf_add_header
                0x100081cc       0x60 CMakeFiles/pico_oscilloscope.dir/C_/pico/pico-sdk/lib/lwip/src/core/pbuf.c.obj
                0x100081cc                pbuf_add_header
 .text.pbuf_remove_header
                0x1000822c       0x3c CMakeFiles/pico_oscilloscope.dir/C_/pico/pico-sdk/lib/lwip/src/core/pbuf.c.obj
                0x1000822c                pbuf_remove_header
 .text.pbuf_header_force
                0x10008268       0x6c CMakeFiles/pico_oscilloscope.dir/C_/pico/pico-sdk/lib/lwip/src/core/pbuf.c.obj
                0x10008268                pbuf_header_force
 .text.pbuf_free
                0x100082d4       0x18 CMakeFiles/pico_oscilloscope.dir/C_/pico/pico-sdk/lib/lwip/src/core/pbuf.c.obj
                0x100082d4                pbuf_free
 .text.pbuf_clen
                0x100082ec       0x14 CMakeFiles/pico_oscilloscope.dir/C_/pico/pico-sdk/lib/lwip/src/core/pbuf.c.obj
                0x100082ec                pbuf_clen
 .text.pbuf_ref
                0x10008300       0x28 CMakeFiles/pico_oscilloscope.dir/C_/pico/pico-sdk/lib/lwip/src/core/pbuf.c.obj
                0x10008300                pbuf_ref
 .text.pbuf_cat
                0x10008328       0x54 CMakeFiles/pico_oscilloscope.dir/C_/pico/pico-sdk/lib/lwip/src/core/pbuf.c.obj
                0x10008328                pbuf_cat
 .text.pbuf_chain
                0x1000837c       0x70 CMakeFiles/pico_oscilloscope.dir/C_/pico/pico-sdk/lib/lwip/src/core/pbuf.c.obj
                0x1000837c                pbuf_chain
 .text.pbuf_copy_partial_pbuf
                0x100083ec      0x158 CMakeFiles/pico_oscilloscope.dir/C_/pico/pico-sdk/lib/lwip/src/core/pbuf.c.obj
                0x100083ec                pbuf_copy_partial_pbuf
 .text.pbuf_copy
                0x10008544       0x18 CMakeFiles/pico_oscilloscope.dir/C_/pico/pico-sdk/lib/lwip/src/core/pbuf.c.obj
                0x10008544                pbuf_copy
 .text.pbuf_copy_partial
                0x1000855c       0x70 CMakeFiles/pico_oscilloscope.dir/C_/pico/pico-sdk/lib/lwip/src/core/pbuf.c.obj
                0x1000855c                pbuf_copy_partial
 .text.pbuf_take
                0x100085cc       0x78 CMakeFiles/pico_oscilloscope.dir/C_/pico/pico-sdk/lib/lwip/src/core/pbuf.c.obj
                0x100085cc                pbuf_take
 .text.pbuf_take_at
                0x10008644       0xc0 CMakeFiles/pico_oscilloscope.dir/C_/pico/pico-sdk/lib/lwip/src/core/pbuf.c.obj
                0x10008644                pbuf_take_at
 .text.pbuf_clone
                0x10008704       0x30 CMakeFiles/pico_oscilloscope.dir/C_/pico/pico-sdk/lib/lwip/src/core/pbuf.c.obj
                0x10008704                pbuf_clone
 .text.pbuf_put_at
                0x10008734       0x1c CMakeFiles/pico_oscilloscope.dir/C_/pico/pico-sdk/lib/lwip/src/core/pbuf.c.obj
                0x10008734                pbuf_put_at
 .text.raw_input
                0x10008750      0x148 CMakeFiles/pico_oscilloscope.dir/C_/pico/pico-sdk/lib/lwip/src/core/raw.c.obj
                0x10008750                raw_input
 .text.raw_netif_ip_addr_changed
                0x10008898       0x40 CMakeFiles/pico_oscilloscope.dir/C_/pico/pico-sdk/lib/lwip/src/core/raw.c.obj
                0x10008898                raw_netif_ip_addr_changed
 .text.tcp_close_shutdown_fin
                0x100088d8       0x54 CMakeFiles/pico_oscilloscope.dir/C_/pico/pico-sdk/lib/lwip/src/core/tcp.c.obj
 .text.tcp_pcb_purge.part.0
                0x1000892c       0xc4 CMakeFiles/pico_oscilloscope.dir/C_/pico/pico-sdk/lib/lwip/src/core/tcp.c.obj
 .text.tcp_init
                0x100089f0       0x1c CMakeFiles/pico_oscilloscope.dir/C_/pico/pico-sdk/lib/lwip/src/core/tcp.c.obj
                0x100089f0                tcp_init
 .text.tcp_free
                0x10008a0c       0x1c CMakeFiles/pico_oscilloscope.dir/C_/pico/pico-sdk/lib/lwip/src/core/tcp.c.obj
                0x10008a0c                tcp_free
 .text.tcp_update_rcv_ann_wnd
                0x10008a28       0x60 CMakeFiles/pico_oscilloscope.dir/C_/pico/pico-sdk/lib/lwip/src/core/tcp.c.obj
                0x10008a28                tcp_update_rcv_ann_wnd
 .text.tcp_recved
                0x10008a88       0x9c CMakeFiles/pico_oscilloscope.dir/C_/pico/pico-sdk/lib/lwip/src/core/tcp.c.obj
                0x10008a88                tcp_recved
 .text.tcp_slowtmr
                0x10008b24      0x508 CMakeFiles/pico_oscilloscope.dir/C_/pico/pico-sdk/lib/lwip/src/core/tcp.c.obj
                0x10008b24                tcp_slowtmr
 .text.tcp_segs_free
                0x1000902c       0x38 CMakeFiles/pico_oscilloscope.dir/C_/pico/pico-sdk/lib/lwip/src/core/tcp.c.obj
                0x1000902c                tcp_segs_free
 .text.tcp_seg_free
                0x10009064       0x1c CMakeFiles/pico_oscilloscope.dir/C_/pico/pico-sdk/lib/lwip/src/core/tcp.c.obj
                0x10009064                tcp_seg_free
 .text.tcp_seg_copy
                0x10009080       0x2c CMakeFiles/pico_oscilloscope.dir/C_/pico/pico-sdk/lib/lwip/src/core/tcp.c.obj
                0x10009080                tcp_seg_copy
 .text.tcp_pcb_purge
                0x100090ac       0x18 CMakeFiles/pico_oscilloscope.dir/C_/pico/pico-sdk/lib/lwip/src/core/tcp.c.obj
                0x100090ac                tcp_pcb_purge
 .text.tcp_pcb_remove
                0x100090c4       0xc8 CMakeFiles/pico_oscilloscope.dir/C_/pico/pico-sdk/lib/lwip/src/core/tcp.c.obj
                0x100090c4                tcp_pcb_remove
 .text.tcp_abandon
                0x1000918c      0x1a0 CMakeFiles/pico_oscilloscope.dir/C_/pico/pico-sdk/lib/lwip/src/core/tcp.c.obj
                0x1000918c                tcp_abandon
 .text.tcp_abort
                0x1000932c        0xc CMakeFiles/pico_oscilloscope.dir/C_/pico/pico-sdk/lib/lwip/src/core/tcp.c.obj
                0x1000932c                tcp_abort
 .text.tcp_alloc
                0x10009338      0x1bc CMakeFiles/pico_oscilloscope.dir/C_/pico/pico-sdk/lib/lwip/src/core/tcp.c.obj
                0x10009338                tcp_alloc
 .text.tcp_close_shutdown
                0x100094f4      0x188 CMakeFiles/pico_oscilloscope.dir/C_/pico/pico-sdk/lib/lwip/src/core/tcp.c.obj
 .text.tcp_recv_null
                0x1000967c       0xd0 CMakeFiles/pico_oscilloscope.dir/C_/pico/pico-sdk/lib/lwip/src/core/tcp.c.obj
                0x1000967c                tcp_recv_null
 .text.tcp_process_refused_data
                0x1000974c       0x78 CMakeFiles/pico_oscilloscope.dir/C_/pico/pico-sdk/lib/lwip/src/core/tcp.c.obj
                0x1000974c                tcp_process_refused_data
 .text.tcp_fasttmr
                0x100097c4       0x98 CMakeFiles/pico_oscilloscope.dir/C_/pico/pico-sdk/lib/lwip/src/core/tcp.c.obj
                0x100097c4                tcp_fasttmr
 .text.tcp_tmr  0x1000985c       0x20 CMakeFiles/pico_oscilloscope.dir/C_/pico/pico-sdk/lib/lwip/src/core/tcp.c.obj
                0x1000985c                tcp_tmr
 .text.tcp_next_iss
                0x1000987c       0x28 CMakeFiles/pico_oscilloscope.dir/C_/pico/pico-sdk/lib/lwip/src/core/tcp.c.obj
                0x1000987c                tcp_next_iss
 .text.tcp_eff_send_mss_netif
                0x100098a4       0x34 CMakeFiles/pico_oscilloscope.dir/C_/pico/pico-sdk/lib/lwip/src/core/tcp.c.obj
                0x100098a4                tcp_eff_send_mss_netif
 .text.tcp_netif_ip_addr_changed
                0x100098d8       0x94 CMakeFiles/pico_oscilloscope.dir/C_/pico/pico-sdk/lib/lwip/src/core/tcp.c.obj
                0x100098d8                tcp_netif_ip_addr_changed
 .text.tcp_free_ooseq
                0x1000996c       0x40 CMakeFiles/pico_oscilloscope.dir/C_/pico/pico-sdk/lib/lwip/src/core/tcp.c.obj
                0x1000996c                tcp_free_ooseq
 .text.tcp_parseopt
                0x100099ac      0x1c0 CMakeFiles/pico_oscilloscope.dir/C_/pico/pico-sdk/lib/lwip/src/core/tcp_in.c.obj
 .text.tcp_oos_insert_segment
                0x10009b6c       0xb8 CMakeFiles/pico_oscilloscope.dir/C_/pico/pico-sdk/lib/lwip/src/core/tcp_in.c.obj
 .text.tcp_free_acked_segments.isra.0
                0x10009c24       0xd8 CMakeFiles/pico_oscilloscope.dir/C_/pico/pico-sdk/lib/lwip/src/core/tcp_in.c.obj
 .text.tcp_receive
                0x10009cfc      0x9b4 CMakeFiles/pico_oscilloscope.dir/C_/pico/pico-sdk/lib/lwip/src/core/tcp_in.c.obj
 .text.tcp_input
                0x1000a6b0      0xcb0 CMakeFiles/pico_oscilloscope.dir/C_/pico/pico-sdk/lib/lwip/src/core/tcp_in.c.obj
                0x1000a6b0                tcp_input
 .text.tcp_trigger_input_pcb_close
                0x1000b360       0x10 CMakeFiles/pico_oscilloscope.dir/C_/pico/pico-sdk/lib/lwip/src/core/tcp_in.c.obj
                0x1000b360                tcp_trigger_input_pcb_close
 .text.tcp_create_segment
                0x1000b370       0xdc CMakeFiles/pico_oscilloscope.dir/C_/pico/pico-sdk/lib/lwip/src/core/tcp_out.c.obj
 .text.tcp_output_control_segment
                0x1000b44c       0xa0 CMakeFiles/pico_oscilloscope.dir/C_/pico/pico-sdk/lib/lwip/src/core/tcp_out.c.obj
 .text.tcp_split_unsent_seg
                0x1000b4ec      0x194 CMakeFiles/pico_oscilloscope.dir/C_/pico/pico-sdk/lib/lwip/src/core/tcp_out.c.obj
                0x1000b4ec                tcp_split_unsent_seg
 .text.tcp_send_fin
                0x1000b680      0x108 CMakeFiles/pico_oscilloscope.dir/C_/pico/pico-sdk/lib/lwip/src/core/tcp_out.c.obj
                0x1000b680                tcp_send_fin
 .text.tcp_enqueue_flags
                0x1000b788      0x110 CMakeFiles/pico_oscilloscope.dir/C_/pico/pico-sdk/lib/lwip/src/core/tcp_out.c.obj
                0x1000b788                tcp_enqueue_flags
 .text.tcp_rexmit_rto_prepare
                0x1000b898       0x9c CMakeFiles/pico_oscilloscope.dir/C_/pico/pico-sdk/lib/lwip/src/core/tcp_out.c.obj
                0x1000b898                tcp_rexmit_rto_prepare
 .text.tcp_rexmit
                0x1000b934       0x9c CMakeFiles/pico_oscilloscope.dir/C_/pico/pico-sdk/lib/lwip/src/core/tcp_out.c.obj
                0x1000b934                tcp_rexmit
 .text.tcp_rexmit_fast
                0x1000b9d0       0x60 CMakeFiles/pico_oscilloscope.dir/C_/pico/pico-sdk/lib/lwip/src/core/tcp_out.c.obj
                0x1000b9d0                tcp_rexmit_fast
 .text.tcp_rst  0x1000ba30       0xe8 CMakeFiles/pico_oscilloscope.dir/C_/pico/pico-sdk/lib/lwip/src/core/tcp_out.c.obj
                0x1000ba30                tcp_rst
 .text.tcp_rst_netif
                0x1000bb18      0x118 CMakeFiles/pico_oscilloscope.dir/C_/pico/pico-sdk/lib/lwip/src/core/tcp_out.c.obj
                0x1000bb18                tcp_rst_netif
 .text.tcp_send_empty_ack
                0x1000bc30       0xf4 CMakeFiles/pico_oscilloscope.dir/C_/pico/pico-sdk/lib/lwip/src/core/tcp_out.c.obj
                0x1000bc30                tcp_send_empty_ack
 .text.tcp_output
                0x1000bd24      0x42c CMakeFiles/pico_oscilloscope.dir/C_/pico/pico-sdk/lib/lwip/src/core/tcp_out.c.obj
                0x1000bd24                tcp_output
 .text.tcp_rexmit_rto_commit
                0x1000c150       0x24 CMakeFiles/pico_oscilloscope.dir/C_/pico/pico-sdk/lib/lwip/src/core/tcp_out.c.obj
                0x1000c150                tcp_rexmit_rto_commit
 .text.tcp_rexmit_rto
                0x1000c174       0xa4 CMakeFiles/pico_oscilloscope.dir/C_/pico/pico-sdk/lib/lwip/src/core/tcp_out.c.obj
                0x1000c174                tcp_rexmit_rto
 .text.tcp_keepalive
                0x1000c218       0xdc CMakeFiles/pico_oscilloscope.dir/C_/pico/pico-sdk/lib/lwip/src/core/tcp_out.c.obj
                0x1000c218                tcp_keepalive
 .text.tcp_zero_window_probe
                0x1000c2f4      0x198 CMakeFiles/pico_oscilloscope.dir/C_/pico/pico-sdk/lib/lwip/src/core/tcp_out.c.obj
                0x1000c2f4                tcp_zero_window_probe
 .text.tcpip_tcp_timer
                0x1000c48c       0x7c CMakeFiles/pico_oscilloscope.dir/C_/pico/pico-sdk/lib/lwip/src/core/timeouts.c.obj
 .text.lwip_cyclic_timer
                0x1000c508       0xa8 CMakeFiles/pico_oscilloscope.dir/C_/pico/pico-sdk/lib/lwip/src/core/timeouts.c.obj
 .text.tcp_timer_needed
                0x1000c5b0       0x80 CMakeFiles/pico_oscilloscope.dir/C_/pico/pico-sdk/lib/lwip/src/core/timeouts.c.obj
                0x1000c5b0                tcp_timer_needed
 .text.sys_timeouts_init
                0x1000c630       0x94 CMakeFiles/pico_oscilloscope.dir/C_/pico/pico-sdk/lib/lwip/src/core/timeouts.c.obj
                0x1000c630                sys_timeouts_init
 .text.sys_check_timeouts
                0x1000c6c4       0x68 CMakeFiles/pico_oscilloscope.dir/C_/pico/pico-sdk/lib/lwip/src/core/timeouts.c.obj
                0x1000c6c4                sys_check_timeouts
 .text.sys_timeouts_sleeptime
                0x1000c72c       0x28 CMakeFiles/pico_oscilloscope.dir/C_/pico/pico-sdk/lib/lwip/src/core/timeouts.c.obj
                0x1000c72c                sys_timeouts_sleeptime
 .text.udp_init
                0x1000c754       0x1c CMakeFiles/pico_oscilloscope.dir/C_/pico/pico-sdk/lib/lwip/src/core/udp.c.obj
                0x1000c754                udp_init
 .text.udp_input
                0x1000c770      0x2b0 CMakeFiles/pico_oscilloscope.dir/C_/pico/pico-sdk/lib/lwip/src/core/udp.c.obj
                0x1000c770                udp_input
 .text.udp_bind
                0x1000ca20       0xf0 CMakeFiles/pico_oscilloscope.dir/C_/pico/pico-sdk/lib/lwip/src/core/udp.c.obj
                0x1000ca20                udp_bind
 .text.udp_sendto_if_src
                0x1000cb10      0x120 CMakeFiles/pico_oscilloscope.dir/C_/pico/pico-sdk/lib/lwip/src/core/udp.c.obj
                0x1000cb10                udp_sendto_if_src
 .text.udp_sendto_if
                0x1000cc30       0x58 CMakeFiles/pico_oscilloscope.dir/C_/pico/pico-sdk/lib/lwip/src/core/udp.c.obj
                0x1000cc30                udp_sendto_if
 .text.udp_sendto
                0x1000cc88       0x68 CMakeFiles/pico_oscilloscope.dir/C_/pico/pico-sdk/lib/lwip/src/core/udp.c.obj
                0x1000cc88                udp_sendto
 .text.udp_connect
                0x1000ccf0       0x5c CMakeFiles/pico_oscilloscope.dir/C_/pico/pico-sdk/lib/lwip/src/core/udp.c.obj
                0x1000ccf0                udp_connect
 .text.udp_recv
                0x1000cd4c        0xc CMakeFiles/pico_oscilloscope.dir/C_/pico/pico-sdk/lib/lwip/src/core/udp.c.obj
                0x1000cd4c                udp_recv
 .text.udp_remove
                0x1000cd58       0x40 CMakeFiles/pico_oscilloscope.dir/C_/pico/pico-sdk/lib/lwip/src/core/udp.c.obj
                0x1000cd58                udp_remove
 .text.udp_new  0x1000cd98       0x1c CMakeFiles/pico_oscilloscope.dir/C_/pico/pico-sdk/lib/lwip/src/core/udp.c.obj
                0x1000cd98                udp_new
 .text.udp_netif_ip_addr_changed
                0x1000cdb4       0x40 CMakeFiles/pico_oscilloscope.dir/C_/pico/pico-sdk/lib/lwip/src/core/udp.c.obj
                0x1000cdb4                udp_netif_ip_addr_changed
 .text.dhcp_create_msg
                0x1000cdf4      0x160 CMakeFiles/pico_oscilloscope.dir/C_/pico/pico-sdk/lib/lwip/src/core/ipv4/dhcp.c.obj
 .text.dhcp_bind
                0x1000cf54      0x140 CMakeFiles/pico_oscilloscope.dir/C_/pico/pico-sdk/lib/lwip/src/core/ipv4/dhcp.c.obj
 .text.dhcp_inc_pcb_refcount
                0x1000d094       0x6c CMakeFiles/pico_oscilloscope.dir/C_/pico/pico-sdk/lib/lwip/src/core/ipv4/dhcp.c.obj
 .text.dhcp_handle_ack.isra.0
                0x1000d100       0xbc CMakeFiles/pico_oscilloscope.dir/C_/pico/pico-sdk/lib/lwip/src/core/ipv4/dhcp.c.obj
 .text.dhcp_discover.isra.0
                0x1000d1bc      0x124 CMakeFiles/pico_oscilloscope.dir/C_/pico/pico-sdk/lib/lwip/src/core/ipv4/dhcp.c.obj
 .text.dhcp_reboot.isra.0
                0x1000d2e0      0x168 CMakeFiles/pico_oscilloscope.dir/C_/pico/pico-sdk/lib/lwip/src/core/ipv4/dhcp.c.obj
 .text.dhcp_select.isra.0
                0x1000d448      0x1d0 CMakeFiles/pico_oscilloscope.dir/C_/pico/pico-sdk/lib/lwip/src/core/ipv4/dhcp.c.obj
 .text.dhcp_recv
                0x1000d618      0x488 CMakeFiles/pico_oscilloscope.dir/C_/pico/pico-sdk/lib/lwip/src/core/ipv4/dhcp.c.obj
 .text.dhcp_conflict_callback
                0x1000daa0      0x124 CMakeFiles/pico_oscilloscope.dir/C_/pico/pico-sdk/lib/lwip/src/core/ipv4/dhcp.c.obj
 .text.dhcp_set_struct
                0x1000dbc4       0x44 CMakeFiles/pico_oscilloscope.dir/C_/pico/pico-sdk/lib/lwip/src/core/ipv4/dhcp.c.obj
                0x1000dbc4                dhcp_set_struct
 .text.dhcp_start
                0x1000dc08       0xb8 CMakeFiles/pico_oscilloscope.dir/C_/pico/pico-sdk/lib/lwip/src/core/ipv4/dhcp.c.obj
                0x1000dc08                dhcp_start
 .text.dhcp_network_changed_link_up
                0x1000dcc0       0x40 CMakeFiles/pico_oscilloscope.dir/C_/pico/pico-sdk/lib/lwip/src/core/ipv4/dhcp.c.obj
                0x1000dcc0                dhcp_network_changed_link_up
 .text.dhcp_renew
                0x1000dd00      0x120 CMakeFiles/pico_oscilloscope.dir/C_/pico/pico-sdk/lib/lwip/src/core/ipv4/dhcp.c.obj
                0x1000dd00                dhcp_renew
 .text.dhcp_release_and_stop
                0x1000de20      0x158 CMakeFiles/pico_oscilloscope.dir/C_/pico/pico-sdk/lib/lwip/src/core/ipv4/dhcp.c.obj
                0x1000de20                dhcp_release_and_stop
 .text.dhcp_coarse_tmr
                0x1000df78      0x1c4 CMakeFiles/pico_oscilloscope.dir/C_/pico/pico-sdk/lib/lwip/src/core/ipv4/dhcp.c.obj
                0x1000df78                dhcp_coarse_tmr
 .text.dhcp_fine_tmr
                0x1000e13c       0x78 CMakeFiles/pico_oscilloscope.dir/C_/pico/pico-sdk/lib/lwip/src/core/ipv4/dhcp.c.obj
                0x1000e13c                dhcp_fine_tmr
 .text.dhcp_stop
                0x1000e1b4        0x8 CMakeFiles/pico_oscilloscope.dir/C_/pico/pico-sdk/lib/lwip/src/core/ipv4/dhcp.c.obj
                0x1000e1b4                dhcp_stop
 .text.etharp_find_entry
                0x1000e1bc      0x3a0 CMakeFiles/pico_oscilloscope.dir/C_/pico/pico-sdk/lib/lwip/src/core/ipv4/etharp.c.obj
 .text.etharp_raw
                0x1000e55c       0xd8 CMakeFiles/pico_oscilloscope.dir/C_/pico/pico-sdk/lib/lwip/src/core/ipv4/etharp.c.obj
 .text.etharp_output_to_arp_index
                0x1000e634       0xc4 CMakeFiles/pico_oscilloscope.dir/C_/pico/pico-sdk/lib/lwip/src/core/ipv4/etharp.c.obj
 .text.etharp_tmr
                0x1000e6f8       0x88 CMakeFiles/pico_oscilloscope.dir/C_/pico/pico-sdk/lib/lwip/src/core/ipv4/etharp.c.obj
                0x1000e6f8                etharp_tmr
 .text.etharp_cleanup_netif
                0x1000e780      0x190 CMakeFiles/pico_oscilloscope.dir/C_/pico/pico-sdk/lib/lwip/src/core/ipv4/etharp.c.obj
                0x1000e780                etharp_cleanup_netif
 .text.etharp_input
                0x1000e910      0x17c CMakeFiles/pico_oscilloscope.dir/C_/pico/pico-sdk/lib/lwip/src/core/ipv4/etharp.c.obj
                0x1000e910                etharp_input
 .text.etharp_query
                0x1000ea8c      0x174 CMakeFiles/pico_oscilloscope.dir/C_/pico/pico-sdk/lib/lwip/src/core/ipv4/etharp.c.obj
                0x1000ea8c                etharp_query
 .text.etharp_output
                0x1000ec00      0x234 CMakeFiles/pico_oscilloscope.dir/C_/pico/pico-sdk/lib/lwip/src/core/ipv4/etharp.c.obj
                0x1000ec00                etharp_output
 .text.etharp_acd_probe
                0x1000ee34       0xe0 CMakeFiles/pico_oscilloscope.dir/C_/pico/pico-sdk/lib/lwip/src/core/ipv4/etharp.c.obj
                0x1000ee34                etharp_acd_probe
 .text.etharp_acd_announce
                0x1000ef14       0xdc CMakeFiles/pico_oscilloscope.dir/C_/pico/pico-sdk/lib/lwip/src/core/ipv4/etharp.c.obj
                0x1000ef14                etharp_acd_announce
 .text.icmp_input
                0x1000eff0      0x178 CMakeFiles/pico_oscilloscope.dir/C_/pico/pico-sdk/lib/lwip/src/core/ipv4/icmp.c.obj
                0x1000eff0                icmp_input
 .text.icmp_dest_unreach
                0x1000f168       0xb8 CMakeFiles/pico_oscilloscope.dir/C_/pico/pico-sdk/lib/lwip/src/core/ipv4/icmp.c.obj
                0x1000f168                icmp_dest_unreach
 .text.icmp_time_exceeded
                0x1000f220       0xb8 CMakeFiles/pico_oscilloscope.dir/C_/pico/pico-sdk/lib/lwip/src/core/ipv4/icmp.c.obj
                0x1000f220                icmp_time_exceeded
 .text.ipfrag_free_pbuf_custom
                0x1000f2d8       0x24 CMakeFiles/pico_oscilloscope.dir/C_/pico/pico-sdk/lib/lwip/src/core/ipv4/ip4_frag.c.obj
 .text.ip_reass_free_complete_datagram
                0x1000f2fc      0x118 CMakeFiles/pico_oscilloscope.dir/C_/pico/pico-sdk/lib/lwip/src/core/ipv4/ip4_frag.c.obj
 .text.ip_reass_remove_oldest_datagram
                0x1000f414      0x118 CMakeFiles/pico_oscilloscope.dir/C_/pico/pico-sdk/lib/lwip/src/core/ipv4/ip4_frag.c.obj
 .text.ip_reass_tmr
                0x1000f52c       0x30 CMakeFiles/pico_oscilloscope.dir/C_/pico/pico-sdk/lib/lwip/src/core/ipv4/ip4_frag.c.obj
                0x1000f52c                ip_reass_tmr
 .text.ip4_reass
                0x1000f55c      0x4ec CMakeFiles/pico_oscilloscope.dir/C_/pico/pico-sdk/lib/lwip/src/core/ipv4/ip4_frag.c.obj
                0x1000f55c                ip4_reass
 .text.ip4_frag
                0x1000fa48      0x1e8 CMakeFiles/pico_oscilloscope.dir/C_/pico/pico-sdk/lib/lwip/src/core/ipv4/ip4_frag.c.obj
                0x1000fa48                ip4_frag
 .text.ip4_route
                0x1000fc30       0x78 CMakeFiles/pico_oscilloscope.dir/C_/pico/pico-sdk/lib/lwip/src/core/ipv4/ip4.c.obj
                0x1000fc30                ip4_route
 .text.ip4_input
                0x1000fca8      0x268 CMakeFiles/pico_oscilloscope.dir/C_/pico/pico-sdk/lib/lwip/src/core/ipv4/ip4.c.obj
                0x1000fca8                ip4_input
 .text.ip4_output_if
                0x1000ff10      0x18c CMakeFiles/pico_oscilloscope.dir/C_/pico/pico-sdk/lib/lwip/src/core/ipv4/ip4.c.obj
                0x1000ff10                ip4_output_if
 .text.ip4_output_if_src
                0x1001009c      0x170 CMakeFiles/pico_oscilloscope.dir/C_/pico/pico-sdk/lib/lwip/src/core/ipv4/ip4.c.obj
                0x1001009c                ip4_output_if_src
 .text.ip4_addr_isbroadcast_u32
                0x1001020c       0x3c CMakeFiles/pico_oscilloscope.dir/C_/pico/pico-sdk/lib/lwip/src/core/ipv4/ip4_addr.c.obj
                0x1001020c                ip4_addr_isbroadcast_u32
 .text.ip4addr_ntoa
                0x10010248       0xec CMakeFiles/pico_oscilloscope.dir/C_/pico/pico-sdk/lib/lwip/src/core/ipv4/ip4_addr.c.obj
                0x10010248                ip4addr_ntoa
 .text.acd_add  0x10010334       0x30 CMakeFiles/pico_oscilloscope.dir/C_/pico/pico-sdk/lib/lwip/src/core/ipv4/acd.c.obj
                0x10010334                acd_add
 .text.acd_remove
                0x10010364       0x38 CMakeFiles/pico_oscilloscope.dir/C_/pico/pico-sdk/lib/lwip/src/core/ipv4/acd.c.obj
                0x10010364                acd_remove
 .text.acd_start
                0x1001039c       0x20 CMakeFiles/pico_oscilloscope.dir/C_/pico/pico-sdk/lib/lwip/src/core/ipv4/acd.c.obj
                0x1001039c                acd_start
 .text.acd_network_changed_link_down
                0x100103bc       0x14 CMakeFiles/pico_oscilloscope.dir/C_/pico/pico-sdk/lib/lwip/src/core/ipv4/acd.c.obj
                0x100103bc                acd_network_changed_link_down
 .text.acd_tmr  0x100103d0       0xe8 CMakeFiles/pico_oscilloscope.dir/C_/pico/pico-sdk/lib/lwip/src/core/ipv4/acd.c.obj
                0x100103d0                acd_tmr
 .text.acd_arp_reply
                0x100104b8      0x198 CMakeFiles/pico_oscilloscope.dir/C_/pico/pico-sdk/lib/lwip/src/core/ipv4/acd.c.obj
                0x100104b8                acd_arp_reply
 .text.acd_netif_ip_addr_changed
                0x10010650       0x74 CMakeFiles/pico_oscilloscope.dir/C_/pico/pico-sdk/lib/lwip/src/core/ipv4/acd.c.obj
                0x10010650                acd_netif_ip_addr_changed
 .text.ethernet_input
                0x100106c4       0xb0 CMakeFiles/pico_oscilloscope.dir/C_/pico/pico-sdk/lib/lwip/src/netif/ethernet.c.obj
                0x100106c4                ethernet_input
 .text.ethernet_output
                0x10010774       0x6c CMakeFiles/pico_oscilloscope.dir/C_/pico/pico-sdk/lib/lwip/src/netif/ethernet.c.obj
                0x10010774                ethernet_output
 .text.cyw43_arch_wifi_connect_bssid_until.part.0
                0x100107e0      0x144 CMakeFiles/pico_oscilloscope.dir/C_/pico/pico-sdk/src/rp2_common/pico_cyw43_arch/cyw43_arch.c.obj
 .text.cyw43_arch_set_async_context
                0x10010924        0xc CMakeFiles/pico_oscilloscope.dir/C_/pico/pico-sdk/src/rp2_common/pico_cyw43_arch/cyw43_arch.c.obj
                0x10010924                cyw43_arch_set_async_context
 .text.cyw43_arch_enable_sta_mode
                0x10010930       0x1c CMakeFiles/pico_oscilloscope.dir/C_/pico/pico-sdk/src/rp2_common/pico_cyw43_arch/cyw43_arch.c.obj
                0x10010930                cyw43_arch_enable_sta_mode
 .text.cyw43_arch_wifi_connect_timeout_ms
                0x1001094c       0x94 CMakeFiles/pico_oscilloscope.dir/C_/pico/pico-sdk/src/rp2_common/pico_cyw43_arch/cyw43_arch.c.obj
                0x1001094c                cyw43_arch_wifi_connect_timeout_ms
 .text.cyw43_arch_async_context
                0x100109e0        0xc CMakeFiles/pico_oscilloscope.dir/C_/pico/pico-sdk/src/rp2_common/pico_cyw43_arch/cyw43_arch.c.obj
                0x100109e0                cyw43_arch_async_context
 .text.cyw43_arch_poll
                0x100109ec       0x18 CMakeFiles/pico_oscilloscope.dir/C_/pico/pico-sdk/src/rp2_common/pico_cyw43_arch/cyw43_arch.c.obj
                0x100109ec                cyw43_arch_poll
 .text.cyw43_arch_init
                0x10010a04       0x68 CMakeFiles/pico_oscilloscope.dir/C_/pico/pico-sdk/src/rp2_common/pico_cyw43_arch/cyw43_arch_poll.c.obj
                0x10010a04                cyw43_arch_init
 .text.ns_delay.constprop.0
                0x10010a6c       0x20 CMakeFiles/pico_oscilloscope.dir/C_/pico/pico-sdk/src/rp2_common/pico_cyw43_driver/cyw43_bus_pio_spi.c.obj
 .text.cyw43_spi_deinit
                0x10010a8c       0x6c CMakeFiles/pico_oscilloscope.dir/C_/pico/pico-sdk/src/rp2_common/pico_cyw43_driver/cyw43_bus_pio_spi.c.obj
                0x10010a8c                cyw43_spi_deinit
 .text.cyw43_spi_init
                0x10010af8      0x128 CMakeFiles/pico_oscilloscope.dir/C_/pico/pico-sdk/src/rp2_common/pico_cyw43_driver/cyw43_bus_pio_spi.c.obj
                0x10010af8                cyw43_spi_init
 .text.cyw43_spi_transfer
                0x10010c20      0x41c CMakeFiles/pico_oscilloscope.dir/C_/pico/pico-sdk/src/rp2_common/pico_cyw43_driver/cyw43_bus_pio_spi.c.obj
                0x10010c20                cyw43_spi_transfer
 .text.cyw43_spi_gpio_setup
                0x1001103c       0x3c CMakeFiles/pico_oscilloscope.dir/C_/pico/pico-sdk/src/rp2_common/pico_cyw43_driver/cyw43_bus_pio_spi.c.obj
                0x1001103c                cyw43_spi_gpio_setup
 .text.cyw43_spi_reset
                0x10011078       0x28 CMakeFiles/pico_oscilloscope.dir/C_/pico/pico-sdk/src/rp2_common/pico_cyw43_driver/cyw43_bus_pio_spi.c.obj
                0x10011078                cyw43_spi_reset
 .text.read_reg_u32_swap
                0x100110a0       0x44 CMakeFiles/pico_oscilloscope.dir/C_/pico/pico-sdk/src/rp2_common/pico_cyw43_driver/cyw43_bus_pio_spi.c.obj
                0x100110a0                read_reg_u32_swap
 .text.cyw43_read_reg_u32
                0x100110e4       0x54 CMakeFiles/pico_oscilloscope.dir/C_/pico/pico-sdk/src/rp2_common/pico_cyw43_driver/cyw43_bus_pio_spi.c.obj
                0x100110e4                cyw43_read_reg_u32
 .text.cyw43_read_reg_u16
                0x10011138       0x54 CMakeFiles/pico_oscilloscope.dir/C_/pico/pico-sdk/src/rp2_common/pico_cyw43_driver/cyw43_bus_pio_spi.c.obj
                0x10011138                cyw43_read_reg_u16
 .text.cyw43_read_reg_u8
                0x1001118c       0x54 CMakeFiles/pico_oscilloscope.dir/C_/pico/pico-sdk/src/rp2_common/pico_cyw43_driver/cyw43_bus_pio_spi.c.obj
                0x1001118c                cyw43_read_reg_u8
 .text.write_reg_u32_swap
                0x100111e0      0x1f8 CMakeFiles/pico_oscilloscope.dir/C_/pico/pico-sdk/src/rp2_common/pico_cyw43_driver/cyw43_bus_pio_spi.c.obj
                0x100111e0                write_reg_u32_swap
 .text.cyw43_write_reg_u32
                0x100113d8      0x1f4 CMakeFiles/pico_oscilloscope.dir/C_/pico/pico-sdk/src/rp2_common/pico_cyw43_driver/cyw43_bus_pio_spi.c.obj
                0x100113d8                cyw43_write_reg_u32
 .text.cyw43_write_reg_u16
                0x100115cc      0x1f4 CMakeFiles/pico_oscilloscope.dir/C_/pico/pico-sdk/src/rp2_common/pico_cyw43_driver/cyw43_bus_pio_spi.c.obj
                0x100115cc                cyw43_write_reg_u16
 .text.cyw43_write_reg_u8
                0x100117c0      0x1f4 CMakeFiles/pico_oscilloscope.dir/C_/pico/pico-sdk/src/rp2_common/pico_cyw43_driver/cyw43_bus_pio_spi.c.obj
                0x100117c0                cyw43_write_reg_u8
 .text.cyw43_read_bytes
                0x100119b4       0x80 CMakeFiles/pico_oscilloscope.dir/C_/pico/pico-sdk/src/rp2_common/pico_cyw43_driver/cyw43_bus_pio_spi.c.obj
                0x100119b4                cyw43_read_bytes
 .text.cyw43_write_bytes
                0x10011a34       0xb4 CMakeFiles/pico_oscilloscope.dir/C_/pico/pico-sdk/src/rp2_common/pico_cyw43_driver/cyw43_bus_pio_spi.c.obj
                0x10011a34                cyw43_write_bytes
 .text.cyw43_set_backplane_window
                0x10011ae8       0x68 CMakeFiles/pico_oscilloscope.dir/C_/pico/pico-sdk/lib/cyw43-driver/src/cyw43_ll.c.obj
 .text.cyw43_ll_parse_async_event
                0x10011b50      0x12c CMakeFiles/pico_oscilloscope.dir/C_/pico/pico-sdk/lib/cyw43-driver/src/cyw43_ll.c.obj
 .text.cyw43_kso_set
                0x10011c7c       0x80 CMakeFiles/pico_oscilloscope.dir/C_/pico/pico-sdk/lib/cyw43-driver/src/cyw43_ll.c.obj
 .text.cyw43_ll_sdpcm_poll_device
                0x10011cfc      0x230 CMakeFiles/pico_oscilloscope.dir/C_/pico/pico-sdk/lib/cyw43-driver/src/cyw43_ll.c.obj
 .text.cyw43_sdpcm_send_common
                0x10011f2c       0xf4 CMakeFiles/pico_oscilloscope.dir/C_/pico/pico-sdk/lib/cyw43-driver/src/cyw43_ll.c.obj
 .text.cyw43_do_ioctl.part.0
                0x10012020       0xc4 CMakeFiles/pico_oscilloscope.dir/C_/pico/pico-sdk/lib/cyw43-driver/src/cyw43_ll.c.obj
 .text.cyw43_write_iovar_u32.constprop.0
                0x100120e4       0x9c CMakeFiles/pico_oscilloscope.dir/C_/pico/pico-sdk/lib/cyw43-driver/src/cyw43_ll.c.obj
 .text.cyw43_write_iovar_n
                0x10012180       0x8c CMakeFiles/pico_oscilloscope.dir/C_/pico/pico-sdk/lib/cyw43-driver/src/cyw43_ll.c.obj
 .text.cyw43_write_iovar_u32_u32.constprop.0
                0x1001220c       0xac CMakeFiles/pico_oscilloscope.dir/C_/pico/pico-sdk/lib/cyw43-driver/src/cyw43_ll.c.obj
 .text.cyw43_read_backplane.constprop.0
                0x100122b8       0xe4 CMakeFiles/pico_oscilloscope.dir/C_/pico/pico-sdk/lib/cyw43-driver/src/cyw43_ll.c.obj
 .text.cyw43_write_backplane
                0x1001239c      0x104 CMakeFiles/pico_oscilloscope.dir/C_/pico/pico-sdk/lib/cyw43-driver/src/cyw43_ll.c.obj
 .text.reset_device_core.constprop.0
                0x100124a0      0x408 CMakeFiles/pico_oscilloscope.dir/C_/pico/pico-sdk/lib/cyw43-driver/src/cyw43_ll.c.obj
 .text.cyw43_ll_init
                0x100128a8       0x1c CMakeFiles/pico_oscilloscope.dir/C_/pico/pico-sdk/lib/cyw43-driver/src/cyw43_ll.c.obj
                0x100128a8                cyw43_ll_init
 .text.cyw43_ll_deinit
                0x100128c4        0x8 CMakeFiles/pico_oscilloscope.dir/C_/pico/pico-sdk/lib/cyw43-driver/src/cyw43_ll.c.obj
                0x100128c4                cyw43_ll_deinit