Archive member included to satisfy reference by file (symbol)

C:/Users/david/scoop/apps/gcc-arm-none-eabi/15.2.rel1/bin/../lib/gcc/arm-none-eabi/15.2.1/thumb/v6-m/nofp\libgcc.a(_dvmd_tls.o)
                              CMakeFiles/pico_oscilloscope.dir/C_/pico/pico-sdk/src/rp2_common/pico_divider/divider_hardware.S.obj (__aeabi_idiv0)
C:/Users/david/scoop/apps/gcc-arm-none-eabi/15.2.rel1/bin/../lib/gcc/arm-none-eabi/15.2.1/../../../../arm-none-eabi/lib/thumb/v6-m/nofp\libg.a(libc_a-calloc.o)
                              CMakeFiles/pico_oscilloscope.dir/C_/pico/pico-sdk/src/rp2_common/pico_malloc/malloc.c.obj (calloc)
C:/Users/david/scoop/apps/gcc-arm-none-eabi/15.2.rel1/bin/../lib/gcc/arm-none-eabi/15.2.1/../../../../arm-none-eabi/lib/thumb/v6-m/nofp\libg.a(libc_a-callocr.o)
                              C:/Users/david/scoop/apps/gcc-arm-none-eabi/15.2.rel1/bin/../lib/gcc/arm-none-eabi/15.2.1/../../../../arm-none-eabi/lib/thumb/v6-m/nofp\libg.a(libc_a-calloc.o) (_calloc_r)
C:/Users/david/scoop/apps/gcc-arm-none-eabi/15.2.rel1/bin/../lib/gcc/arm-none-eabi/15.2.1/../../../../arm-none-eabi/lib/thumb/v6-m/nofp\libg.a(libc_a-malloc.o)
                              CMakeFiles/pico_oscilloscope.dir/C_/pico/pico-sdk/src/rp2_common/pico_malloc/malloc.c.obj (malloc)
C:/Users/david/scoop/apps/gcc-arm-none-eabi/15.2.rel1/bin/../lib/gcc/arm-none-eabi/15.2.1/../../../../arm-none-eabi/lib/thumb/v6-m/nofp\libg.a(libc_a-mallocr.o)
                              C:/Users/david/scoop/apps/gcc-arm-none-eabi/15.2.rel1/bin/../lib/gcc/arm-none-eabi/15.2.1/../../../../arm-none-eabi/lib/thumb/v6-m/nofp\libg.a(libc_a-callocr.o) (_malloc_r)
C:/Users/david/scoop/apps/gcc-arm-none-eabi/15.2.rel1/bin/../lib/gcc/arm-none-eabi/15.2.1/../../../../arm-none-eabi/lib/thumb/v6-m/nofp\libg.a(libc_a-mlock.o)
                              C:/Users/david/scoop/apps/gcc-arm-none-eabi/15.2.rel1/bin/../lib/gcc/arm-none-eabi/15.2.1/../../../../arm-none-eabi/lib/thumb/v6-m/nofp\libg.a(libc_a-mallocr.o) (__malloc_lock)
C:/Users/david/scoop/apps/gcc-arm-none-eabi/15.2.rel1/bin/../lib/gcc/arm-none-eabi/15.2.1/../../../../arm-none-eabi/lib/thumb/v6-m/nofp\libg.a(libc_a-realloc.o)
                              CMakeFiles/pico_oscilloscope.dir/C_/pico/pico-sdk/src/rp2_common/pico_malloc/malloc.c.obj (realloc)
C:/Users/david/scoop/apps/gcc-arm-none-eabi/15.2.rel1/bin/../lib/gcc/arm-none-eabi/15.2.1/../../../../arm-none-eabi/lib/thumb/v6-m/nofp\libg.a(libc_a-reallocr.o)
                              C:/Users/david/scoop/apps/gcc-arm-none-eabi/15.2.rel1/bin/../lib/gcc/arm-none-eabi/15.2.1/../../../../arm-none-eabi/lib/thumb/v6-m/nofp\libg.a(libc_a-realloc.o) (_realloc_r)
C:/Users/david/scoop/apps/gcc-arm-none-eabi/15.2.rel1/bin/../lib/gcc/arm-none-eabi/15.2.1/../../../../arm-none-eabi/lib/thumb/v6-m/nofp\libg.a(libc_a-fflush.o)
                              CMakeFiles/pico_oscilloscope.dir/main.cpp.obj (fflush)
C:/Users/david/scoop/apps/gcc-arm-none-eabi/15.2.rel1/bin/../lib/gcc/arm-none-eabi/15.2.1/../../../../arm-none-eabi/lib/thumb/v6-m/nofp\libg.a(libc_a-findfp.o)
                              C:/Users/david/scoop/apps/gcc-arm-none-eabi/15.2.rel1/bin/../lib/gcc/arm-none-eabi/15.2.1/../../../../arm-none-eabi/lib/thumb/v6-m/nofp\libg.a(libc_a-fflush.o) (__sglue)
C:/Users/david/scoop/apps/gcc-arm-none-eabi/15.2.rel1/bin/../lib/gcc/arm-none-eabi/15.2.1/../../../../arm-none-eabi/lib/thumb/v6-m/nofp\libg.a(libc_a-fwalk.o)
                              C:/Users/david/scoop/apps/gcc-arm-none-eabi/15.2.rel1/bin/../lib/gcc/arm-none-eabi/15.2.1/../../../../arm-none-eabi/lib/thumb/v6-m/nofp\libg.a(libc_a-fflush.o) (_fwalk_sglue)
C:/Users/david/scoop/apps/gcc-arm-none-eabi/15.2.rel1/bin/../lib/gcc/arm-none-eabi/15.2.1/../../../../arm-none-eabi/lib/thumb/v6-m/nofp\libg.a(libc_a-fwrite.o)
                              CMakeFiles/pico_oscilloscope.dir/main.cpp.obj (fwrite)
C:/Users/david/scoop/apps/gcc-arm-none-eabi/15.2.rel1/bin/../lib/gcc/arm-none-eabi/15.2.1/../../../../arm-none-eabi/lib/thumb/v6-m/nofp\libg.a(libc_a-stdio.o)
                              C:/Users/david/scoop/apps/gcc-arm-none-eabi/15.2.rel1/bin/../lib/gcc/arm-none-eabi/15.2.1/../../../../arm-none-eabi/lib/thumb/v6-m/nofp\libg.a(libc_a-findfp.o) (__sread)
C:/Users/david/scoop/apps/gcc-arm-none-eabi/15.2.rel1/bin/../lib/gcc/arm-none-eabi/15.2.1/../../../../arm-none-eabi/lib/thumb/v6-m/nofp\libg.a(libc_a-memcmp.o)
                              CMakeFiles/pico_oscilloscope.dir/C_/pico/pico-sdk/src/rp2_common/pico_atomic/atomic.c.obj (memcmp)
C:/Users/david/scoop/apps/gcc-arm-none-eabi/15.2.rel1/bin/../lib/gcc/arm-none-eabi/15.2.1/../../../../arm-none-eabi/lib/thumb/v6-m/nofp\libg.a(libc_a-memmove.o)
                              C:/Users/david/scoop/apps/gcc-arm-none-eabi/15.2.rel1/bin/../lib/gcc/arm-none-eabi/15.2.1/../../../../arm-none-eabi/lib/thumb/v6-m/nofp\libg.a(libc_a-reallocr.o) (memmove)
[...]
Memory Configuration

Name             Origin             Length             Attributes
FLASH            0x10000000         0x00200000         xr
RAM              0x20000000         0x00040000         xrw
SCRATCH_X        0x20040000         0x00001000         xrw
SCRATCH_Y        0x20041000         0x00001000         xrw
*default*        0x00000000         0xffffffff

Linker script and memory map

LOAD C:/Users/david/scoop/apps/gcc-arm-none-eabi/15.2.rel1/bin/../lib/gcc/arm-none-eabi/15.2.1/thumb/v6-m/nofp/crti.o
LOAD C:/Users/david/scoop/apps/gcc-arm-none-eabi/15.2.rel1/bin/../lib/gcc/arm-none-eabi/15.2.1/thumb/v6-m/nofp/crtbegin.o
LOAD C:/Users/david/scoop/apps/gcc-arm-none-eabi/15.2.rel1/bin/../lib/gcc/arm-none-eabi/15.2.1/../../../../arm-none-eabi/lib/thumb/v6-m/nofp/crt0.o

.flash_begin    0x10000000        0x0
                0x10000000                        __flash_binary_start = .

.boot2          0x10000000      0x100
                0x10000000                        __boot2_start__ = .
 *(.boot2)
 .boot2         0x10000000      0x100 pico-sdk/src/rp2040/boot_stage2/CMakeFiles/bs2_default_library.dir/./bs2_default_padded_checksummed.S.obj
                0x10000100                        __boot2_end__ = .
                0x00000001                        ASSERT (((__boot2_end__ - __boot2_start__) == 0x100), ERROR: Pico second stage bootloader must be 256 bytes in size)

.text           0x10000100     0x619c
                0x10000100                        __logical_binary_start = .
 *(.vectors)
 .vectors       0x10000100       0xd4 CMakeFiles/pico_oscilloscope.dir/C_/pico/pico-sdk/src/rp2_common/pico_crt0/crt0.S.obj
                0x10000100                __VECTOR_TABLE
                0x10000100                __vectors
                0x100001c0                isr_irq13
                0x100001c0                isr_irq27
                0x100001c0                isr_irq31
                0x100001c0                isr_irq12
                0x100001c0                isr_irq5
                0x100001c0                isr_irq11
                0x100001c0                isr_irq3
                0x100001c0                isr_irq23
                0x100001c0                __unhandled_user_irq
                0x100001c0                isr_irq26
                0x100001c0                isr_irq28
                0x100001c0                isr_irq19
                0x100001c0                isr_irq0
                0x100001c0                isr_irq6
                0x100001c0                isr_irq29
                0x100001c0                isr_irq16
                0x100001c0                isr_irq22
                0x100001c0                isr_irq18
                0x100001c0                isr_irq17
                0x100001c0                isr_irq14
                0x100001c0                __vectors_end
                0x100001c0                __default_isrs_start
                0x100001c0                isr_irq2
                0x100001c0                isr_irq10
                0x100001c0                isr_irq8
                0x100001c0                isr_irq24
                0x100001c0                isr_irq1
                0x100001c0                isr_irq7
                0x100001c0                isr_irq21
                0x100001c0                isr_irq20
                0x100001c0                isr_irq15
                0x100001c0                isr_irq25
                0x100001c0                isr_irq4
                0x100001c0                isr_irq30
                0x100001c0                isr_irq9
                0x100001c6                unhandled_user_irq_num_in_r0
                0x100001c8                isr_invalid
                0x100001ca                isr_nmi
                0x100001cc                isr_hardfault
                0x100001ce                isr_svcall
                0x100001d0                isr_pendsv
                0x100001d2                isr_systick
                0x100001d4                __default_isrs_end
 *(.binary_info_header)
 .binary_info_header
                0x100001d4       0x14 CMakeFiles/pico_oscilloscope.dir/C_/pico/pico-sdk/src/rp2_common/pico_crt0/crt0.S.obj
                0x100001e8                        __binary_info_header_end = .
 *(.embedded_block)
                0x100001e8                        __embedded_block_end = .
 *(.reset)
 .reset         0x100001e8       0x9c CMakeFiles/pico_oscilloscope.dir/C_/pico/pico-sdk/src/rp2_common/pico_crt0/crt0.S.obj
                0x100001e8                _entry_point
 *(.init)
 .init          0x10000284        0x4 C:/Users/david/scoop/apps/gcc-arm-none-eabi/15.2.rel1/bin/../lib/gcc/arm-none-eabi/15.2.1/thumb/v6-m/nofp/crti.o
                0x10000284                _init
 *(EXCLUDE_FILE(*libm.a: *libc.a:*lib_a-mem*.o *libgcc.a:) .text*)
 .text.register_tm_clones
                0x10000288       0x28 C:/Users/david/scoop/apps/gcc-arm-none-eabi/15.2.rel1/bin/../lib/gcc/arm-none-eabi/15.2.1/thumb/v6-m/nofp/crtbegin.o
 .text.frame_dummy
                0x100002b0       0x24 C:/Users/david/scoop/apps/gcc-arm-none-eabi/15.2.rel1/bin/../lib/gcc/arm-none-eabi/15.2.1/thumb/v6-m/nofp/crtbegin.o
 .text._Z15capture_samplesv
                0x100002d4       0xb0 CMakeFiles/pico_oscilloscope.dir/main.cpp.obj
                0x100002d4                capture_samples()
 .text.startup.main
                0x10000384       0xa8 CMakeFiles/pico_oscilloscope.dir/main.cpp.obj
                0x10000384                main
 .text.gpio_set_function
                0x1000042c       0x30 CMakeFiles/pico_oscilloscope.dir/C_/pico/pico-sdk/src/rp2_common/hardware_gpio/gpio.c.obj
                0x1000042c                gpio_set_function
 .text.gpio_set_pulls
                0x1000045c       0x24 CMakeFiles/pico_oscilloscope.dir/C_/pico/pico-sdk/src/rp2_common/hardware_gpio/gpio.c.obj
                0x1000045c                gpio_set_pulls
 .text.gpio_set_input_enabled
                0x10000480       0x24 CMakeFiles/pico_oscilloscope.dir/C_/pico/pico-sdk/src/rp2_common/hardware_gpio/gpio.c.obj
                0x10000480                gpio_set_input_enabled
 .text.rp2040_chip_version
                0x100004a4        0xc CMakeFiles/pico_oscilloscope.dir/C_/pico/pico-sdk/src/rp2040/pico_platform/platform.c.obj
                0x100004a4                rp2040_chip_version
 .text.panic    0x100004b0       0x30 CMakeFiles/pico_oscilloscope.dir/C_/pico/pico-sdk/src/rp2_common/pico_platform_panic/panic.c.obj
                0x100004b0                panic
 .text.hw_claim_or_assert
                0x100004e0       0x50 CMakeFiles/pico_oscilloscope.dir/C_/pico/pico-sdk/src/common/hardware_claim/claim.c.obj
                0x100004e0                hw_claim_or_assert
 .text.hw_claim_unused_from_range
                0x10000530       0x88 CMakeFiles/pico_oscilloscope.dir/C_/pico/pico-sdk/src/common/hardware_claim/claim.c.obj
                0x10000530                hw_claim_unused_from_range
 .text.hw_claim_clear
                0x100005b8       0x40 CMakeFiles/pico_oscilloscope.dir/C_/pico/pico-sdk/src/common/hardware_claim/claim.c.obj
                0x100005b8                hw_claim_clear
 .text.next_striped_spin_lock_num
                0x100005f8       0x18 CMakeFiles/pico_oscilloscope.dir/C_/pico/pico-sdk/src/rp2_common/hardware_sync/sync.c.obj
                0x100005f8                next_striped_spin_lock_num
 .text.spin_lock_claim_unused
                0x10000610       0x20 CMakeFiles/pico_oscilloscope.dir/C_/pico/pico-sdk/src/rp2_common/hardware_sync/sync.c.obj
                0x10000610                spin_lock_claim_unused
 .text.spin_locks_reset
                0x10000630       0x1c CMakeFiles/pico_oscilloscope.dir/C_/pico/pico-sdk/src/rp2_common/hardware_sync_spin_lock/sync_spin_lock.c.obj
                0x10000630                spin_locks_reset
 .text.runtime_init_per_core_irq_priorities
                0x1000064c       0x48 CMakeFiles/pico_oscilloscope.dir/C_/pico/pico-sdk/src/rp2_common/hardware_irq/irq.c.obj
                0x1000064c                runtime_init_per_core_irq_priorities
 .text.irq_set_enabled
                0x10000694       0x24 CMakeFiles/pico_oscilloscope.dir/C_/pico/pico-sdk/src/rp2_common/hardware_irq/irq.c.obj
                0x10000694                irq_set_enabled
 .text.irq_is_enabled
                0x100006b8       0x18 CMakeFiles/pico_oscilloscope.dir/C_/pico/pico-sdk/src/rp2_common/hardware_irq/irq.c.obj
                0x100006b8                irq_is_enabled
 .text.irq_set_pending
                0x100006d0       0x10 CMakeFiles/pico_oscilloscope.dir/C_/pico/pico-sdk/src/rp2_common/hardware_irq/irq.c.obj
                0x100006d0                irq_set_pending
 .text.irq_has_shared_handler
                0x100006e0       0x20 CMakeFiles/pico_oscilloscope.dir/C_/pico/pico-sdk/src/rp2_common/hardware_irq/irq.c.obj
                0x100006e0                irq_has_shared_handler
 .text.irq_set_exclusive_handler
                0x10000700       0x54 CMakeFiles/pico_oscilloscope.dir/C_/pico/pico-sdk/src/rp2_common/hardware_irq/irq.c.obj
                0x10000700                irq_set_exclusive_handler
 .text.irq_add_shared_handler
                0x10000754      0x1cc CMakeFiles/pico_oscilloscope.dir/C_/pico/pico-sdk/src/rp2_common/hardware_irq/irq.c.obj
                0x10000754                irq_add_shared_handler
 .text.irq_add_tail_to_free_list
                0x10000920       0xb4 CMakeFiles/pico_oscilloscope.dir/C_/pico/pico-sdk/src/rp2_common/hardware_irq/irq.c.obj
                0x10000920                irq_add_tail_to_free_list
 .text.user_irq_claim_unused
                0x100009d4       0x28 CMakeFiles/pico_oscilloscope.dir/C_/pico/pico-sdk/src/rp2_common/hardware_irq/irq.c.obj
                0x100009d4                user_irq_claim_unused
 .text.lock_init
                0x100009fc       0x10 CMakeFiles/pico_oscilloscope.dir/C_/pico/pico-sdk/src/common/pico_sync/lock_core.c.obj
                0x100009fc                lock_init
 .text.runtime_init_mutex
                0x10000a0c       0x50 CMakeFiles/pico_oscilloscope.dir/C_/pico/pico-sdk/src/common/pico_sync/mutex.c.obj
                0x10000a0c                runtime_init_mutex
 .text.mutex_init
                0x10000a5c       0x1c CMakeFiles/pico_oscilloscope.dir/C_/pico/pico-sdk/src/common/pico_sync/mutex.c.obj
                0x10000a5c                mutex_init
 .text.critical_section_init
                0x10000a78       0x1c CMakeFiles/pico_oscilloscope.dir/C_/pico/pico-sdk/src/common/pico_sync/critical_section.c.obj
                0x10000a78                critical_section_init
 .text.critical_section_init_with_lock_num
                0x10000a94       0x14 CMakeFiles/pico_oscilloscope.dir/C_/pico/pico-sdk/src/common/pico_sync/critical_section.c.obj
                0x10000a94                critical_section_init_with_lock_num
 .text.sleep_until_callback
                0x10000aa8       0x30 CMakeFiles/pico_oscilloscope.dir/C_/pico/pico-sdk/src/common/pico_time/time.c.obj
 .text.alarm_pool_irq_handler
                0x10000ad8      0x2f4 CMakeFiles/pico_oscilloscope.dir/C_/pico/pico-sdk/src/common/pico_time/time.c.obj
 .text.runtime_init_default_alarm_pool
                0x10000dcc       0xd8 CMakeFiles/pico_oscilloscope.dir/C_/pico/pico-sdk/src/common/pico_time/time.c.obj
                0x10000dcc                runtime_init_default_alarm_pool
 .text.alarm_pool_get_default
                0x10000ea4        0x8 CMakeFiles/pico_oscilloscope.dir/C_/pico/pico-sdk/src/common/pico_time/time.c.obj
                0x10000ea4                alarm_pool_get_default
 .text.alarm_pool_add_alarm_at
                0x10000eac       0xcc CMakeFiles/pico_oscilloscope.dir/C_/pico/pico-sdk/src/common/pico_time/time.c.obj
                0x10000eac                alarm_pool_add_alarm_at
 .text.alarm_pool_add_alarm_at_force_in_context
                0x10000f78       0xbc CMakeFiles/pico_oscilloscope.dir/C_/pico/pico-sdk/src/common/pico_time/time.c.obj
                0x10000f78                alarm_pool_add_alarm_at_force_in_context
 .text.alarm_pool_cancel_alarm
                0x10001034       0x74 CMakeFiles/pico_oscilloscope.dir/C_/pico/pico-sdk/src/common/pico_time/time.c.obj
                0x10001034                alarm_pool_cancel_alarm
 .text.alarm_pool_core_num
                0x100010a8        0x4 CMakeFiles/pico_oscilloscope.dir/C_/pico/pico-sdk/src/common/pico_time/time.c.obj
                0x100010a8                alarm_pool_core_num
 .text.sleep_ms
                0x100010ac       0xfc CMakeFiles/pico_oscilloscope.dir/C_/pico/pico-sdk/src/common/pico_time/time.c.obj
                0x100010ac                sleep_ms
 .text.best_effort_wfe_or_timeout
                0x100011a8      0x100 CMakeFiles/pico_oscilloscope.dir/C_/pico/pico-sdk/src/common/pico_time/time.c.obj
                0x100011a8                best_effort_wfe_or_timeout
 .text.timer_hardware_alarm_claim
                0x100012a8       0x14 CMakeFiles/pico_oscilloscope.dir/C_/pico/pico-sdk/src/rp2_common/hardware_timer/timer.c.obj
                0x100012a8                timer_hardware_alarm_claim
 .text.timer_time_us_64
                0x100012bc       0x10 CMakeFiles/pico_oscilloscope.dir/C_/pico/pico-sdk/src/rp2_common/hardware_timer/timer.c.obj
                0x100012bc                timer_time_us_64
 .text.time_us_64
                0x100012cc       0x14 CMakeFiles/pico_oscilloscope.dir/C_/pico/pico-sdk/src/rp2_common/hardware_timer/timer.c.obj
                0x100012cc                time_us_64
 .text.busy_wait_us
                0x100012e0       0x6c CMakeFiles/pico_oscilloscope.dir/C_/pico/pico-sdk/src/rp2_common/hardware_timer/timer.c.obj
                0x100012e0                busy_wait_us
 .text.busy_wait_until
                0x1000134c       0x20 CMakeFiles/pico_oscilloscope.dir/C_/pico/pico-sdk/src/rp2_common/hardware_timer/timer.c.obj
                0x1000134c                busy_wait_until
 .text.clock_configure_int_divider
                0x1000136c       0xec CMakeFiles/pico_oscilloscope.dir/C_/pico/pico-sdk/src/rp2_common/hardware_clocks/clocks.c.obj
                0x1000136c                clock_configure_int_divider
 .text.clock_configure_undivided
                0x10001458       0xe0 CMakeFiles/pico_oscilloscope.dir/C_/pico/pico-sdk/src/rp2_common/hardware_clocks/clocks.c.obj
                0x10001458                clock_configure_undivided
 .text.clock_get_hz
                0x10001538        0xc CMakeFiles/pico_oscilloscope.dir/C_/pico/pico-sdk/src/rp2_common/hardware_clocks/clocks.c.obj
                0x10001538                clock_get_hz
 .text.pll_init
                0x10001544       0xb0 CMakeFiles/pico_oscilloscope.dir/C_/pico/pico-sdk/src/rp2_common/hardware_pll/pll.c.obj
                0x10001544                pll_init
 .text.watchdog_reboot
                0x100015f4       0x9c CMakeFiles/pico_oscilloscope.dir/C_/pico/pico-sdk/src/rp2_common/hardware_watchdog/watchdog.c.obj
                0x100015f4                watchdog_reboot
 .text.tick_start
                0x10001690       0x10 CMakeFiles/pico_oscilloscope.dir/C_/pico/pico-sdk/src/rp2_common/hardware_ticks/ticks.c.obj
                0x10001690                tick_start
 .text.rom_func_lookup
                0x100016a0       0x10 CMakeFiles/pico_oscilloscope.dir/C_/pico/pico-sdk/src/rp2_common/pico_bootrom/bootrom.c.obj
                0x100016a0                rom_func_lookup
 .text.rom_data_lookup
                0x100016b0       0x10 CMakeFiles/pico_oscilloscope.dir/C_/pico/pico-sdk/src/rp2_common/pico_bootrom/bootrom.c.obj
                0x100016b0                rom_data_lookup
 .text.rom_funcs_lookup
                0x100016c0       0x44 CMakeFiles/pico_oscilloscope.dir/C_/pico/pico-sdk/src/rp2_common/pico_bootrom/bootrom.c.obj
                0x100016c0                rom_funcs_lookup
 .text.rom_reset_usb_boot_extra
                0x10001704       0x24 CMakeFiles/pico_oscilloscope.dir/C_/pico/pico-sdk/src/rp2_common/pico_bootrom/bootrom.c.obj
                0x10001704                rom_reset_usb_boot_extra
 .text.xosc_init
                0x10001728       0x28 CMakeFiles/pico_oscilloscope.dir/C_/pico/pico-sdk/src/rp2_common/hardware_xosc/xosc.c.obj
                0x10001728                xosc_init
 .text.first_per_core_initializer
                0x10001750        0x4 CMakeFiles/pico_oscilloscope.dir/C_/pico/pico-sdk/src/rp2_common/pico_runtime/runtime.c.obj
 .text.hard_assertion_failure
                0x10001754        0xc CMakeFiles/pico_oscilloscope.dir/C_/pico/pico-sdk/src/rp2_common/pico_runtime/runtime.c.obj
                0x10001754                hard_assertion_failure
 .text.runtime_run_initializers
                0x10001760       0x28 CMakeFiles/pico_oscilloscope.dir/C_/pico/pico-sdk/src/rp2_common/pico_runtime/runtime.c.obj
                0x10001760                runtime_run_initializers
 .text.runtime_init_early_resets
                0x10001788       0x2c CMakeFiles/pico_oscilloscope.dir/C_/pico/pico-sdk/src/rp2_common/pico_runtime_init/runtime_init.c.obj
                0x10001788                runtime_init_early_resets
 .text.runtime_init_usb_power_down
                0x100017b4       0x1c CMakeFiles/pico_oscilloscope.dir/C_/pico/pico-sdk/src/rp2_common/pico_runtime_init/runtime_init.c.obj
                0x100017b4                runtime_init_usb_power_down
 .text.runtime_init_post_clock_resets
                0x100017d0       0x20 CMakeFiles/pico_oscilloscope.dir/C_/pico/pico-sdk/src/rp2_common/pico_runtime_init/runtime_init.c.obj
                0x100017d0                runtime_init_post_clock_resets
 .text.runtime_init_rp2040_gpio_ie_disable
                0x100017f0       0x14 CMakeFiles/pico_oscilloscope.dir/C_/pico/pico-sdk/src/rp2_common/pico_runtime_init/runtime_init.c.obj
                0x100017f0                runtime_init_rp2040_gpio_ie_disable
 .text.runtime_init_spin_locks_reset
                0x10001804        0x8 CMakeFiles/pico_oscilloscope.dir/C_/pico/pico-sdk/src/rp2_common/pico_runtime_init/runtime_init.c.obj
                0x10001804                runtime_init_spin_locks_reset
 .text.runtime_init_install_ram_vector_table
                0x1000180c       0xb8 CMakeFiles/pico_oscilloscope.dir/C_/pico/pico-sdk/src/rp2_common/pico_runtime_init/runtime_init.c.obj
                0x1000180c                runtime_init_install_ram_vector_table
 .text.runtime_init_clocks
                0x100018c4       0xd8 CMakeFiles/pico_oscilloscope.dir/C_/pico/pico-sdk/src/rp2_common/pico_runtime_init/runtime_init_clocks.c.obj
                0x100018c4                runtime_init_clocks
 .text          0x1000199c       0x10 CMakeFiles/pico_oscilloscope.dir/C_/pico/pico-sdk/src/rp2_common/pico_bit_ops/bit_ops_aeabi.S.obj
 .text.__wrap___aeabi_idiv
                0x100019ac       0x50 CMakeFiles/pico_oscilloscope.dir/C_/pico/pico-sdk/src/rp2_common/pico_divider/divider_hardware.S.obj
                0x100019ac                __wrap___aeabi_idivmod
                0x100019ac                divmod_s32s32
                0x100019ac                div_s32s32
                0x100019ac                __wrap___aeabi_idiv
                0x100019b4                divmod_s32s32_unsafe
                0x100019e0                divmod_s32s32_savestate
 .text.__wrap___aeabi_uidiv
                0x100019fc       0x4c CMakeFiles/pico_oscilloscope.dir/C_/pico/pico-sdk/src/rp2_common/pico_divider/divider_hardware.S.obj
                0x100019fc                __wrap___aeabi_uidiv
                0x100019fc                __wrap___aeabi_uidivmod
                0x100019fc                div_u32u32
                0x100019fc                divmod_u32u32
                0x10001a04                divmod_u32u32_unsafe
                0x10001a2c                divmod_u32u32_savestate
 .text.missing_double_func_shim
                0x10001a48        0xc CMakeFiles/pico_oscilloscope.dir/C_/pico/pico-sdk/src/rp2_common/pico_double/double_init_rom_rp2040.c.obj
 .text.__aeabi_double_init
                0x10001a54       0xa0 CMakeFiles/pico_oscilloscope.dir/C_/pico/pico-sdk/src/rp2_common/pico_double/double_init_rom_rp2040.c.obj
                0x10001a54                __aeabi_double_init
 .text.double_table_shim_on_use_helper
                0x10001af4       0x2c CMakeFiles/pico_oscilloscope.dir/C_/pico/pico-sdk/src/rp2_common/pico_double/double_v1_rom_shim_rp2040.S.obj
                0x10001af4                double_table_shim_on_use_helper
 .text.__aeabi_lmul
                0x10001b20       0x32 CMakeFiles/pico_oscilloscope.dir/C_/pico/pico-sdk/src/rp2_common/pico_int64_ops/pico_int64_ops_aeabi.S.obj
                0x10001b20                __wrap___aeabi_lmul
 *fill*         0x10001b52        0x2 
 .text.missing_float_func_shim
                0x10001b54        0xc CMakeFiles/pico_oscilloscope.dir/C_/pico/pico-sdk/src/rp2_common/pico_float/float_init_rom_rp2040.c.obj
 .text.__aeabi_float_init
                0x10001b60       0x60 CMakeFiles/pico_oscilloscope.dir/C_/pico/pico-sdk/src/rp2_common/pico_float/float_init_rom_rp2040.c.obj
                0x10001b60                __aeabi_float_init
 .text          0x10001bc0       0x10 CMakeFiles/pico_oscilloscope.dir/C_/pico/pico-sdk/src/rp2_common/pico_mem_ops/mem_ops_aeabi.S.obj
                0x10001bc0                __aeabi_mem_init
 .text.memset   0x10001bd0        0xc CMakeFiles/pico_oscilloscope.dir/C_/pico/pico-sdk/src/rp2_common/pico_mem_ops/mem_ops_aeabi.S.obj
                0x10001bd0                __wrap_memset
 .text.memcpy   0x10001bdc        0xc CMakeFiles/pico_oscilloscope.dir/C_/pico/pico-sdk/src/rp2_common/pico_mem_ops/mem_ops_aeabi.S.obj
                0x10001bdc                __wrap_memcpy
                0x10001bdc                __wrap___aeabi_memcpy
 .text._out_char
                0x10001be8       0x10 CMakeFiles/pico_oscilloscope.dir/C_/pico/pico-sdk/src/rp2_common/pico_printf/printf.c.obj
 .text.weak_raw_vprintf
                0x10001bf8       0x30 CMakeFiles/pico_oscilloscope.dir/C_/pico/pico-sdk/src/rp2_common/pico_printf/printf.c.obj
                0x10001bf8                weak_raw_vprintf
 .text._exit    0x10001c28        0x4 CMakeFiles/pico_oscilloscope.dir/C_/pico/pico-sdk/src/rp2_common/pico_clib_interface/newlib_interface.c.obj
                0x10001c28                _exit
 .text._sbrk    0x10001c2c       0x34 CMakeFiles/pico_oscilloscope.dir/C_/pico/pico-sdk/src/rp2_common/pico_clib_interface/newlib_interface.c.obj
                0x10001c2c                _sbrk
 .text._read    0x10001c60       0x20 CMakeFiles/pico_oscilloscope.dir/C_/pico/pico-sdk/src/rp2_common/pico_clib_interface/newlib_interface.c.obj
                0x10001c60                _read
 .text._write   0x10001c80       0x20 CMakeFiles/pico_oscilloscope.dir/C_/pico/pico-sdk/src/rp2_common/pico_clib_interface/newlib_interface.c.obj
                0x10001c80                _write
 .text._close   0x10001ca0        0x8 CMakeFiles/pico_oscilloscope.dir/C_/pico/pico-sdk/src/rp2_common/pico_clib_interface/newlib_interface.c.obj
                0x10001ca0                _close
 .text._lseek   0x10001ca8        0x8 CMakeFiles/pico_oscilloscope.dir/C_/pico/pico-sdk/src/rp2_common/pico_clib_interface/newlib_interface.c.obj
                0x10001ca8                _lseek
 .text._fstat   0x10001cb0        0x8 CMakeFiles/pico_oscilloscope.dir/C_/pico/pico-sdk/src/rp2_common/pico_clib_interface/newlib_interface.c.obj
                0x10001cb0                _fstat
 .text._isatty  0x10001cb8        0xc CMakeFiles/pico_oscilloscope.dir/C_/pico/pico-sdk/src/rp2_common/pico_clib_interface/newlib_interface.c.obj
                0x10001cb8                _isatty
 .text.exit     0x10001cc4        0x8 CMakeFiles/pico_oscilloscope.dir/C_/pico/pico-sdk/src/rp2_common/pico_clib_interface/newlib_interface.c.obj
                0x10001cc4                exit
 .text.runtime_init
                0x10001ccc       0x2c CMakeFiles/pico_oscilloscope.dir/C_/pico/pico-sdk/src/rp2_common/pico_clib_interface/newlib_interface.c.obj
                0x10001ccc                runtime_init
 .text.stdio_out_chars_no_crlf
                0x10001cf8       0x10 CMakeFiles/pico_oscilloscope.dir/C_/pico/pico-sdk/src/rp2_common/pico_stdio/stdio.c.obj
 .text.stdio_out_chars_crlf
                0x10001d08       0x90 CMakeFiles/pico_oscilloscope.dir/C_/pico/pico-sdk/src/rp2_common/pico_stdio/stdio.c.obj
 .text.stdio_put_string
                0x10001d98       0xf4 CMakeFiles/pico_oscilloscope.dir/C_/pico/pico-sdk/src/rp2_common/pico_stdio/stdio.c.obj
                0x10001d98                stdio_put_string
 .text.stdio_get_until
                0x10001e8c       0x7c CMakeFiles/pico_oscilloscope.dir/C_/pico/pico-sdk/src/rp2_common/pico_stdio/stdio.c.obj
                0x10001e8c                stdio_get_until
 .text.stdio_set_driver_enabled
                0x10001f08       0x30 CMakeFiles/pico_oscilloscope.dir/C_/pico/pico-sdk/src/rp2_common/pico_stdio/stdio.c.obj
                0x10001f08                stdio_set_driver_enabled
 .text.stdio_init_all
                0x10001f38        0x8 CMakeFiles/pico_oscilloscope.dir/C_/pico/pico-sdk/src/rp2_common/pico_stdio/stdio.c.obj
                0x10001f38                stdio_init_all
 .text.__wrap_putchar
                0x10001f40       0x94 CMakeFiles/pico_oscilloscope.dir/C_/pico/pico-sdk/src/rp2_common/pico_stdio/stdio.c.obj
                0x10001f40                __wrap_putchar
                0x10001f40                stdio_putchar
 .text.__wrap_puts
                0x10001fd4       0x3c CMakeFiles/pico_oscilloscope.dir/C_/pico/pico-sdk/src/rp2_common/pico_stdio/stdio.c.obj
                0x10001fd4                stdio_puts
                0x10001fd4                __wrap_puts
 .text.resetd_init
                0x10002010        0x4 CMakeFiles/pico_oscilloscope.dir/C_/pico/pico-sdk/src/rp2_common/pico_stdio_usb/reset_interface.c.obj
 .text.resetd_reset
                0x10002014        0xc CMakeFiles/pico_oscilloscope.dir/C_/pico/pico-sdk/src/rp2_common/pico_stdio_usb/reset_interface.c.obj
 .text.resetd_open
                0x10002020       0x28 CMakeFiles/pico_oscilloscope.dir/C_/pico/pico-sdk/src/rp2_common/pico_stdio_usb/reset_interface.c.obj
 .text.resetd_xfer_cb
                0x10002048        0x4 CMakeFiles/pico_oscilloscope.dir/C_/pico/pico-sdk/src/rp2_common/pico_stdio_usb/reset_interface.c.obj
 .text.resetd_control_xfer_cb
                0x1000204c       0x54 CMakeFiles/pico_oscilloscope.dir/C_/pico/pico-sdk/src/rp2_common/pico_stdio_usb/reset_interface.c.obj
 .text.tud_descriptor_bos_cb
                0x100020a0        0x8 CMakeFiles/pico_oscilloscope.dir/C_/pico/pico-sdk/src/rp2_common/pico_stdio_usb/reset_interface.c.obj
                0x100020a0                tud_descriptor_bos_cb
 .text.tud_vendor_control_xfer_cb
                0x100020a8       0x38 CMakeFiles/pico_oscilloscope.dir/C_/pico/pico-sdk/src/rp2_common/pico_stdio_usb/reset_interface.c.obj
                0x100020a8                tud_vendor_control_xfer_cb
 .text.usbd_app_driver_get_cb
                0x100020e0        0xc CMakeFiles/pico_oscilloscope.dir/C_/pico/pico-sdk/src/rp2_common/pico_stdio_usb/reset_interface.c.obj
                0x100020e0                usbd_app_driver_get_cb
 .text.tud_cdc_line_coding_cb
                0x100020ec       0x2c CMakeFiles/pico_oscilloscope.dir/C_/pico/pico-sdk/src/rp2_common/pico_stdio_usb/reset_interface.c.obj
                0x100020ec                tud_cdc_line_coding_cb
 .text.stdio_usb_set_chars_available_callback
                0x10002118       0x14 CMakeFiles/pico_oscilloscope.dir/C_/pico/pico-sdk/src/rp2_common/pico_stdio_usb/stdio_usb.c.obj
                0x10002118                stdio_usb_set_chars_available_callback
 .text.usb_irq  0x1000212c       0x10 CMakeFiles/pico_oscilloscope.dir/C_/pico/pico-sdk/src/rp2_common/pico_stdio_usb/stdio_usb.c.obj
 .text.timer_task
                0x1000213c       0x64 CMakeFiles/pico_oscilloscope.dir/C_/pico/pico-sdk/src/rp2_common/pico_stdio_usb/stdio_usb.c.obj
 .text.stdio_usb_in_chars
                0x100021a0       0x8c CMakeFiles/pico_oscilloscope.dir/C_/pico/pico-sdk/src/rp2_common/pico_stdio_usb/stdio_usb.c.obj
                0x100021a0                stdio_usb_in_chars
 .text.stdio_usb_out_flush
                0x1000222c       0x4c CMakeFiles/pico_oscilloscope.dir/C_/pico/pico-sdk/src/rp2_common/pico_stdio_usb/stdio_usb.c.obj
 .text.stdio_usb_out_chars
                0x10002278       0xf8 CMakeFiles/pico_oscilloscope.dir/C_/pico/pico-sdk/src/rp2_common/pico_stdio_usb/stdio_usb.c.obj
 .text.low_priority_worker_irq
                0x10002370       0xc4 CMakeFiles/pico_oscilloscope.dir/C_/pico/pico-sdk/src/rp2_common/pico_stdio_usb/stdio_usb.c.obj
 .text.stdio_usb_init
                0x10002434       0xe4 CMakeFiles/pico_oscilloscope.dir/C_/pico/pico-sdk/src/rp2_common/pico_stdio_usb/stdio_usb.c.obj
                0x10002434                stdio_usb_init
 .text.tud_descriptor_device_cb
                0x10002518        0x8 CMakeFiles/pico_oscilloscope.dir/C_/pico/pico-sdk/src/rp2_common/pico_stdio_usb/stdio_usb_descriptors.c.obj
                0x10002518                tud_descriptor_device_cb
 .text.tud_descriptor_configuration_cb
                0x10002520        0x8 CMakeFiles/pico_oscilloscope.dir/C_/pico/pico-sdk/src/rp2_common/pico_stdio_usb/stdio_usb_descriptors.c.obj
                0x10002520                tud_descriptor_configuration_cb
 .text.tud_descriptor_string_cb
                0x10002528       0x70 CMakeFiles/pico_oscilloscope.dir/C_/pico/pico-sdk/src/rp2_common/pico_stdio_usb/stdio_usb_descriptors.c.obj
                0x10002528                tud_descriptor_string_cb
 .text.startup._retrieve_unique_id_on_boot
                0x10002598       0x10 CMakeFiles/pico_oscilloscope.dir/C_/pico/pico-sdk/src/rp2_common/pico_unique_id/unique_id.c.obj
 .text.pico_get_unique_board_id_string
                0x100025a8      0x1e0 CMakeFiles/pico_oscilloscope.dir/C_/pico/pico-sdk/src/rp2_common/pico_unique_id/unique_id.c.obj
                0x100025a8                pico_get_unique_board_id_string
 .text.flash_get_unique_id
                0x10002788       0x3c CMakeFiles/pico_oscilloscope.dir/C_/pico/pico-sdk/src/rp2_common/hardware_flash/flash.c.obj
                0x10002788                flash_get_unique_id
 .text.dcd_init
                0x100027c4       0x90 CMakeFiles/pico_oscilloscope.dir/C_/pico/pico-sdk/lib/tinyusb/src/portable/raspberrypi/rp2040/dcd_rp2040.c.obj
                0x100027c4                dcd_init
 .text.dcd_int_enable
                0x10002854        0xc CMakeFiles/pico_oscilloscope.dir/C_/pico/pico-sdk/lib/tinyusb/src/portable/raspberrypi/rp2040/dcd_rp2040.c.obj
                0x10002854                dcd_int_enable
 .text.dcd_set_address
                0x10002860       0x14 CMakeFiles/pico_oscilloscope.dir/C_/pico/pico-sdk/lib/tinyusb/src/portable/raspberrypi/rp2040/dcd_rp2040.c.obj
                0x10002860                dcd_set_address
 .text.dcd_sof_enable
                0x10002874       0x1c CMakeFiles/pico_oscilloscope.dir/C_/pico/pico-sdk/lib/tinyusb/src/portable/raspberrypi/rp2040/dcd_rp2040.c.obj
                0x10002874                dcd_sof_enable
 .text.dcd_edpt0_status_complete
                0x10002890       0x1c CMakeFiles/pico_oscilloscope.dir/C_/pico/pico-sdk/lib/tinyusb/src/portable/raspberrypi/rp2040/dcd_rp2040.c.obj
                0x10002890                dcd_edpt0_status_complete
 .text.dcd_edpt_open
                0x100028ac      0x114 CMakeFiles/pico_oscilloscope.dir/C_/pico/pico-sdk/lib/tinyusb/src/portable/raspberrypi/rp2040/dcd_rp2040.c.obj
                0x100028ac                dcd_edpt_open
 .text.dcd_edpt_close_all
                0x100029c0        0x8 CMakeFiles/pico_oscilloscope.dir/C_/pico/pico-sdk/lib/tinyusb/src/portable/raspberrypi/rp2040/dcd_rp2040.c.obj
                0x100029c0                dcd_edpt_close_all
 .text.dcd_edpt_xfer
                0x100029c8       0x24 CMakeFiles/pico_oscilloscope.dir/C_/pico/pico-sdk/lib/tinyusb/src/portable/raspberrypi/rp2040/dcd_rp2040.c.obj
                0x100029c8                dcd_edpt_xfer
 .text.dcd_edpt_stall
                0x100029ec       0x3c CMakeFiles/pico_oscilloscope.dir/C_/pico/pico-sdk/lib/tinyusb/src/portable/raspberrypi/rp2040/dcd_rp2040.c.obj
                0x100029ec                dcd_edpt_stall
 .text.dcd_edpt_clear_stall
                0x10002a28       0x30 CMakeFiles/pico_oscilloscope.dir/C_/pico/pico-sdk/lib/tinyusb/src/portable/raspberrypi/rp2040/dcd_rp2040.c.obj
                0x10002a28                dcd_edpt_clear_stall
 .text.rp2040_usb_init
                0x10002a58       0x40 CMakeFiles/pico_oscilloscope.dir/C_/pico/pico-sdk/lib/tinyusb/src/portable/raspberrypi/rp2040/rp2040_usb.c.obj
                0x10002a58                rp2040_usb_init
 .text.hw_endpoint_xfer_start
                0x10002a98       0x40 CMakeFiles/pico_oscilloscope.dir/C_/pico/pico-sdk/lib/tinyusb/src/portable/raspberrypi/rp2040/rp2040_usb.c.obj
                0x10002a98                hw_endpoint_xfer_start
 .text.tud_event_hook_cb
                0x10002ad8        0x4 CMakeFiles/pico_oscilloscope.dir/C_/pico/pico-sdk/lib/tinyusb/src/device/usbd.c.obj
                0x10002ad8                tud_event_hook_cb
 .text.tud_sof_cb
                0x10002adc        0x4 CMakeFiles/pico_oscilloscope.dir/C_/pico/pico-sdk/lib/tinyusb/src/device/usbd.c.obj
                0x10002adc                tud_sof_cb
 .text.tud_descriptor_device_qualifier_cb
                0x10002ae0        0x4 CMakeFiles/pico_oscilloscope.dir/C_/pico/pico-sdk/lib/tinyusb/src/device/usbd.c.obj
                0x10002ae0                tud_descriptor_device_qualifier_cb
 .text.tud_descriptor_other_speed_configuration_cb
                0x10002ae4        0x4 CMakeFiles/pico_oscilloscope.dir/C_/pico/pico-sdk/lib/tinyusb/src/device/usbd.c.obj
                0x10002ae4                tud_descriptor_other_speed_configuration_cb
 .text.tud_mount_cb
                0x10002ae8        0x4 CMakeFiles/pico_oscilloscope.dir/C_/pico/pico-sdk/lib/tinyusb/src/device/usbd.c.obj
                0x10002ae8                tud_mount_cb
 .text.tud_umount_cb
                0x10002aec        0x4 CMakeFiles/pico_oscilloscope.dir/C_/pico/pico-sdk/lib/tinyusb/src/device/usbd.c.obj
                0x10002aec                tud_umount_cb
 .text.tud_suspend_cb
                0x10002af0        0x4 CMakeFiles/pico_oscilloscope.dir/C_/pico/pico-sdk/lib/tinyusb/src/device/usbd.c.obj
                0x10002af0                tud_suspend_cb
 .text.tud_resume_cb
                0x10002af4        0x4 CMakeFiles/pico_oscilloscope.dir/C_/pico/pico-sdk/lib/tinyusb/src/device/usbd.c.obj
                0x10002af4                tud_resume_cb
 .text.tud_mounted
                0x10002af8       0x10 CMakeFiles/pico_oscilloscope.dir/C_/pico/pico-sdk/lib/tinyusb/src/device/usbd.c.obj
                0x10002af8                tud_mounted
 .text.tud_suspended
                0x10002b08       0x10 CMakeFiles/pico_oscilloscope.dir/C_/pico/pico-sdk/lib/tinyusb/src/device/usbd.c.obj
                0x10002b08                tud_suspended
 .text.tud_rhport_init
                0x10002b18       0xf0 CMakeFiles/pico_oscilloscope.dir/C_/pico/pico-sdk/lib/tinyusb/src/device/usbd.c.obj
                0x10002b18                tud_rhport_init
 .text.tud_task_ext
                0x10002c08      0x7fc CMakeFiles/pico_oscilloscope.dir/C_/pico/pico-sdk/lib/tinyusb/src/device/usbd.c.obj
                0x10002c08                tud_task_ext
 .text.usbd_open_edpt_pair
                0x10003404       0x98 CMakeFiles/pico_oscilloscope.dir/C_/pico/pico-sdk/lib/tinyusb/src/device/usbd.c.obj
                0x10003404                usbd_open_edpt_pair
 .text.usbd_edpt_open
                0x1000349c       0x34 CMakeFiles/pico_oscilloscope.dir/C_/pico/pico-sdk/lib/tinyusb/src/device/usbd.c.obj
                0x1000349c                usbd_edpt_open
 .text.usbd_edpt_claim
                0x100034d0       0x28 CMakeFiles/pico_oscilloscope.dir/C_/pico/pico-sdk/lib/tinyusb/src/device/usbd.c.obj
                0x100034d0                usbd_edpt_claim
 .text.usbd_edpt_release
                0x100034f8       0x28 CMakeFiles/pico_oscilloscope.dir/C_/pico/pico-sdk/lib/tinyusb/src/device/usbd.c.obj
                0x100034f8                usbd_edpt_release
 .text.usbd_edpt_xfer
                0x10003520       0x50 CMakeFiles/pico_oscilloscope.dir/C_/pico/pico-sdk/lib/tinyusb/src/device/usbd.c.obj
                0x10003520                usbd_edpt_xfer
 .text.tud_control_status
                0x10003570       0x2c CMakeFiles/pico_oscilloscope.dir/C_/pico/pico-sdk/lib/tinyusb/src/device/usbd_control.c.obj
                0x10003570                tud_control_status
 .text.tud_control_xfer
                0x1000359c       0xa0 CMakeFiles/pico_oscilloscope.dir/C_/pico/pico-sdk/lib/tinyusb/src/device/usbd_control.c.obj
                0x1000359c                tud_control_xfer
 .text.usbd_control_reset
                0x1000363c       0x14 CMakeFiles/pico_oscilloscope.dir/C_/pico/pico-sdk/lib/tinyusb/src/device/usbd_control.c.obj
                0x1000363c                usbd_control_reset
 .text.usbd_control_set_complete_callback
                0x10003650        0xc CMakeFiles/pico_oscilloscope.dir/C_/pico/pico-sdk/lib/tinyusb/src/device/usbd_control.c.obj
                0x10003650                usbd_control_set_complete_callback
 .text.usbd_control_set_request
                0x1000365c       0x1c CMakeFiles/pico_oscilloscope.dir/C_/pico/pico-sdk/lib/tinyusb/src/device/usbd_control.c.obj
                0x1000365c                usbd_control_set_request
 .text.usbd_control_xfer_cb
                0x10003678       0xe8 CMakeFiles/pico_oscilloscope.dir/C_/pico/pico-sdk/lib/tinyusb/src/device/usbd_control.c.obj
                0x10003678                usbd_control_xfer_cb
 .text._prep_out_transaction.isra.0
                0x10003760       0x6c CMakeFiles/pico_oscilloscope.dir/C_/pico/pico-sdk/lib/tinyusb/src/class/cdc/cdc_device.c.obj
 .text.tud_cdc_n_connected
                0x100037cc       0x2c CMakeFiles/pico_oscilloscope.dir/C_/pico/pico-sdk/lib/tinyusb/src/class/cdc/cdc_device.c.obj
                0x100037cc                tud_cdc_n_connected
 .text.tud_cdc_n_available
                0x100037f8       0x14 CMakeFiles/pico_oscilloscope.dir/C_/pico/pico-sdk/lib/tinyusb/src/class/cdc/cdc_device.c.obj
                0x100037f8                tud_cdc_n_available
 .text.tud_cdc_n_read
                0x1000380c       0x88 CMakeFiles/pico_oscilloscope.dir/C_/pico/pico-sdk/lib/tinyusb/src/class/cdc/cdc_device.c.obj
                0x1000380c                tud_cdc_n_read
 .text.tud_cdc_n_write_flush
                0x10003894       0x78 CMakeFiles/pico_oscilloscope.dir/C_/pico/pico-sdk/lib/tinyusb/src/class/cdc/cdc_device.c.obj
                0x10003894                tud_cdc_n_write_flush
 .text.tud_cdc_n_write
                0x1000390c       0x40 CMakeFiles/pico_oscilloscope.dir/C_/pico/pico-sdk/lib/tinyusb/src/class/cdc/cdc_device.c.obj
                0x1000390c                tud_cdc_n_write
 .text.tud_cdc_n_write_available
                0x1000394c       0x14 CMakeFiles/pico_oscilloscope.dir/C_/pico/pico-sdk/lib/tinyusb/src/class/cdc/cdc_device.c.obj
                0x1000394c                tud_cdc_n_write_available
 .text.cdcd_init
                0x10003960       0x70 CMakeFiles/pico_oscilloscope.dir/C_/pico/pico-sdk/lib/tinyusb/src/class/cdc/cdc_device.c.obj
                0x10003960                cdcd_init
 .text.cdcd_deinit
                0x100039d0       0x30 CMakeFiles/pico_oscilloscope.dir/C_/pico/pico-sdk/lib/tinyusb/src/class/cdc/cdc_device.c.obj
                0x100039d0                cdcd_deinit
 .text.cdcd_reset
                0x10003a00       0x48 CMakeFiles/pico_oscilloscope.dir/C_/pico/pico-sdk/lib/tinyusb/src/class/cdc/cdc_device.c.obj
                0x10003a00                cdcd_reset
 .text.cdcd_open
                0x10003a48       0xa8 CMakeFiles/pico_oscilloscope.dir/C_/pico/pico-sdk/lib/tinyusb/src/class/cdc/cdc_device.c.obj
                0x10003a48                cdcd_open
 .text.cdcd_control_xfer_cb
                0x10003af0       0xf0 CMakeFiles/pico_oscilloscope.dir/C_/pico/pico-sdk/lib/tinyusb/src/class/cdc/cdc_device.c.obj
                0x10003af0                cdcd_control_xfer_cb
 .text.cdcd_xfer_cb
                0x10003be0       0xf8 CMakeFiles/pico_oscilloscope.dir/C_/pico/pico-sdk/lib/tinyusb/src/class/cdc/cdc_device.c.obj
                0x10003be0                cdcd_xfer_cb
 .text.vendord_init
                0x10003cd8       0x5c CMakeFiles/pico_oscilloscope.dir/C_/pico/pico-sdk/lib/tinyusb/src/class/vendor/vendor_device.c.obj
                0x10003cd8                vendord_init
 .text.vendord_deinit
                0x10003d34       0x1c CMakeFiles/pico_oscilloscope.dir/C_/pico/pico-sdk/lib/tinyusb/src/class/vendor/vendor_device.c.obj
                0x10003d34                vendord_deinit
 .text.vendord_reset
                0x10003d50       0x28 CMakeFiles/pico_oscilloscope.dir/C_/pico/pico-sdk/lib/tinyusb/src/class/vendor/vendor_device.c.obj
                0x10003d50                vendord_reset
 .text.vendord_open
                0x10003d78      0x104 CMakeFiles/pico_oscilloscope.dir/C_/pico/pico-sdk/lib/tinyusb/src/class/vendor/vendor_device.c.obj
                0x10003d78                vendord_open
 .text.vendord_xfer_cb
                0x10003e7c       0xa0 CMakeFiles/pico_oscilloscope.dir/C_/pico/pico-sdk/lib/tinyusb/src/class/vendor/vendor_device.c.obj
                0x10003e7c                vendord_xfer_cb
 .text.tusb_rhport_init
                0x10003f1c       0x4c CMakeFiles/pico_oscilloscope.dir/C_/pico/pico-sdk/lib/tinyusb/src/tusb.c.obj
                0x10003f1c                tusb_rhport_init
 .text.tu_edpt_claim
                0x10003f68       0x50 CMakeFiles/pico_oscilloscope.dir/C_/pico/pico-sdk/lib/tinyusb/src/tusb.c.obj
                0x10003f68                tu_edpt_claim
 .text.tu_edpt_release
                0x10003fb8       0x38 CMakeFiles/pico_oscilloscope.dir/C_/pico/pico-sdk/lib/tinyusb/src/tusb.c.obj
                0x10003fb8                tu_edpt_release
 .text.tu_edpt_validate
                0x10003ff0       0x74 CMakeFiles/pico_oscilloscope.dir/C_/pico/pico-sdk/lib/tinyusb/src/tusb.c.obj
                0x10003ff0                tu_edpt_validate
 .text.tu_edpt_bind_driver
                0x10004064       0x34 CMakeFiles/pico_oscilloscope.dir/C_/pico/pico-sdk/lib/tinyusb/src/tusb.c.obj
                0x10004064                tu_edpt_bind_driver
 .text.tu_edpt_stream_init
                0x10004098       0x68 CMakeFiles/pico_oscilloscope.dir/C_/pico/pico-sdk/lib/tinyusb/src/tusb.c.obj
                0x10004098                tu_edpt_stream_init
 .text.tu_edpt_stream_deinit
                0x10004100        0x4 CMakeFiles/pico_oscilloscope.dir/C_/pico/pico-sdk/lib/tinyusb/src/tusb.c.obj
                0x10004100                tu_edpt_stream_deinit
 .text.tu_edpt_stream_write_zlp_if_needed
                0x10004104       0x64 CMakeFiles/pico_oscilloscope.dir/C_/pico/pico-sdk/lib/tinyusb/src/tusb.c.obj
                0x10004104                tu_edpt_stream_write_zlp_if_needed
 .text.tu_edpt_stream_write_xfer
                0x10004168       0x6c CMakeFiles/pico_oscilloscope.dir/C_/pico/pico-sdk/lib/tinyusb/src/tusb.c.obj
                0x10004168                tu_edpt_stream_write_xfer
 .text.tu_edpt_stream_read_xfer
                0x100041d4       0xd8 CMakeFiles/pico_oscilloscope.dir/C_/pico/pico-sdk/lib/tinyusb/src/tusb.c.obj
                0x100041d4                tu_edpt_stream_read_xfer
 .text.tu_fifo_config
                0x100042ac       0x6c CMakeFiles/pico_oscilloscope.dir/C_/pico/pico-sdk/lib/tinyusb/src/common/tusb_fifo.c.obj
                0x100042ac                tu_fifo_config
 .text.tu_fifo_count
                0x10004318       0x2c CMakeFiles/pico_oscilloscope.dir/C_/pico/pico-sdk/lib/tinyusb/src/common/tusb_fifo.c.obj
                0x10004318                tu_fifo_count
 .text.tu_fifo_empty
                0x10004344       0x10 CMakeFiles/pico_oscilloscope.dir/C_/pico/pico-sdk/lib/tinyusb/src/common/tusb_fifo.c.obj
                0x10004344                tu_fifo_empty
 .text.tu_fifo_remaining
                0x10004354       0x2c CMakeFiles/pico_oscilloscope.dir/C_/pico/pico-sdk/lib/tinyusb/src/common/tusb_fifo.c.obj
                0x10004354                tu_fifo_remaining
 .text.tu_fifo_read
                0x10004380       0x9c CMakeFiles/pico_oscilloscope.dir/C_/pico/pico-sdk/lib/tinyusb/src/common/tusb_fifo.c.obj
                0x10004380                tu_fifo_read
 .text.tu_fifo_read_n
                0x1000441c       0xec CMakeFiles/pico_oscilloscope.dir/C_/pico/pico-sdk/lib/tinyusb/src/common/tusb_fifo.c.obj
                0x1000441c                tu_fifo_read_n
 .text.tu_fifo_write
                0x10004508       0xa4 CMakeFiles/pico_oscilloscope.dir/C_/pico/pico-sdk/lib/tinyusb/src/common/tusb_fifo.c.obj
                0x10004508                tu_fifo_write
 .text.tu_fifo_write_n
                0x100045ac      0x168 CMakeFiles/pico_oscilloscope.dir/C_/pico/pico-sdk/lib/tinyusb/src/common/tusb_fifo.c.obj
                0x100045ac                tu_fifo_write_n
 .text.tu_fifo_clear
                0x10004714       0x40 CMakeFiles/pico_oscilloscope.dir/C_/pico/pico-sdk/lib/tinyusb/src/common/tusb_fifo.c.obj
                0x10004714                tu_fifo_clear
 .text.tu_fifo_set_overwritable
                0x10004754       0x48 CMakeFiles/pico_oscilloscope.dir/C_/pico/pico-sdk/lib/tinyusb/src/common/tusb_fifo.c.obj
                0x10004754                tu_fifo_set_overwritable
 .text.adc_init
                0x1000479c       0x38 CMakeFiles/pico_oscilloscope.dir/C_/pico/pico-sdk/src/rp2_common/hardware_adc/adc.c.obj
                0x1000479c                adc_init
 .text.dma_channel_unclaim
                0x100047d4       0x10 CMakeFiles/pico_oscilloscope.dir/C_/pico/pico-sdk/src/rp2_common/hardware_dma/dma.c.obj
                0x100047d4                dma_channel_unclaim
 .text.dma_claim_unused_channel
                0x100047e4       0x20 CMakeFiles/pico_oscilloscope.dir/C_/pico/pico-sdk/src/rp2_common/hardware_dma/dma.c.obj
                0x100047e4                dma_claim_unused_channel
 .text._malloc_r
                0x10004804      0x564 C:/Users/david/scoop/apps/gcc-arm-none-eabi/15.2.rel1/bin/../lib/gcc/arm-none-eabi/15.2.1/../../../../arm-none-eabi/lib/thumb/v6-m/nofp\libg.a(libc_a-mallocr.o)
                0x10004804                _malloc_r
 .text.__malloc_lock
                0x10004d68       0x10 C:/Users/david/scoop/apps/gcc-arm-none-eabi/15.2.rel1/bin/../lib/gcc/arm-none-eabi/15.2.1/../../../../arm-none-eabi/lib/thumb/v6-m/nofp\libg.a(libc_a-mlock.o)
                0x10004d68                __malloc_lock
 .text.__malloc_unlock
                0x10004d78       0x10 C:/Users/david/scoop/apps/gcc-arm-none-eabi/15.2.rel1/bin/../lib/gcc/arm-none-eabi/15.2.1/../../../../arm-none-eabi/lib/thumb/v6-m/nofp\libg.a(libc_a-mlock.o)
                0x10004d78                __malloc_unlock
 .text._realloc_r
                0x10004d88      0x328 C:/Users/david/scoop/apps/gcc-arm-none-eabi/15.2.rel1/bin/../lib/gcc/arm-none-eabi/15.2.1/../../../../arm-none-eabi/lib/thumb/v6-m/nofp\libg.a(libc_a-reallocr.o)
                0x10004d88                _realloc_r
 .text.__sflush_r
                0x100050b0      0x148 C:/Users/david/scoop/apps/gcc-arm-none-eabi/15.2.rel1/bin/../lib/gcc/arm-none-eabi/15.2.1/../../../../arm-none-eabi/lib/thumb/v6-m/nofp\libg.a(libc_a-fflush.o)
                0x100050b0                __sflush_r
 .text._fflush_r
                0x100051f8       0x68 C:/Users/david/scoop/apps/gcc-arm-none-eabi/15.2.rel1/bin/../lib/gcc/arm-none-eabi/15.2.1/../../../../arm-none-eabi/lib/thumb/v6-m/nofp\libg.a(libc_a-fflush.o)
                0x100051f8                _fflush_r
 .text.fflush   0x10005260       0x7c C:/Users/david/scoop/apps/gcc-arm-none-eabi/15.2.rel1/bin/../lib/gcc/arm-none-eabi/15.2.1/../../../../arm-none-eabi/lib/thumb/v6-m/nofp\libg.a(libc_a-fflush.o)
                0x10005260                fflush
 .text.stdio_exit_handler
                0x100052dc       0x1c C:/Users/david/scoop/apps/gcc-arm-none-eabi/15.2.rel1/bin/../lib/gcc/arm-none-eabi/15.2.1/../../../../arm-none-eabi/lib/thumb/v6-m/nofp\libg.a(libc_a-findfp.o)
 .text.cleanup_stdio
                0x100052f8       0x3c C:/Users/david/scoop/apps/gcc-arm-none-eabi/15.2.rel1/bin/../lib/gcc/arm-none-eabi/15.2.1/../../../../arm-none-eabi/lib/thumb/v6-m/nofp\libg.a(libc_a-findfp.o)
 .text.global_stdio_init.part.0
                0x10005334      0x110 C:/Users/david/scoop/apps/gcc-arm-none-eabi/15.2.rel1/bin/../lib/gcc/arm-none-eabi/15.2.1/../../../../arm-none-eabi/lib/thumb/v6-m/nofp\libg.a(libc_a-findfp.o)
 .text.__sinit  0x10005444       0x38 C:/Users/david/scoop/apps/gcc-arm-none-eabi/15.2.rel1/bin/../lib/gcc/arm-none-eabi/15.2.1/../../../../arm-none-eabi/lib/thumb/v6-m/nofp\libg.a(libc_a-findfp.o)
                0x10005444                __sinit
 .text.__sfp_lock_acquire
                0x1000547c       0x10 C:/Users/david/scoop/apps/gcc-arm-none-eabi/15.2.rel1/bin/../lib/gcc/arm-none-eabi/15.2.1/../../../../arm-none-eabi/lib/thumb/v6-m/nofp\libg.a(libc_a-findfp.o)
                0x1000547c                __sfp_lock_acquire
 .text.__sfp_lock_release
                0x1000548c       0x10 C:/Users/david/scoop/apps/gcc-arm-none-eabi/15.2.rel1/bin/../lib/gcc/arm-none-eabi/15.2.1/../../../../arm-none-eabi/lib/thumb/v6-m/nofp\libg.a(libc_a-findfp.o)
                0x1000548c                __sfp_lock_release
 .text._fwalk_sglue
                0x1000549c       0x44 C:/Users/david/scoop/apps/gcc-arm-none-eabi/15.2.rel1/bin/../lib/gcc/arm-none-eabi/15.2.1/../../../../arm-none-eabi/lib/thumb/v6-m/nofp\libg.a(libc_a-fwalk.o)
                0x1000549c                _fwalk_sglue
 .text._fwrite_r
                0x100054e0       0xe8 C:/Users/david/scoop/apps/gcc-arm-none-eabi/15.2.rel1/bin/../lib/gcc/arm-none-eabi/15.2.1/../../../../arm-none-eabi/lib/thumb/v6-m/nofp\libg.a(libc_a-fwrite.o)
                0x100054e0                _fwrite_r
 .text.fwrite   0x100055c8       0x20 C:/Users/david/scoop/apps/gcc-arm-none-eabi/15.2.rel1/bin/../lib/gcc/arm-none-eabi/15.2.1/../../../../arm-none-eabi/lib/thumb/v6-m/nofp\libg.a(libc_a-fwrite.o)
                0x100055c8                fwrite
 .text.__sread  0x100055e8       0x28 C:/Users/david/scoop/apps/gcc-arm-none-eabi/15.2.rel1/bin/../lib/gcc/arm-none-eabi/15.2.1/../../../../arm-none-eabi/lib/thumb/v6-m/nofp\libg.a(libc_a-stdio.o)
                0x100055e8                __sread
 .text.__swrite
                0x10005610       0x40 C:/Users/david/scoop/apps/gcc-arm-none-eabi/15.2.rel1/bin/../lib/gcc/arm-none-eabi/15.2.1/../../../../arm-none-eabi/lib/thumb/v6-m/nofp\libg.a(libc_a-stdio.o)
                0x10005610                __swrite
 .text.__sseek  0x10005650       0x2c C:/Users/david/scoop/apps/gcc-arm-none-eabi/15.2.rel1/bin/../lib/gcc/arm-none-eabi/15.2.1/../../../../arm-none-eabi/lib/thumb/v6-m/nofp\libg.a(libc_a-stdio.o)
                0x10005650                __sseek
 .text.__sclose
                0x1000567c        0xc C:/Users/david/scoop/apps/gcc-arm-none-eabi/15.2.rel1/bin/../lib/gcc/arm-none-eabi/15.2.1/../../../../arm-none-eabi/lib/thumb/v6-m/nofp\libg.a(libc_a-stdio.o)
                0x1000567c                __sclose
 .text.memmove  0x10005688      0x104 C:/Users/david/scoop/apps/gcc-arm-none-eabi/15.2.rel1/bin/../lib/gcc/arm-none-eabi/15.2.1/../../../../arm-none-eabi/lib/thumb/v6-m/nofp\libg.a(libc_a-memmove.o)
                0x10005688                memmove
 .text._close_r
                0x1000578c       0x24 C:/Users/david/scoop/apps/gcc-arm-none-eabi/15.2.rel1/bin/../lib/gcc/arm-none-eabi/15.2.1/../../../../arm-none-eabi/lib/thumb/v6-m/nofp\libg.a(libc_a-closer.o)
                0x1000578c                _close_r
 .text._lseek_r
                0x100057b0       0x28 C:/Users/david/scoop/apps/gcc-arm-none-eabi/15.2.rel1/bin/../lib/gcc/arm-none-eabi/15.2.1/../../../../arm-none-eabi/lib/thumb/v6-m/nofp\libg.a(libc_a-lseekr.o)
                0x100057b0                _lseek_r
 .text._read_r  0x100057d8       0x28 C:/Users/david/scoop/apps/gcc-arm-none-eabi/15.2.rel1/bin/../lib/gcc/arm-none-eabi/15.2.1/../../../../arm-none-eabi/lib/thumb/v6-m/nofp\libg.a(libc_a-readr.o)
                0x100057d8                _read_r
 .text._sbrk_r  0x10005800       0x24 C:/Users/david/scoop/apps/gcc-arm-none-eabi/15.2.rel1/bin/../lib/gcc/arm-none-eabi/15.2.1/../../../../arm-none-eabi/lib/thumb/v6-m/nofp\libg.a(libc_a-sbrkr.o)
                0x10005800                _sbrk_r
 .text._write_r
                0x10005824       0x28 C:/Users/david/scoop/apps/gcc-arm-none-eabi/15.2.rel1/bin/../lib/gcc/arm-none-eabi/15.2.1/../../../../arm-none-eabi/lib/thumb/v6-m/nofp\libg.a(libc_a-writer.o)
                0x10005824                _write_r
 .text.__errno  0x1000584c        0xc C:/Users/david/scoop/apps/gcc-arm-none-eabi/15.2.rel1/bin/../lib/gcc/arm-none-eabi/15.2.1/../../../../arm-none-eabi/lib/thumb/v6-m/nofp\libg.a(libc_a-errno.o)
                0x1000584c                __errno
 .text.__retarget_lock_init_recursive
                0x10005858        0x4 C:/Users/david/scoop/apps/gcc-arm-none-eabi/15.2.rel1/bin/../lib/gcc/arm-none-eabi/15.2.1/../../../../arm-none-eabi/lib/thumb/v6-m/nofp\libg.a(libc_a-lock.o)
                0x10005858                __retarget_lock_init_recursive
 .text.__retarget_lock_close_recursive
                0x1000585c        0x4 C:/Users/david/scoop/apps/gcc-arm-none-eabi/15.2.rel1/bin/../lib/gcc/arm-none-eabi/15.2.1/../../../../arm-none-eabi/lib/thumb/v6-m/nofp\libg.a(libc_a-lock.o)
                0x1000585c                __retarget_lock_close_recursive
 .text.__retarget_lock_acquire_recursive
                0x10005860        0x4 C:/Users/david/scoop/apps/gcc-arm-none-eabi/15.2.rel1/bin/../lib/gcc/arm-none-eabi/15.2.1/../../../../arm-none-eabi/lib/thumb/v6-m/nofp\libg.a(libc_a-lock.o)
                0x10005860                __retarget_lock_acquire_recursive
 .text.__retarget_lock_release_recursive
                0x10005864        0x4 C:/Users/david/scoop/apps/gcc-arm-none-eabi/15.2.rel1/bin/../lib/gcc/arm-none-eabi/15.2.1/../../../../arm-none-eabi/lib/thumb/v6-m/nofp\libg.a(libc_a-lock.o)
                0x10005864                __retarget_lock_release_recursive
 .text.sysconf  0x10005868       0x1c C:/Users/david/scoop/apps/gcc-arm-none-eabi/15.2.rel1/bin/../lib/gcc/arm-none-eabi/15.2.1/../../../../arm-none-eabi/lib/thumb/v6-m/nofp\libg.a(libc_a-sysconf.o)
                0x10005868                sysconf
 .text.strlen   0x10005884       0x60 C:/Users/david/scoop/apps/gcc-arm-none-eabi/15.2.rel1/bin/../lib/gcc/arm-none-eabi/15.2.1/../../../../arm-none-eabi/lib/thumb/v6-m/nofp\libg.a(libc_a-strlen-stub.o)
                0x10005884                strlen
 .text._malloc_trim_r
                0x100058e4       0xb0 C:/Users/david/scoop/apps/gcc-arm-none-eabi/15.2.rel1/bin/../lib/gcc/arm-none-eabi/15.2.1/../../../../arm-none-eabi/lib/thumb/v6-m/nofp\libg.a(libc_a-freer.o)
                0x100058e4                _malloc_trim_r
 .text._free_r  0x10005994      0x1d4 C:/Users/david/scoop/apps/gcc-arm-none-eabi/15.2.rel1/bin/../lib/gcc/arm-none-eabi/15.2.1/../../../../arm-none-eabi/lib/thumb/v6-m/nofp\libg.a(libc_a-freer.o)
                0x10005994                _free_r
 .text._fclose_r
                0x10005b68       0xd4 C:/Users/david/scoop/apps/gcc-arm-none-eabi/15.2.rel1/bin/../lib/gcc/arm-none-eabi/15.2.1/../../../../arm-none-eabi/lib/thumb/v6-m/nofp\libg.a(libc_a-fclose.o)
                0x10005b68                _fclose_r
 .text.__sfvwrite_r
                0x10005c3c      0x300 C:/Users/david/scoop/apps/gcc-arm-none-eabi/15.2.rel1/bin/../lib/gcc/arm-none-eabi/15.2.1/../../../../arm-none-eabi/lib/thumb/v6-m/nofp\libg.a(libc_a-fvwrite.o)
                0x10005c3c                __sfvwrite_r
 .text.__swsetup_r
                0x10005f3c       0xd4 C:/Users/david/scoop/apps/gcc-arm-none-eabi/15.2.rel1/bin/../lib/gcc/arm-none-eabi/15.2.1/../../../../arm-none-eabi/lib/thumb/v6-m/nofp\libg.a(libc_a-wsetup.o)
                0x10005f3c                __swsetup_r
 .text.memchr   0x10006010       0x70 C:/Users/david/scoop/apps/gcc-arm-none-eabi/15.2.rel1/bin/../lib/gcc/arm-none-eabi/15.2.1/../../../../arm-none-eabi/lib/thumb/v6-m/nofp\libg.a(libc_a-memchr-stub.o)
                0x10006010                memchr
 .text.__smakebuf_r
                0x10006080       0xd8 C:/Users/david/scoop/apps/gcc-arm-none-eabi/15.2.rel1/bin/../lib/gcc/arm-none-eabi/15.2.1/../../../../arm-none-eabi/lib/thumb/v6-m/nofp\libg.a(libc_a-makebuf.o)
                0x10006080                __smakebuf_r
 .text._fstat_r
                0x10006158       0x28 C:/Users/david/scoop/apps/gcc-arm-none-eabi/15.2.rel1/bin/../lib/gcc/arm-none-eabi/15.2.1/../../../../arm-none-eabi/lib/thumb/v6-m/nofp\libg.a(libc_a-fstatr.o)
                0x10006158                _fstat_r
 .text._isatty_r
                0x10006180       0x24 C:/Users/david/scoop/apps/gcc-arm-none-eabi/15.2.rel1/bin/../lib/gcc/arm-none-eabi/15.2.1/../../../../arm-none-eabi/lib/thumb/v6-m/nofp\libg.a(libc_a-isattyr.o)
                0x10006180                _isatty_r
 *(.fini)
 .fini          0x100061a4        0x4 C:/Users/david/scoop/apps/gcc-arm-none-eabi/15.2.rel1/bin/../lib/gcc/arm-none-eabi/15.2.1/thumb/v6-m/nofp/crti.o
                0x100061a4                _fini
 .fini.__stub   0x100061a8       0xb0 linker stubs
 *crtbegin.o(.ctors)
 *crtbegin?.o(.ctors)
 *(EXCLUDE_FILE(*crtend.o *crtend?.o) .ctors)
 *(SORT_BY_NAME(.ctors.*))
 *(.ctors)
 *crtbegin.o(.dtors)
 *crtbegin?.o(.dtors)
 *(EXCLUDE_FILE(*crtend.o *crtend?.o) .dtors)
 *(SORT_BY_NAME(.dtors.*))
 *(.dtors)
                0x10006258                        . = ALIGN (0x4)
                0x10006258                        PROVIDE (__preinit_array_start = .)
 *(SORT_BY_NAME(.preinit_array.*))
 .preinit_array.00100
                0x10006258        0x4 CMakeFiles/pico_oscilloscope.dir/C_/pico/pico-sdk/src/rp2_common/pico_runtime_init/runtime_init.c.obj
                0x10006258                __pre_init_runtime_init_early_resets
 .preinit_array.00101
                0x1000625c        0x4 CMakeFiles/pico_oscilloscope.dir/C_/pico/pico-sdk/src/rp2_common/pico_runtime_init/runtime_init.c.obj
                0x1000625c                __pre_init_runtime_init_usb_power_down
 .preinit_array.00275
                0x10006260        0x4 CMakeFiles/pico_oscilloscope.dir/C_/pico/pico-sdk/src/rp2_common/pico_bit_ops/bit_ops_aeabi.S.obj
 .preinit_array.00300
                0x10006264        0x4 CMakeFiles/pico_oscilloscope.dir/C_/pico/pico-sdk/src/rp2_common/pico_mem_ops/mem_ops_aeabi.S.obj
 .preinit_array.00350
                0x10006268        0x4 CMakeFiles/pico_oscilloscope.dir/C_/pico/pico-sdk/src/rp2_common/pico_double/double_aeabi_rp2040.S.obj
 .preinit_array.00350
                0x1000626c        0x4 CMakeFiles/pico_oscilloscope.dir/C_/pico/pico-sdk/src/rp2_common/pico_float/float_aeabi_rp2040.S.obj
 .preinit_array.00500
                0x10006270        0x4 CMakeFiles/pico_oscilloscope.dir/C_/pico/pico-sdk/src/rp2_common/pico_runtime_init/runtime_init.c.obj
                0x10006270                __pre_init_runtime_init_clocks
 .preinit_array.00600
                0x10006274        0x4 CMakeFiles/pico_oscilloscope.dir/C_/pico/pico-sdk/src/rp2_common/pico_runtime_init/runtime_init.c.obj
                0x10006274                __pre_init_runtime_init_post_clock_resets
 .preinit_array.00700
                0x10006278        0x4 CMakeFiles/pico_oscilloscope.dir/C_/pico/pico-sdk/src/rp2_common/pico_runtime_init/runtime_init.c.obj
                0x10006278                __pre_init_runtime_init_rp2040_gpio_ie_disable
 .preinit_array.01000
                0x1000627c        0x4 CMakeFiles/pico_oscilloscope.dir/C_/pico/pico-sdk/src/rp2_common/pico_runtime_init/runtime_init.c.obj
                0x1000627c                __pre_init_runtime_init_spin_locks_reset
 .preinit_array.01100
                0x10006280        0x4 CMakeFiles/pico_oscilloscope.dir/C_/pico/pico-sdk/src/common/pico_sync/mutex.c.obj
                0x10006280                __pre_init_runtime_init_mutex
 .preinit_array.10080
                0x10006284        0x4 CMakeFiles/pico_oscilloscope.dir/C_/pico/pico-sdk/src/rp2_common/pico_runtime_init/runtime_init.c.obj
                0x10006284                __pre_init_runtime_init_install_ram_vector_table
 .preinit_array.11000
                0x10006288        0x4 CMakeFiles/pico_oscilloscope.dir/C_/pico/pico-sdk/src/common/pico_time/time.c.obj
                0x10006288                __pre_init_runtime_init_default_alarm_pool
 .preinit_array.YYYYY
                0x1000628c        0x4 CMakeFiles/pico_oscilloscope.dir/C_/pico/pico-sdk/src/rp2_common/pico_runtime/runtime.c.obj
                0x1000628c                __pre_init_first_per_core_initializer
 .preinit_array.ZZZZZ.01200
                0x10006290        0x4 CMakeFiles/pico_oscilloscope.dir/C_/pico/pico-sdk/src/rp2_common/hardware_irq/irq.c.obj
                0x10006290                __pre_init_runtime_init_per_core_irq_priorities
 *(.preinit_array)
                0x10006294                        PROVIDE (__preinit_array_end = .)
                0x10006294                        . = ALIGN (0x4)
                0x10006294                        PROVIDE (__init_array_start = .)
 *(SORT_BY_NAME(.init_array.*))
 .init_array.01000
                0x10006294        0x4 CMakeFiles/pico_oscilloscope.dir/C_/pico/pico-sdk/src/rp2_common/pico_unique_id/unique_id.c.obj
 *(.init_array)
 .init_array    0x10006298        0x4 C:/Users/david/scoop/apps/gcc-arm-none-eabi/15.2.rel1/bin/../lib/gcc/arm-none-eabi/15.2.1/thumb/v6-m/nofp/crtbegin.o
                0x1000629c                        PROVIDE (__init_array_end = .)
                0x1000629c                        . = ALIGN (0x4)
                [!provide]                        PROVIDE (__fini_array_start = .)
 *(SORT_BY_NAME(.fini_array.*))
 *(.fini_array)
                [!provide]                        PROVIDE (__fini_array_end = .)
 *(.eh_frame*)
 .eh_frame      0x1000629c        0x0 C:/Users/david/scoop/apps/gcc-arm-none-eabi/15.2.rel1/bin/../lib/gcc/arm-none-eabi/15.2.1/thumb/v6-m/nofp/crtbegin.o
                0x1000629c                        . = ALIGN (0x4)

.glue_7         0x1000629c        0x0
 .glue_7        0x1000629c        0x0 linker stubs

.glue_7t        0x1000629c        0x0
 .glue_7t       0x1000629c        0x0 linker stubs

.vfp11_veneer   0x1000629c        0x0
 .vfp11_veneer  0x1000629c        0x0 linker stubs

.v4_bx          0x1000629c        0x0
 .v4_bx         0x1000629c        0x0 linker stubs

.iplt           0x1000629c        0x0
 .iplt          0x1000629c        0x0 C:/Users/david/scoop/apps/gcc-arm-none-eabi/15.2.rel1/bin/../lib/gcc/arm-none-eabi/15.2.1/thumb/v6-m/nofp/crtbegin.o

.rodata         0x100062a0      0x458
 *(EXCLUDE_FILE(*libm.a: *libc.a:*lib_a-mem*.o *libgcc.a:) .rodata*)
 .rodata.panic.str1.4
                0x100062a0      0x196 CMakeFiles/pico_oscilloscope.dir/C_/pico/pico-sdk/src/rp2_common/pico_platform_panic/panic.c.obj
                                 0x12 (size before relaxing)
 .rodata.spin_lock_claim_unused.str1.4
                0x10006436        0x0 CMakeFiles/pico_oscilloscope.dir/C_/pico/pico-sdk/src/rp2_common/hardware_sync/sync.c.obj
                                 0x1b (size before relaxing)
 .rodata.user_irq_claim_unused.str1.4
                0x10006436        0x0 CMakeFiles/pico_oscilloscope.dir/C_/pico/pico-sdk/src/rp2_common/hardware_irq/irq.c.obj
                                 0x1b (size before relaxing)
 *fill*         0x10006436        0x2 
 .rodata.at_the_end_of_time
                0x10006438        0x8 CMakeFiles/pico_oscilloscope.dir/C_/pico/pico-sdk/src/common/pico_time/time.c.obj
                0x10006438                at_the_end_of_time
 .rodata.timer_hardware_alarm_claim.str1.4
                0x10006440        0x0 CMakeFiles/pico_oscilloscope.dir/C_/pico/pico-sdk/src/rp2_common/hardware_timer/timer.c.obj
                                 0x22 (size before relaxing)
 .rodata.hard_assertion_failure.str1.4
                0x10006440        0x0 CMakeFiles/pico_oscilloscope.dir/C_/pico/pico-sdk/src/rp2_common/pico_runtime/runtime.c.obj
                                  0xc (size before relaxing)
 .rodata.missing_double_func_shim.str1.4
                0x10006440        0x0 CMakeFiles/pico_oscilloscope.dir/C_/pico/pico-sdk/src/rp2_common/pico_double/double_init_rom_rp2040.c.obj
                                 0x18 (size before relaxing)
 .rodata.missing_float_func_shim.str1.4
                0x10006440        0x0 CMakeFiles/pico_oscilloscope.dir/C_/pico/pico-sdk/src/rp2_common/pico_float/float_init_rom_rp2040.c.obj
                                  0x1 (size before relaxing)
 .rodata.str1.4
                0x10006440        0x0 CMakeFiles/pico_oscilloscope.dir/C_/pico/pico-sdk/src/rp2_common/pico_standard_binary_info/standard_binary_info.c.obj
                                 0x48 (size before relaxing)
 .rodata.__bi_84
                0x10006440        0xc CMakeFiles/pico_oscilloscope.dir/C_/pico/pico-sdk/src/rp2_common/pico_standard_binary_info/standard_binary_info.c.obj
 .rodata.__bi_78
                0x1000644c        0xc CMakeFiles/pico_oscilloscope.dir/C_/pico/pico-sdk/src/rp2_common/pico_standard_binary_info/standard_binary_info.c.obj
 .rodata.__bi_54
                0x10006458        0xc CMakeFiles/pico_oscilloscope.dir/C_/pico/pico-sdk/src/rp2_common/pico_standard_binary_info/standard_binary_info.c.obj
 .rodata.__bi_48
                0x10006464        0xc CMakeFiles/pico_oscilloscope.dir/C_/pico/pico-sdk/src/rp2_common/pico_standard_binary_info/standard_binary_info.c.obj
 .rodata.__bi_42
                0x10006470        0xc CMakeFiles/pico_oscilloscope.dir/C_/pico/pico-sdk/src/rp2_common/pico_standard_binary_info/standard_binary_info.c.obj
 .rodata.__bi_34
                0x1000647c        0xc CMakeFiles/pico_oscilloscope.dir/C_/pico/pico-sdk/src/rp2_common/pico_standard_binary_info/standard_binary_info.c.obj
 .rodata.__bi_26
                0x10006488        0xc CMakeFiles/pico_oscilloscope.dir/C_/pico/pico-sdk/src/rp2_common/pico_standard_binary_info/standard_binary_info.c.obj
 .rodata.crlf_str.0
                0x10006494        0x2 CMakeFiles/pico_oscilloscope.dir/C_/pico/pico-sdk/src/rp2_common/pico_stdio/stdio.c.obj
 *fill*         0x10006496        0x2 
 .rodata._resetd_driver
                0x10006498       0x20 CMakeFiles/pico_oscilloscope.dir/C_/pico/pico-sdk/src/rp2_common/pico_stdio_usb/reset_interface.c.obj
 .rodata.desc_ms_os_20
                0x100064b8       0xa6 CMakeFiles/pico_oscilloscope.dir/C_/pico/pico-sdk/src/rp2_common/pico_stdio_usb/reset_interface.c.obj
 *fill*         0x1000655e        0x2 
 .rodata.desc_bos
                0x10006560       0x21 CMakeFiles/pico_oscilloscope.dir/C_/pico/pico-sdk/src/rp2_common/pico_stdio_usb/reset_interface.c.obj
                0x10006560                desc_bos
 .rodata.str1.4
                0x10006581        0x0 CMakeFiles/pico_oscilloscope.dir/C_/pico/pico-sdk/src/rp2_common/pico_stdio_usb/stdio_usb.c.obj
                                 0x13 (size before relaxing)
 *fill*         0x10006581        0x3 
 .rodata.__bi_202.0
                0x10006584        0xc CMakeFiles/pico_oscilloscope.dir/C_/pico/pico-sdk/src/rp2_common/pico_stdio_usb/stdio_usb.c.obj
 .rodata.str1.4
                0x10006590        0x0 CMakeFiles/pico_oscilloscope.dir/C_/pico/pico-sdk/src/rp2_common/pico_stdio_usb/stdio_usb_descriptors.c.obj
                                 0x2a (size before relaxing)
 .rodata.usbd_desc_str
                0x10006590       0x18 CMakeFiles/pico_oscilloscope.dir/C_/pico/pico-sdk/src/rp2_common/pico_stdio_usb/stdio_usb_descriptors.c.obj
 .rodata.usbd_desc_cfg
                0x100065a8       0x54 CMakeFiles/pico_oscilloscope.dir/C_/pico/pico-sdk/src/rp2_common/pico_stdio_usb/stdio_usb_descriptors.c.obj
 .rodata.usbd_desc_device
                0x100065fc       0x12 CMakeFiles/pico_oscilloscope.dir/C_/pico/pico-sdk/src/rp2_common/pico_stdio_usb/stdio_usb_descriptors.c.obj
 .rodata.str1.4
                0x1000660e        0x0 CMakeFiles/pico_oscilloscope.dir/C_/pico/pico-sdk/lib/tinyusb/src/portable/raspberrypi/rp2040/dcd_rp2040.c.obj
                                 0x14 (size before relaxing)
 .rodata.str1.4
                0x1000660e        0x0 CMakeFiles/pico_oscilloscope.dir/C_/pico/pico-sdk/lib/tinyusb/src/portable/raspberrypi/rp2040/rp2040_usb.c.obj
                                 0x48 (size before relaxing)
 *fill*         0x1000660e        0x2 
 .rodata.tud_task_ext
                0x10006610       0x8c CMakeFiles/pico_oscilloscope.dir/C_/pico/pico-sdk/lib/tinyusb/src/device/usbd.c.obj
 .rodata        0x1000669c       0x1c CMakeFiles/pico_oscilloscope.dir/C_/pico/pico-sdk/lib/tinyusb/src/device/usbd.c.obj
 .rodata._usbd_driver
                0x100066b8       0x40 CMakeFiles/pico_oscilloscope.dir/C_/pico/pico-sdk/lib/tinyusb/src/device/usbd.c.obj
 .rodata.dma_claim_unused_channel.str1.4
                0x100066f8        0x0 CMakeFiles/pico_oscilloscope.dir/C_/pico/pico-sdk/src/rp2_common/hardware_dma/dma.c.obj
                                 0x1e (size before relaxing)
                0x100066f8                        . = ALIGN (0x4)
 *(SORT_BY_ALIGNMENT(SORT_BY_NAME(.flashdata*)))
                0x100066f8                        . = ALIGN (0x4)

.ARM.extab
 *(.ARM.extab* .gnu.linkonce.armextab.*)
                0x100066f8                        __exidx_start = .

.ARM.exidx
 *(.ARM.exidx* .gnu.linkonce.armexidx.*)
                0x100066f8                        __exidx_end = .
                0x100066f8                        . = ALIGN (0x4)
                0x100066f8                        __binary_info_start = .

.binary_info    0x100066f8       0x20
 *(.binary_info.keep.*)
 .binary_info.keep.__bi_ptr84
                0x100066f8        0x4 CMakeFiles/pico_oscilloscope.dir/C_/pico/pico-sdk/src/rp2_common/pico_standard_binary_info/standard_binary_info.c.obj
 .binary_info.keep.__bi_ptr78
                0x100066fc        0x4 CMakeFiles/pico_oscilloscope.dir/C_/pico/pico-sdk/src/rp2_common/pico_standard_binary_info/standard_binary_info.c.obj
 .binary_info.keep.__bi_ptr54
                0x10006700        0x4 CMakeFiles/pico_oscilloscope.dir/C_/pico/pico-sdk/src/rp2_common/pico_standard_binary_info/standard_binary_info.c.obj
 .binary_info.keep.__bi_ptr48
                0x10006704        0x4 CMakeFiles/pico_oscilloscope.dir/C_/pico/pico-sdk/src/rp2_common/pico_standard_binary_info/standard_binary_info.c.obj
 .binary_info.keep.__bi_ptr42
                0x10006708        0x4 CMakeFiles/pico_oscilloscope.dir/C_/pico/pico-sdk/src/rp2_common/pico_standard_binary_info/standard_binary_info.c.obj
 .binary_info.keep.__bi_ptr34
                0x1000670c        0x4 CMakeFiles/pico_oscilloscope.dir/C_/pico/pico-sdk/src/rp2_common/pico_standard_binary_info/standard_binary_info.c.obj
 .binary_info.keep.__bi_ptr26
                0x10006710        0x4 CMakeFiles/pico_oscilloscope.dir/C_/pico/pico-sdk/src/rp2_common/pico_standard_binary_info/standard_binary_info.c.obj
 *(.binary_info.*)
 .binary_info.__bi_ptr202
                0x10006714        0x4 CMakeFiles/pico_oscilloscope.dir/C_/pico/pico-sdk/src/rp2_common/pico_stdio_usb/stdio_usb.c.obj
                0x10006718                        __binary_info_end = .
                0x10006718                        . = ALIGN (0x4)

.ram_vector_table
                0x20000000       0xc0
 *(.ram_vector_table)
 .ram_vector_table
                0x20000000       0xc0 CMakeFiles/pico_oscilloscope.dir/C_/pico/pico-sdk/src/rp2_common/pico_runtime_init/runtime_init.c.obj
                0x20000000                ram_vector_table

.uninitialized_data
                0x200000c0        0x0
                0x200000c0                        . = ALIGN (0x4)
 *(.uninitialized_data*)

.data           0x200000c0     0x15c0 load address 0x10006718
                0x200000c0                        __data_start__ = .
 *(vtable)
 *(.time_critical*)
 .time_critical.mutex_try_enter
                0x200000c0       0x40 CMakeFiles/pico_oscilloscope.dir/C_/pico/pico-sdk/src/common/pico_sync/mutex.c.obj
                0x200000c0                mutex_try_enter
 .time_critical.mutex_try_enter_block_until
                0x20000100       0x98 CMakeFiles/pico_oscilloscope.dir/C_/pico/pico-sdk/src/common/pico_sync/mutex.c.obj
                0x20000100                mutex_try_enter_block_until
 .time_critical.mutex_enter_timeout_ms
                0x20000198       0x8c CMakeFiles/pico_oscilloscope.dir/C_/pico/pico-sdk/src/common/pico_sync/mutex.c.obj
                0x20000198                mutex_enter_timeout_ms
 .time_critical.mutex_exit
                0x20000224       0x28 CMakeFiles/pico_oscilloscope.dir/C_/pico/pico-sdk/src/common/pico_sync/mutex.c.obj
                0x20000224                mutex_exit
 .time_critical.flash_init_boot2_copyout
                0x2000024c       0x30 CMakeFiles/pico_oscilloscope.dir/C_/pico/pico-sdk/src/rp2_common/hardware_flash/flash.c.obj
 .time_critical.flash_enable_xip_via_boot2
                0x2000027c        0xc CMakeFiles/pico_oscilloscope.dir/C_/pico/pico-sdk/src/rp2_common/hardware_flash/flash.c.obj
 .time_critical.flash_save_hardware_state
                0x20000288       0x20 CMakeFiles/pico_oscilloscope.dir/C_/pico/pico-sdk/src/rp2_common/hardware_flash/flash.c.obj
 .time_critical.flash_restore_hardware_state
                0x200002a8       0x20 CMakeFiles/pico_oscilloscope.dir/C_/pico/pico-sdk/src/rp2_common/hardware_flash/flash.c.obj
 .time_critical.flash_cs_force
                0x200002c8       0x38 CMakeFiles/pico_oscilloscope.dir/C_/pico/pico-sdk/src/rp2_common/hardware_flash/flash.c.obj
 .time_critical.flash_do_cmd
                0x20000300      0x124 CMakeFiles/pico_oscilloscope.dir/C_/pico/pico-sdk/src/rp2_common/hardware_flash/flash.c.obj
                0x20000300                flash_do_cmd
 .time_critical.reset_non_control_endpoints
                0x20000424       0x68 CMakeFiles/pico_oscilloscope.dir/C_/pico/pico-sdk/lib/tinyusb/src/portable/raspberrypi/rp2040/dcd_rp2040.c.obj
 .time_critical.hw_handle_buff_status
                0x2000048c       0x88 CMakeFiles/pico_oscilloscope.dir/C_/pico/pico-sdk/lib/tinyusb/src/portable/raspberrypi/rp2040/dcd_rp2040.c.obj
 .time_critical.dcd_rp2040_irq
                0x20000514      0x53c CMakeFiles/pico_oscilloscope.dir/C_/pico/pico-sdk/lib/tinyusb/src/portable/raspberrypi/rp2040/dcd_rp2040.c.obj
 .time_critical.prepare_ep_buffer
                0x20000a50       0xc4 CMakeFiles/pico_oscilloscope.dir/C_/pico/pico-sdk/lib/tinyusb/src/portable/raspberrypi/rp2040/rp2040_usb.c.obj
 .time_critical.sync_ep_buffer
                0x20000b14       0xa0 CMakeFiles/pico_oscilloscope.dir/C_/pico/pico-sdk/lib/tinyusb/src/portable/raspberrypi/rp2040/rp2040_usb.c.obj
 .time_critical._hw_endpoint_xfer_sync
                0x20000bb4       0x28 CMakeFiles/pico_oscilloscope.dir/C_/pico/pico-sdk/lib/tinyusb/src/portable/raspberrypi/rp2040/rp2040_usb.c.obj
 .time_critical.e15_is_bulkin_ep
                0x20000bdc       0x28 CMakeFiles/pico_oscilloscope.dir/C_/pico/pico-sdk/lib/tinyusb/src/portable/raspberrypi/rp2040/rp2040_usb.c.obj
 .time_critical.e15_is_critical_frame_period
                0x20000c04       0x30 CMakeFiles/pico_oscilloscope.dir/C_/pico/pico-sdk/lib/tinyusb/src/portable/raspberrypi/rp2040/rp2040_usb.c.obj
 .time_critical.hw_endpoint_reset_transfer
                0x20000c34        0xc CMakeFiles/pico_oscilloscope.dir/C_/pico/pico-sdk/lib/tinyusb/src/portable/raspberrypi/rp2040/rp2040_usb.c.obj
                0x20000c34                hw_endpoint_reset_transfer
 .time_critical._hw_endpoint_buffer_control_update32
                0x20000c40       0x50 CMakeFiles/pico_oscilloscope.dir/C_/pico/pico-sdk/lib/tinyusb/src/portable/raspberrypi/rp2040/rp2040_usb.c.obj
                0x20000c40                _hw_endpoint_buffer_control_update32
 .time_critical.hw_endpoint_start_next_buffer
                0x20000c90       0x68 CMakeFiles/pico_oscilloscope.dir/C_/pico/pico-sdk/lib/tinyusb/src/portable/raspberrypi/rp2040/rp2040_usb.c.obj
                0x20000c90                hw_endpoint_start_next_buffer
 .time_critical.hw_endpoint_xfer_continue
                0x20000cf8       0x40 CMakeFiles/pico_oscilloscope.dir/C_/pico/pico-sdk/lib/tinyusb/src/portable/raspberrypi/rp2040/rp2040_usb.c.obj
                0x20000cf8                hw_endpoint_xfer_continue
 .time_critical.tinyusb
                0x20000d38      0x1d8 CMakeFiles/pico_oscilloscope.dir/C_/pico/pico-sdk/lib/tinyusb/src/device/usbd.c.obj
                0x20000d38                dcd_event_handler
 *(.text*)
 .text          0x20000f10        0x4 C:/Users/david/scoop/apps/gcc-arm-none-eabi/15.2.rel1/bin/../lib/gcc/arm-none-eabi/15.2.1/thumb/v6-m/nofp\libgcc.a(_dvmd_tls.o)
                0x20000f10                __aeabi_idiv0
                0x20000f10                __aeabi_ldiv0
 *fill*         0x20000f14        0x4 
 .text.__stub   0x20000f18       0x80 linker stubs
                0x20000f98                        . = ALIGN (0x4)
 *(.rodata*)
                0x20000f98                        . = ALIGN (0x4)
 *(.data*)
 .data.striped_spin_lock_num
                0x20000f98        0x1 CMakeFiles/pico_oscilloscope.dir/C_/pico/pico-sdk/src/rp2_common/hardware_sync/sync.c.obj
 *fill*         0x20000f99        0x3 
 .data          0x20000f9c       0x48 CMakeFiles/pico_oscilloscope.dir/C_/pico/pico-sdk/src/rp2_common/hardware_irq/irq_handler_chain.S.obj
                0x20000f9c                irq_handler_chain_slots
                0x20000fcc                irq_handler_chain_first_slot
                0x20000fd6                irq_handler_chain_remove_tail
 .data.default_alarm_pool
                0x20000fe4       0x18 CMakeFiles/pico_oscilloscope.dir/C_/pico/pico-sdk/src/common/pico_time/time.c.obj
 *fill*         0x20000ffc        0x4 
 .data.aeabi_bits_funcs
                0x20001000       0x10 CMakeFiles/pico_oscilloscope.dir/C_/pico/pico-sdk/src/rp2_common/pico_bit_ops/bit_ops_aeabi.S.obj
                0x20001000                aeabi_bits_funcs
                0x20001010                aeabi_bits_funcs_end
 .data.aeabi_mem_funcs
                0x20001010       0x10 CMakeFiles/pico_oscilloscope.dir/C_/pico/pico-sdk/src/rp2_common/pico_mem_ops/mem_ops_aeabi.S.obj
                0x20001010                aeabi_mem_funcs
                0x20001020                aeabi_mem_funcs_end
 .data.stdio_usb
                0x20001020       0x18 CMakeFiles/pico_oscilloscope.dir/C_/pico/pico-sdk/src/rp2_common/pico_stdio_usb/stdio_usb.c.obj
                0x20001020                stdio_usb
 .data._usbd_qdef
                0x20001038       0x1c CMakeFiles/pico_oscilloscope.dir/C_/pico/pico-sdk/lib/tinyusb/src/device/usbd.c.obj
                0x20001038                _usbd_qdef
 .data._usbd_rhport
                0x20001054        0x1 CMakeFiles/pico_oscilloscope.dir/C_/pico/pico-sdk/lib/tinyusb/src/device/usbd.c.obj
 *fill*         0x20001055        0x3 
 .data.__malloc_sbrk_base
                0x20001058        0x4 C:/Users/david/scoop/apps/gcc-arm-none-eabi/15.2.rel1/bin/../lib/gcc/arm-none-eabi/15.2.1/../../../../arm-none-eabi/lib/thumb/v6-m/nofp\libg.a(libc_a-mallocr.o)
                0x20001058                __malloc_sbrk_base
 .data.__malloc_trim_threshold
                0x2000105c        0x4 C:/Users/david/scoop/apps/gcc-arm-none-eabi/15.2.rel1/bin/../lib/gcc/arm-none-eabi/15.2.1/../../../../arm-none-eabi/lib/thumb/v6-m/nofp\libg.a(libc_a-mallocr.o)
                0x2000105c                __malloc_trim_threshold
 .data.__malloc_av_
                0x20001060      0x408 C:/Users/david/scoop/apps/gcc-arm-none-eabi/15.2.rel1/bin/../lib/gcc/arm-none-eabi/15.2.1/../../../../arm-none-eabi/lib/thumb/v6-m/nofp\libg.a(libc_a-mallocr.o)
                0x20001060                __malloc_av_
 .data.__sglue  0x20001468        0xc C:/Users/david/scoop/apps/gcc-arm-none-eabi/15.2.rel1/bin/../lib/gcc/arm-none-eabi/15.2.1/../../../../arm-none-eabi/lib/thumb/v6-m/nofp\libg.a(libc_a-findfp.o)
                0x20001468                __sglue
 .data._impure_ptr
                0x20001474        0x4 C:/Users/david/scoop/apps/gcc-arm-none-eabi/15.2.rel1/bin/../lib/gcc/arm-none-eabi/15.2.1/../../../../arm-none-eabi/lib/thumb/v6-m/nofp\libg.a(libc_a-impure.o)
                0x20001474                _impure_ptr
 .data._impure_data
                0x20001478      0x200 C:/Users/david/scoop/apps/gcc-arm-none-eabi/15.2.rel1/bin/../lib/gcc/arm-none-eabi/15.2.1/../../../../arm-none-eabi/lib/thumb/v6-m/nofp\libg.a(libc_a-impure.o)
                0x20001478                _impure_data
                0x20001678                        . = ALIGN (0x4)
 *(.after_data.*)
                0x20001678                        . = ALIGN (0x4)
                0x20001678                        PROVIDE (__mutex_array_start = .)
 *(SORT_BY_NAME(.mutex_array.*))
 *(.mutex_array)
 .mutex_array   0x20001678        0x8 CMakeFiles/pico_oscilloscope.dir/C_/pico/pico-sdk/src/rp2_common/pico_stdio/stdio.c.obj
                0x20001680                        PROVIDE (__mutex_array_end = .)
                0x20001680                        . = ALIGN (0x4)
 *(.jcr)
                0x20001680                        . = ALIGN (0x4)

.tm_clone_table
                0x20001680        0x0 load address 0x10007cd8
 .tm_clone_table
                0x20001680        0x0 C:/Users/david/scoop/apps/gcc-arm-none-eabi/15.2.rel1/bin/../lib/gcc/arm-none-eabi/15.2.1/thumb/v6-m/nofp/crtbegin.o
 .tm_clone_table
                0x20001680        0x0 C:/Users/david/scoop/apps/gcc-arm-none-eabi/15.2.rel1/bin/../lib/gcc/arm-none-eabi/15.2.1/thumb/v6-m/nofp/crtend.o

.igot.plt       0x20001680        0x0 load address 0x10007cd8
 .igot.plt      0x20001680        0x0 C:/Users/david/scoop/apps/gcc-arm-none-eabi/15.2.rel1/bin/../lib/gcc/arm-none-eabi/15.2.1/thumb/v6-m/nofp/crtbegin.o

.tdata          0x20001680        0x0 load address 0x10007cd8
                0x20001680                        . = ALIGN (0x4)
 *(.tdata .tdata.* .gnu.linkonce.td.*)
                0x20001680                        __tdata_end = .
                0x20001680                        PROVIDE (__data_end__ = .)
                0x10006718                        __etext = LOADADDR (.data)

.tbss           0x20001680        0x0 load address 0x10007cd8
                0x20001680                        . = ALIGN (0x4)
                0x20001680                        __bss_start__ = .
                0x20001680                        __tls_base = .
 *(.tbss .tbss.* .gnu.linkonce.tb.*)
 *(.tcommon)
                0x20001680                        __tls_end = .

.bss            0x20001680     0x1880 load address 0x10007cd8
                0x20001680                        . = ALIGN (0x4)
                0x20001680                        __tbss_end = .
 *(SORT_BY_ALIGNMENT(SORT_BY_NAME(.bss*)))
 .bss._cdcd_itf
                0x20001680       0xc8 CMakeFiles/pico_oscilloscope.dir/C_/pico/pico-sdk/lib/tinyusb/src/class/cdc/cdc_device.c.obj
 .bss.default_alarm_pool_entries
                0x20001748      0x180 CMakeFiles/pico_oscilloscope.dir/C_/pico/pico-sdk/src/common/pico_time/time.c.obj
 .bss.last_avail_time.1
                0x200018c8        0x8 CMakeFiles/pico_oscilloscope.dir/C_/pico/pico-sdk/src/rp2_common/pico_stdio_usb/stdio_usb.c.obj
 .bss.sd_table  0x200018d0      0x100 CMakeFiles/pico_oscilloscope.dir/C_/pico/pico-sdk/src/rp2_common/pico_double/double_init_rom_rp2040.c.obj
                0x200018d0                sd_table
 .bss.__lock___malloc_recursive_mutex
                0x200019d0        0x1 C:/Users/david/scoop/apps/gcc-arm-none-eabi/15.2.rel1/bin/../lib/gcc/arm-none-eabi/15.2.1/../../../../arm-none-eabi/lib/thumb/v6-m/nofp\libg.a(libc_a-lock.o)
                0x200019d0                __lock___malloc_recursive_mutex
 *fill*         0x200019d1        0x3 
 .bss.__lock___sfp_recursive_mutex
                0x200019d4        0x1 C:/Users/david/scoop/apps/gcc-arm-none-eabi/15.2.rel1/bin/../lib/gcc/arm-none-eabi/15.2.1/../../../../arm-none-eabi/lib/thumb/v6-m/nofp\libg.a(libc_a-lock.o)
                0x200019d4                __lock___sfp_recursive_mutex
 *fill*         0x200019d5        0x3 
 .bss.__malloc_current_mallinfo
                0x200019d8       0x28 C:/Users/david/scoop/apps/gcc-arm-none-eabi/15.2.rel1/bin/../lib/gcc/arm-none-eabi/15.2.1/../../../../arm-none-eabi/lib/thumb/v6-m/nofp\libg.a(libc_a-mallocr.o)
                0x200019d8                __malloc_current_mallinfo
 .bss.__malloc_max_sbrked_mem
                0x20001a00        0x4 C:/Users/david/scoop/apps/gcc-arm-none-eabi/15.2.rel1/bin/../lib/gcc/arm-none-eabi/15.2.1/../../../../arm-none-eabi/lib/thumb/v6-m/nofp\libg.a(libc_a-mallocr.o)
                0x20001a00                __malloc_max_sbrked_mem
 .bss.__malloc_max_total_mem
                0x20001a04        0x4 C:/Users/david/scoop/apps/gcc-arm-none-eabi/15.2.rel1/bin/../lib/gcc/arm-none-eabi/15.2.1/../../../../arm-none-eabi/lib/thumb/v6-m/nofp\libg.a(libc_a-mallocr.o)
                0x20001a04                __malloc_max_total_mem
 .bss.__malloc_top_pad
                0x20001a08        0x4 C:/Users/david/scoop/apps/gcc-arm-none-eabi/15.2.rel1/bin/../lib/gcc/arm-none-eabi/15.2.1/../../../../arm-none-eabi/lib/thumb/v6-m/nofp\libg.a(libc_a-mallocr.o)
                0x20001a08                __malloc_top_pad
 .bss.__sf      0x20001a0c      0x138 C:/Users/david/scoop/apps/gcc-arm-none-eabi/15.2.rel1/bin/../lib/gcc/arm-none-eabi/15.2.1/../../../../arm-none-eabi/lib/thumb/v6-m/nofp\libg.a(libc_a-findfp.o)
                0x20001a0c                __sf
 .bss.__stdio_exit_handler
                0x20001b44        0x4 C:/Users/david/scoop/apps/gcc-arm-none-eabi/15.2.rel1/bin/../lib/gcc/arm-none-eabi/15.2.1/../../../../arm-none-eabi/lib/thumb/v6-m/nofp\libg.a(libc_a-findfp.o)
                0x20001b44                __stdio_exit_handler
 .bss._app_driver
                0x20001b48        0x4 CMakeFiles/pico_oscilloscope.dir/C_/pico/pico-sdk/lib/tinyusb/src/device/usbd.c.obj
 .bss._cdcd_epbuf
                0x20001b4c       0x80 CMakeFiles/pico_oscilloscope.dir/C_/pico/pico-sdk/lib/tinyusb/src/class/cdc/cdc_device.c.obj
 .bss._cdcd_fifo_cfg
                0x20001bcc        0x1 CMakeFiles/pico_oscilloscope.dir/C_/pico/pico-sdk/lib/tinyusb/src/class/cdc/cdc_device.c.obj
 *fill*         0x20001bcd        0x3 
 .bss._ctrl_epbuf
                0x20001bd0       0x40 CMakeFiles/pico_oscilloscope.dir/C_/pico/pico-sdk/lib/tinyusb/src/device/usbd_control.c.obj
 .bss._ctrl_xfer
                0x20001c10       0x14 CMakeFiles/pico_oscilloscope.dir/C_/pico/pico-sdk/lib/tinyusb/src/device/usbd_control.c.obj
 .bss._tusb_rhport_role
                0x20001c24        0x2 CMakeFiles/pico_oscilloscope.dir/C_/pico/pico-sdk/lib/tinyusb/src/tusb.c.obj
                0x20001c24                _tusb_rhport_role
 *fill*         0x20001c26        0x2 
 .bss._ubsd_mutexdef
                0x20001c28        0x8 CMakeFiles/pico_oscilloscope.dir/C_/pico/pico-sdk/lib/tinyusb/src/device/usbd.c.obj
 .bss._usbd_dev
                0x20001c30       0x54 CMakeFiles/pico_oscilloscope.dir/C_/pico/pico-sdk/lib/tinyusb/src/device/usbd.c.obj
 .bss._usbd_mutex
                0x20001c84        0x4 CMakeFiles/pico_oscilloscope.dir/C_/pico/pico-sdk/lib/tinyusb/src/device/usbd.c.obj
 .bss._usbd_q   0x20001c88        0x4 CMakeFiles/pico_oscilloscope.dir/C_/pico/pico-sdk/lib/tinyusb/src/device/usbd.c.obj
 .bss._usbd_qdef_buf
                0x20001c8c       0xc0 CMakeFiles/pico_oscilloscope.dir/C_/pico/pico-sdk/lib/tinyusb/src/device/usbd.c.obj
                0x20001c8c                _usbd_qdef_buf
 .bss._vendord_epbuf
                0x20001d4c       0x80 CMakeFiles/pico_oscilloscope.dir/C_/pico/pico-sdk/lib/tinyusb/src/class/vendor/vendor_device.c.obj
 .bss._vendord_itf
                0x20001dcc      0x24c CMakeFiles/pico_oscilloscope.dir/C_/pico/pico-sdk/lib/tinyusb/src/class/vendor/vendor_device.c.obj
 .bss.boot2_copyout
                0x20002018      0x100 CMakeFiles/pico_oscilloscope.dir/C_/pico/pico-sdk/src/rp2_common/hardware_flash/flash.c.obj
 .bss.chars_available_callback
                0x20002118        0x4 CMakeFiles/pico_oscilloscope.dir/C_/pico/pico-sdk/src/rp2_common/pico_stdio_usb/stdio_usb.c.obj
 .bss.chars_available_param
                0x2000211c        0x4 CMakeFiles/pico_oscilloscope.dir/C_/pico/pico-sdk/src/rp2_common/pico_stdio_usb/stdio_usb.c.obj
 .bss.claimed   0x20002120        0x4 CMakeFiles/pico_oscilloscope.dir/C_/pico/pico-sdk/src/rp2_common/hardware_sync/sync.c.obj
 .bss.claimed   0x20002124        0x1 CMakeFiles/pico_oscilloscope.dir/C_/pico/pico-sdk/src/rp2_common/hardware_timer/timer.c.obj
 *fill*         0x20002125        0x3 
 .bss.configured_freq
                0x20002128       0x28 CMakeFiles/pico_oscilloscope.dir/C_/pico/pico-sdk/src/rp2_common/hardware_clocks/clocks.c.obj
 .bss.desc_str.0
                0x20002150       0x28 CMakeFiles/pico_oscilloscope.dir/C_/pico/pico-sdk/src/rp2_common/pico_stdio_usb/stdio_usb_descriptors.c.obj
 .bss.drivers   0x20002178        0x4 CMakeFiles/pico_oscilloscope.dir/C_/pico/pico-sdk/src/rp2_common/pico_stdio/stdio.c.obj
 .bss.e15_last_sof
                0x2000217c        0x4 CMakeFiles/pico_oscilloscope.dir/C_/pico/pico-sdk/lib/tinyusb/src/portable/raspberrypi/rp2040/rp2040_usb.c.obj
                0x2000217c                e15_last_sof
 .bss.errno     0x20002180        0x4 C:/Users/david/scoop/apps/gcc-arm-none-eabi/15.2.rel1/bin/../lib/gcc/arm-none-eabi/15.2.1/../../../../arm-none-eabi/lib/thumb/v6-m/nofp\libg.a(libc_a-reent.o)
                0x20002180                errno
 .bss.filter    0x20002184        0x4 CMakeFiles/pico_oscilloscope.dir/C_/pico/pico-sdk/src/rp2_common/pico_stdio/stdio.c.obj
 .bss.heap_end.0
                0x20002188        0x4 CMakeFiles/pico_oscilloscope.dir/C_/pico/pico-sdk/src/rp2_common/pico_clib_interface/newlib_interface.c.obj
 .bss.hw_endpoints
                0x2000218c      0x400 CMakeFiles/pico_oscilloscope.dir/C_/pico/pico-sdk/lib/tinyusb/src/portable/raspberrypi/rp2040/dcd_rp2040.c.obj
 .bss.lazy_vsnprintf
                0x2000258c        0x4 CMakeFiles/pico_oscilloscope.dir/C_/pico/pico-sdk/src/rp2_common/pico_printf/printf.c.obj
 .bss.load_value
                0x20002590        0x4 CMakeFiles/pico_oscilloscope.dir/C_/pico/pico-sdk/src/rp2_common/hardware_watchdog/watchdog.c.obj
 .bss.next_buffer_ptr
                0x20002594        0x4 CMakeFiles/pico_oscilloscope.dir/C_/pico/pico-sdk/lib/tinyusb/src/portable/raspberrypi/rp2040/dcd_rp2040.c.obj
 .bss.object.0  0x20002598       0x18 C:/Users/david/scoop/apps/gcc-arm-none-eabi/15.2.rel1/bin/../lib/gcc/arm-none-eabi/15.2.1/thumb/v6-m/nofp/crtbegin.o
 .bss.one_shot_timer_crit_sec
                0x200025b0        0x8 CMakeFiles/pico_oscilloscope.dir/C_/pico/pico-sdk/src/rp2_common/pico_stdio_usb/stdio_usb.c.obj
 .bss.pools     0x200025b8       0x10 CMakeFiles/pico_oscilloscope.dir/C_/pico/pico-sdk/src/common/pico_time/time.c.obj
 .bss.retrieved_id
                0x200025c8        0x8 CMakeFiles/pico_oscilloscope.dir/C_/pico/pico-sdk/src/rp2_common/pico_unique_id/unique_id.c.obj
 .bss.samples   0x200025d0      0x800 CMakeFiles/pico_oscilloscope.dir/main.cpp.obj
                0x200025d0                samples
 .bss.sf_clz_func
                0x20002dd0        0x4 CMakeFiles/pico_oscilloscope.dir/C_/pico/pico-sdk/src/rp2_common/pico_double/double_init_rom_rp2040.c.obj
                0x20002dd0                sf_clz_func
 .bss.sf_table  0x20002dd4      0x100 CMakeFiles/pico_oscilloscope.dir/C_/pico/pico-sdk/src/rp2_common/pico_float/float_init_rom_rp2040.c.obj
                0x20002dd4                sf_table
 .bss.sleep_notifier
                0x20002ed4        0x4 CMakeFiles/pico_oscilloscope.dir/C_/pico/pico-sdk/src/common/pico_time/time.c.obj
 .bss.stdio_usb_mutex
                0x20002ed8        0x8 CMakeFiles/pico_oscilloscope.dir/C_/pico/pico-sdk/src/rp2_common/pico_stdio_usb/stdio_usb.c.obj
 .bss.usbd_serial_str
                0x20002ee0       0x11 CMakeFiles/pico_oscilloscope.dir/C_/pico/pico-sdk/src/rp2_common/pico_stdio_usb/stdio_usb_descriptors.c.obj
 *fill*         0x20002ef1        0x1 
 .bss._claimed  0x20002ef2        0x2 CMakeFiles/pico_oscilloscope.dir/C_/pico/pico-sdk/src/rp2_common/hardware_dma/dma.c.obj
 .bss._app_driver_count
                0x20002ef4        0x1 CMakeFiles/pico_oscilloscope.dir/C_/pico/pico-sdk/lib/tinyusb/src/device/usbd.c.obj
 .bss._sof_enable
                0x20002ef5        0x1 CMakeFiles/pico_oscilloscope.dir/C_/pico/pico-sdk/lib/tinyusb/src/portable/raspberrypi/rp2040/dcd_rp2040.c.obj
 .bss._usbd_queued_setup
                0x20002ef6        0x1 CMakeFiles/pico_oscilloscope.dir/C_/pico/pico-sdk/lib/tinyusb/src/device/usbd.c.obj
 .bss.boot2_copyout_valid
                0x20002ef7        0x1 CMakeFiles/pico_oscilloscope.dir/C_/pico/pico-sdk/src/rp2_common/hardware_flash/flash.c.obj
 .bss.irq_handler_chain_free_slot_head
                0x20002ef8        0x1 CMakeFiles/pico_oscilloscope.dir/C_/pico/pico-sdk/src/rp2_common/hardware_irq/irq.c.obj
 .bss.itf_num   0x20002ef9        0x1 CMakeFiles/pico_oscilloscope.dir/C_/pico/pico-sdk/src/rp2_common/pico_stdio_usb/reset_interface.c.obj
 .bss.low_priority_irq_num
                0x20002efa        0x1 CMakeFiles/pico_oscilloscope.dir/C_/pico/pico-sdk/src/rp2_common/pico_stdio_usb/stdio_usb.c.obj
 .bss.one_shot_timer_pending
                0x20002efb        0x1 CMakeFiles/pico_oscilloscope.dir/C_/pico/pico-sdk/src/rp2_common/pico_stdio_usb/stdio_usb.c.obj
 .bss.user_irq_claimed
                0x20002efc        0x1 CMakeFiles/pico_oscilloscope.dir/C_/pico/pico-sdk/src/rp2_common/hardware_irq/irq.c.obj
 *(COMMON)
                0x20002f00                        . = ALIGN (0x4)
 *fill*         0x20002efd        0x3 